Set parameter WLSAccessID
Set parameter WLSSecret
Set parameter LicenseID to value 2669763
Academic license 2669763 - for non-commercial use only - registered to bg___@id.uff.br
/home/bernardo/Documentos/programs/fedhpc/src/fedhpc/data.py:244: UserWarning: Running jobs for type 2 exceed capacity 512; excess entries are ignored.
  inst.build()
/home/bernardo/Documentos/programs/fedhpc/src/fedhpc/data.py:244: UserWarning: Running jobs for type 1 exceed capacity 406; excess entries are ignored.
  inst.build()
/home/bernardo/Documentos/programs/fedhpc/src/fedhpc/data.py:244: UserWarning: Running jobs for type 3 exceed capacity 448; excess entries are ignored.
  inst.build()
jobs=3340 types=28  time_budget=14400.0s  per_solve_time_limit=3600.0s  n_seed_retries=2  checkpoint=pareto_runs/pos_congestion_10min_map_checkpoint.json
Set parameter OutputFlag to value 1
Set parameter TimeLimit to value 3600
Gurobi Optimizer version 13.0.1 build v13.0.1rc0 (linux64 - "CachyOS")

CPU model: Intel(R) Core(TM) i7-14700KF, instruction set [SSE2|AVX|AVX2]
Thread count: 28 physical cores, 28 logical processors, using up to 28 threads

Non-default parameters:
TimeLimit  3600
IntFeasTol  1e-09
MIPGap  1e-09

Academic license 2669763 - for non-commercial use only - registered to bg___@id.uff.br
Optimize a model with 11433 rows, 24760192 columns and 95493432 nonzeros (Min)
Model fingerprint: 0x5f52f915
Model has 24752128 linear objective coefficients
Variable types: 0 continuous, 24760192 integer (24752128 binary)
Coefficient statistics:
  Matrix range     [6e-04, 4e+02]
  Objective range  [1e+00, 3e+02]
  Bounds range     [1e+00, 1e+00]
  RHS range        [1e+00, 1e+09]

Presolve removed 29 rows and 28 columns (presolve time = 6s)...
Presolve removed 29 rows and 28 columns (presolve time = 10s)...
Presolve removed 185 rows and 184 columns (presolve time = 16s)...
Presolve removed 185 rows and 184 columns (presolve time = 20s)...
Presolve removed 185 rows and 184 columns (presolve time = 25s)...
Presolve removed 185 rows and 37758 columns (presolve time = 30s)...
Presolve removed 185 rows and 37758 columns (presolve time = 35s)...
Presolve removed 185 rows and 37758 columns (presolve time = 40s)...
Presolve removed 185 rows and 37758 columns (presolve time = 45s)...
Presolve removed 185 rows and 37758 columns (presolve time = 50s)...
Presolve removed 185 rows and 37758 columns (presolve time = 55s)...
Presolve removed 185 rows and 37758 columns (presolve time = 60s)...
Presolve removed 185 rows and 37758 columns (presolve time = 66s)...
Presolve removed 185 rows and 37758 columns (presolve time = 71s)...
Presolve removed 185 rows and 37758 columns (presolve time = 75s)...
Presolve removed 185 rows and 37758 columns
Presolve time: 75.48s
Presolved: 11248 rows, 24722434 columns, 74157746 nonzeros
Variable types: 0 continuous, 24722434 integer (24714554 binary)
Found heuristic solution: objective 826126.67000
Deterministic concurrent LP optimizer: primal simplex, dual simplex, and barrier
Showing barrier log only...

Root barrier log...

Ordering time: 0.26s

Barrier statistics:
 AA' NZ     : 5.563e+06
 Factor NZ  : 8.345e+06 (roughly 2.0 GB of memory)
 Factor Ops : 1.707e+10 (less than 1 second per iteration)
 Threads    : 26

                  Objective                Residual
Iter       Primal          Dual         Primal    Dual     Compl     Time
   0   1.13266418e+13 -9.91315576e+10  5.30e+06 0.00e+00  1.92e+06   189s
   1   4.63439510e+12 -3.39321191e+10  2.29e+06 9.89e+02  8.58e+05   190s
   2   6.17211174e+11 -2.77977324e+09  3.41e+05 7.19e+01  1.27e+05   191s

Barrier performed 2 iterations in 191.24 seconds (395.00 work units)
Barrier solve interrupted - model solved by another algorithm

Concurrent spin time: 3.37s (can be avoided by choosing Method=3)

Solved with dual simplex

Root simplex log...

Iteration    Objective       Primal Inf.    Dual Inf.      Time
    2029    4.4163670e+04   0.000000e+00   0.000000e+00    192s

Use crossover to convert LP symmetric solution to basic solution...

Root crossover log...

    3067 DPushes remaining with DInf 0.0000000e+00               193s
       0 DPushes remaining with DInf 0.0000000e+00               193s

   24777 PPushes remaining with PInf 0.0000000e+00               193s
       0 PPushes remaining with PInf 0.0000000e+00               194s

  Push phase complete: Pinf 0.0000000e+00, Dinf 0.0000000e+00    194s


Root simplex log...

Iteration    Objective       Primal Inf.    Dual Inf.      Time
   29768    4.4163670e+04   0.000000e+00   0.000000e+00    194s
Crossover time: 1.13 seconds (1.85 work units)

Root relaxation: objective 4.416367e+04, 29768 iterations, 35.20 seconds (55.83 work units)

    Nodes    |    Current Node    |     Objective Bounds      |     Work
 Expl Unexpl |  Obj  Depth IntInf | Incumbent    BestBd   Gap | It/Node Time

*    0     0               0    44163.670000 44163.6700  0.00%     -  194s

Explored 1 nodes (29768 simplex iterations) in 194.87 seconds (397.28 work units)
Thread count was 28 (of 28 available processors)

Solution count 2: 44163.7 826127 

Optimal solution found (tolerance 1.00e-09)
Best objective 4.416367000000e+04, best bound 4.416367000000e+04, gap 0.0000%
Set parameter Seed to value 0
Gurobi Optimizer version 13.0.1 build v13.0.1rc0 (linux64 - "CachyOS")

CPU model: Intel(R) Core(TM) i7-14700KF, instruction set [SSE2|AVX|AVX2]
Thread count: 28 physical cores, 28 logical processors, using up to 28 threads

Non-default parameters:
TimeLimit  3600
IntFeasTol  1e-09
MIPGap  1e-09

Academic license 2669763 - for non-commercial use only - registered to bg___@id.uff.br
Optimize a model with 11434 rows, 24760192 columns and 120245560 nonzeros (Min)
Model fingerprint: 0x40f262b1
Model has 21220920 linear objective coefficients
Variable types: 0 continuous, 24760192 integer (24752128 binary)
Coefficient statistics:
  Matrix range     [6e-04, 4e+02]
  Objective range  [6e-04, 4e+02]
  Bounds range     [1e+00, 1e+00]
  RHS range        [1e+00, 1e+09]

Loaded MIP start from previous solve with objective 3671.99

Presolve removed 29 rows and 28 columns (presolve time = 5s)...
Presolve removed 29 rows and 28 columns (presolve time = 11s)...
Presolve removed 29 rows and 28 columns (presolve time = 16s)...
Presolve removed 185 rows and 184 columns (presolve time = 21s)...
Presolve removed 185 rows and 184 columns (presolve time = 25s)...
Presolve removed 185 rows and 184 columns (presolve time = 30s)...
Presolve removed 185 rows and 184 columns (presolve time = 35s)...
Presolve removed 185 rows and 36800 columns (presolve time = 41s)...
Presolve removed 185 rows and 36800 columns (presolve time = 46s)...
Presolve removed 185 rows and 36800 columns (presolve time = 51s)...
Presolve removed 185 rows and 36800 columns (presolve time = 55s)...
Presolve removed 185 rows and 36800 columns (presolve time = 61s)...
Presolve removed 185 rows and 36800 columns (presolve time = 66s)...
Presolve removed 185 rows and 36800 columns (presolve time = 70s)...
Presolve removed 185 rows and 36800 columns (presolve time = 76s)...
Presolve removed 185 rows and 36800 columns (presolve time = 82s)...
Presolve removed 185 rows and 36800 columns (presolve time = 85s)...
Presolve removed 185 rows and 36800 columns (presolve time = 90s)...
Presolve removed 185 rows and 36800 columns (presolve time = 95s)...
Presolve removed 185 rows and 36800 columns (presolve time = 100s)...
Presolve removed 185 rows and 36800 columns (presolve time = 105s)...
Presolve removed 185 rows and 36800 columns (presolve time = 111s)...
Presolve removed 185 rows and 36800 columns
Presolve time: 110.81s
Presolved: 11249 rows, 24723392 columns, 98864977 nonzeros
Variable types: 0 continuous, 24723392 integer (24715512 binary)
Deterministic concurrent LP optimizer: primal simplex, dual simplex, and barrier
Showing barrier log only...

Root barrier log...

Ordering time: 1.34s

Barrier statistics:
 AA' NZ     : 2.643e+07
 Factor NZ  : 6.075e+07 (roughly 10.0 GB of memory)
 Factor Ops : 4.282e+11 (roughly 1 second per iteration)
 Threads    : 26

                  Objective                Residual
Iter       Primal          Dual         Primal    Dual     Compl     Time
   0   8.16061818e+09 -2.58621857e+07  2.59e+11 1.39e-17  6.43e+02   155s
   1   6.66681151e+09 -2.47261652e+07  2.14e+11 4.20e-02  5.34e+02   160s
   2   5.21922364e+09 -2.08673227e+07  1.69e+11 3.44e-02  4.27e+02   167s
   3   3.00594036e+09 -8.67752319e+06  9.86e+10 6.88e-03  2.53e+02   176s
   4   7.36206364e+08 -5.04130293e+06  2.44e+10 2.98e-03  6.34e+01   184s
   5   3.20473552e+08 -2.96267753e+06  1.07e+10 9.70e-04  2.78e+01   191s
   6   2.47406548e+08 -2.19399845e+06  8.25e+09 5.24e-04  2.16e+01   197s
   7   1.46947055e+08 -1.62480090e+06  4.92e+09 2.62e-13  1.30e+01   202s

Barrier performed 7 iterations in 202.46 seconds (519.89 work units)
Barrier solve interrupted - model solved by another algorithm

Concurrent spin time: 7.10s (can be avoided by choosing Method=3)

Solved with primal simplex

Root simplex log...

Iteration    Objective       Primal Inf.    Dual Inf.      Time
   53395    6.4852560e+02   0.000000e+00   0.000000e+00    203s

Root relaxation: objective 6.485256e+02, 53395 iterations, 84.11 seconds (88.35 work units)

    Nodes    |    Current Node    |     Objective Bounds      |     Work
 Expl Unexpl |  Obj  Depth IntInf | Incumbent    BestBd   Gap | It/Node Time

*    0     0               0     648.5256000  648.52560  0.00%     -  203s

Explored 1 nodes (53395 simplex iterations) in 203.77 seconds (523.87 work units)
Thread count was 28 (of 28 available processors)

Solution count 2: 648.526 3671.99 

Optimal solution found (tolerance 1.00e-09)
Best objective 6.485256000000e+02, best bound 6.485256000000e+02, gap 0.0000%
Set parameter OutputFlag to value 1
Set parameter TimeLimit to value 3600
Gurobi Optimizer version 13.0.1 build v13.0.1rc0 (linux64 - "CachyOS")

CPU model: Intel(R) Core(TM) i7-14700KF, instruction set [SSE2|AVX|AVX2]
Thread count: 28 physical cores, 28 logical processors, using up to 28 threads

Non-default parameters:
TimeLimit  3600
IntFeasTol  1e-09
MIPGap  1e-09

Academic license 2669763 - for non-commercial use only - registered to bg___@id.uff.br
Optimize a model with 11433 rows, 24760192 columns and 95493432 nonzeros (Min)
Model fingerprint: 0x78d8babf
Model has 21220920 linear objective coefficients
Variable types: 0 continuous, 24760192 integer (24752128 binary)
Coefficient statistics:
  Matrix range     [6e-04, 4e+02]
  Objective range  [6e-04, 4e+02]
  Bounds range     [1e+00, 1e+00]
  RHS range        [1e+00, 1e+09]

Presolve removed 29 rows and 28 columns (presolve time = 6s)...
Presolve removed 29 rows and 28 columns (presolve time = 10s)...
Presolve removed 185 rows and 184 columns (presolve time = 15s)...
Presolve removed 185 rows and 184 columns (presolve time = 20s)...
Presolve removed 185 rows and 184 columns (presolve time = 26s)...
Presolve removed 185 rows and 37758 columns (presolve time = 30s)...
Presolve removed 185 rows and 37758 columns (presolve time = 35s)...
Presolve removed 185 rows and 37758 columns (presolve time = 40s)...
Presolve removed 185 rows and 37758 columns (presolve time = 45s)...
Presolve removed 185 rows and 37758 columns (presolve time = 50s)...
Presolve removed 185 rows and 37758 columns (presolve time = 55s)...
Presolve removed 185 rows and 37758 columns (presolve time = 60s)...
Presolve removed 185 rows and 37758 columns (presolve time = 66s)...
Presolve removed 185 rows and 37758 columns (presolve time = 71s)...
Presolve removed 185 rows and 37758 columns (presolve time = 76s)...
Presolve removed 185 rows and 37758 columns
Presolve time: 75.58s
Presolved: 11248 rows, 24722434 columns, 74157746 nonzeros
Variable types: 0 continuous, 24722434 integer (24714554 binary)
Found heuristic solution: objective 209.3899972
Found heuristic solution: objective 209.0068778
Deterministic concurrent LP optimizer: primal simplex, dual simplex, and barrier
Showing barrier log only...

Root barrier log...

Ordering time: 1.39s

Barrier statistics:
 AA' NZ     : 2.639e+07
 Factor NZ  : 6.073e+07 (roughly 10.0 GB of memory)
 Factor Ops : 4.279e+11 (roughly 1 second per iteration)
 Threads    : 26

                  Objective                Residual
Iter       Primal          Dual         Primal    Dual     Compl     Time
   0   3.86001516e+12 -4.40139504e+09  2.58e+08 1.78e-15  2.52e+05   138s

Barrier performed 0 iterations in 137.70 seconds (367.78 work units)
Barrier solve interrupted - model solved by another algorithm

Concurrent spin time: 6.16s (can be avoided by choosing Method=3)

Solved with primal simplex

Root simplex log...

Iteration    Objective       Primal Inf.    Dual Inf.      Time
   20510    0.0000000e+00   0.000000e+00   0.000000e+00    139s

Root relaxation: objective 0.000000e+00, 20510 iterations, 28.93 seconds (43.98 work units)

    Nodes    |    Current Node    |     Objective Bounds      |     Work
 Expl Unexpl |  Obj  Depth IntInf | Incumbent    BestBd   Gap | It/Node Time

*    0     0               0       0.0000000    0.00000  0.00%     -  140s

Explored 1 nodes (20510 simplex iterations) in 141.16 seconds (373.06 work units)
Thread count was 28 (of 28 available processors)

Solution count 3: 0 209.007 209.39 

Optimal solution found (tolerance 1.00e-09)
Best objective 0.000000000000e+00, best bound 0.000000000000e+00, gap 0.0000%
Set parameter Seed to value 0
Gurobi Optimizer version 13.0.1 build v13.0.1rc0 (linux64 - "CachyOS")

CPU model: Intel(R) Core(TM) i7-14700KF, instruction set [SSE2|AVX|AVX2]
Thread count: 28 physical cores, 28 logical processors, using up to 28 threads

Non-default parameters:
TimeLimit  3600
IntFeasTol  1e-09
MIPGap  1e-09

Academic license 2669763 - for non-commercial use only - registered to bg___@id.uff.br
Optimize a model with 11434 rows, 24760192 columns and 116714352 nonzeros (Min)
Model fingerprint: 0x5933dbb9
Model has 24752128 linear objective coefficients
Variable types: 0 continuous, 24760192 integer (24752128 binary)
Coefficient statistics:
  Matrix range     [6e-04, 4e+02]
  Objective range  [1e+00, 3e+02]
  Bounds range     [1e+00, 1e+00]
  RHS range        [1e-04, 1e+09]

Loaded MIP start from previous solve with objective 361407

Presolve removed 1 rows and 0 columns (presolve time = 6s)...
Presolve removed 54 rows and 21220972 columns (presolve time = 10s)...
Presolve removed 6942 rows and 21227836 columns
Presolve time: 10.88s
Presolved: 4492 rows, 3532356 columns, 10595920 nonzeros
Variable types: 0 continuous, 3532356 integer (3531208 binary)
Performing another presolve...
Presolve removed 0 rows and 0 columns (presolve time = 5s)...
Presolve time: 6.29s
Deterministic concurrent LP optimizer: primal simplex, dual simplex, and barrier
Showing barrier log only...

Root barrier log...

Ordering time: 0.14s

Barrier statistics:
 AA' NZ     : 3.793e+06
 Factor NZ  : 5.157e+06 (roughly 1.5 GB of memory)
 Factor Ops : 6.979e+09 (less than 1 second per iteration)
 Threads    : 26

                  Objective                Residual
Iter       Primal          Dual         Primal    Dual     Compl     Time
   0   2.69730732e+13 -4.01045786e+09  6.09e+07 0.00e+00  4.72e+06    24s
   1   9.87843143e+12 -1.73010702e+09  2.25e+07 3.45e+00  1.90e+06    25s
   2   9.43456716e+11 -3.49832292e+08  2.14e+06 7.31e-12  1.85e+05    26s
   3   1.05127273e+10 -2.36948403e+07  2.33e+04 4.22e-12  2.09e+03    26s
   4   1.47307072e+08 -4.23369632e+06  3.24e+02 3.04e-11  2.97e+01    27s
   5   1.84166653e+07 -1.79769225e+06  4.10e+01 2.41e-11  3.92e+00    28s
   6   2.70150765e+06 -6.46032500e+05  5.81e+00 1.60e-11  6.17e-01    28s
   7   6.32299342e+05 -2.95293088e+05  9.06e-01 1.59e-11  1.46e-01    29s
   8   1.94476977e+05 -8.47530561e+04  9.05e-04 1.81e-11  3.95e-02    30s
   9   1.25173386e+05 -8.27940709e+03  2.78e-04 1.55e-11  1.89e-02    30s
  10   9.04026654e+04  3.06867422e+04  1.14e-04 1.64e-11  8.45e-03    31s
  11   8.43505018e+04  3.59298505e+04  9.49e-05 2.18e-11  6.85e-03    31s
  12   7.60966428e+04  3.94158853e+04  6.94e-05 1.98e-11  5.19e-03    31s
  13   6.94574899e+04  4.48579176e+04  4.87e-05 1.88e-11  3.48e-03    32s
  14   6.00658459e+04  4.80654188e+04  2.11e-05 1.94e-11  1.70e-03    32s
  15   5.67368250e+04  4.92232886e+04  1.26e-05 2.19e-11  1.06e-03    33s
  16   5.65811156e+04  4.94776431e+04  1.22e-05 2.76e-11  1.01e-03    33s
  17   5.43629963e+04  5.03402957e+04  6.91e-06 2.02e-11  5.69e-04    34s
  18   5.29186543e+04  5.06673585e+04  3.63e-06 1.91e-11  3.19e-04    34s
  19   5.21996823e+04  5.08470932e+04  2.03e-06 2.36e-11  1.91e-04    35s
  20   5.20777759e+04  5.10097107e+04  1.77e-06 1.84e-11  1.51e-04    35s
  21   5.17385687e+04  5.11855002e+04  1.04e-06 1.49e-11  7.83e-05    36s
  22   5.12655053e+04  5.12423323e+04  2.42e-08 1.33e-11  3.28e-06    36s
  23   5.12516839e+04  5.12516607e+04  1.39e-10 1.38e-11  3.29e-09    36s
  24   5.12516700e+04  5.12516700e+04  4.57e-11 1.45e-11  6.46e-15    37s

Barrier solved model in 24 iterations and 36.69 seconds (63.89 work units)
Optimal objective 5.12516700e+04


Root crossover log...

     989 DPushes remaining with DInf 0.0000000e+00                37s
       0 DPushes remaining with DInf 0.0000000e+00                37s

   71274 PPushes remaining with PInf 0.0000000e+00                37s
       0 PPushes remaining with PInf 0.0000000e+00                38s

  Push phase complete: Pinf 0.0000000e+00, Dinf 2.2026825e-12     38s


Root simplex log...

Iteration    Objective       Primal Inf.    Dual Inf.      Time
   72262    5.1251670e+04   0.000000e+00   0.000000e+00     38s
Crossover time: 0.93 seconds (1.13 work units)
Concurrent spin time: 4.96s (can be avoided by choosing Method=3)

Solved with barrier

Root relaxation: objective 5.125167e+04, 72262 iterations, 17.74 seconds (17.29 work units)
Total elapsed time = 37.75s (DegenMoves)

    Nodes    |    Current Node    |     Objective Bounds      |     Work
 Expl Unexpl |  Obj  Depth IntInf | Incumbent    BestBd   Gap | It/Node Time

     0     0 51251.6700    0   72 361406.670 51251.6700  85.8%     -   66s
H    0     0                    51251.670000 51251.6700  0.00%     -   69s
     0     0 51251.6700    0   72 51251.6700 51251.6700  0.00%     -   69s

Explored 1 nodes (102768 simplex iterations) in 69.62 seconds (133.70 work units)
Thread count was 28 (of 28 available processors)

Solution count 2: 51251.7 361407 

Optimal solution found (tolerance 1.00e-09)
Best objective 5.125167000000e+04, best bound 5.125167000000e+04, gap 0.0000%
pareto-map: anchor A (min f1)  f1=44163.6700  f2=648.526
pareto-map: anchor B (min f2)  f1=51251.6700  f2=0
Set parameter OutputFlag to value 1
Set parameter TimeLimit to value 3600
Gurobi Optimizer version 13.0.1 build v13.0.1rc0 (linux64 - "CachyOS")

CPU model: Intel(R) Core(TM) i7-14700KF, instruction set [SSE2|AVX|AVX2]
Thread count: 28 physical cores, 28 logical processors, using up to 28 threads

Non-default parameters:
TimeLimit  3600
IntFeasTol  1e-09
MIPGap  1e-09

Academic license 2669763 - for non-commercial use only - registered to bg___@id.uff.br
Optimize a model with 11434 rows, 24760192 columns and 120245560 nonzeros (Min)
Model fingerprint: 0x0f2dcb40
Model has 21220920 linear objective coefficients
Variable types: 0 continuous, 24760192 integer (24752128 binary)
Coefficient statistics:
  Matrix range     [6e-04, 4e+02]
  Objective range  [6e-04, 4e+02]
  Bounds range     [1e+00, 1e+00]
  RHS range        [1e+00, 1e+09]

Presolve removed 29 rows and 28 columns (presolve time = 5s)...
Presolve removed 29 rows and 28 columns (presolve time = 10s)...
Presolve removed 29 rows and 28 columns (presolve time = 15s)...
Presolve removed 185 rows and 184 columns (presolve time = 21s)...
Presolve removed 185 rows and 184 columns (presolve time = 25s)...
Presolve removed 185 rows and 184 columns (presolve time = 30s)...
Presolve removed 185 rows and 184 columns (presolve time = 36s)...
Presolve removed 185 rows and 184 columns (presolve time = 40s)...
Presolve removed 185 rows and 36800 columns (presolve time = 47s)...
Presolve removed 185 rows and 36800 columns (presolve time = 51s)...
Presolve removed 185 rows and 36800 columns (presolve time = 55s)...
Presolve removed 185 rows and 36800 columns (presolve time = 61s)...
Presolve removed 185 rows and 36800 columns (presolve time = 66s)...
Presolve removed 185 rows and 36800 columns (presolve time = 71s)...
Presolve removed 185 rows and 36800 columns (presolve time = 76s)...
Presolve removed 185 rows and 36800 columns (presolve time = 83s)...
Presolve removed 185 rows and 36800 columns (presolve time = 85s)...
Presolve removed 185 rows and 36800 columns (presolve time = 90s)...
Presolve removed 185 rows and 36800 columns (presolve time = 95s)...
Presolve removed 185 rows and 36800 columns (presolve time = 100s)...
Presolve removed 185 rows and 36800 columns (presolve time = 106s)...
Presolve removed 185 rows and 36800 columns (presolve time = 110s)...
Presolve removed 185 rows and 36800 columns
Presolve time: 112.78s
Presolved: 11249 rows, 24723392 columns, 98788107 nonzeros
Variable types: 0 continuous, 24723392 integer (24715512 binary)
Found heuristic solution: objective 51289.864992
Deterministic concurrent LP optimizer: primal simplex, dual simplex, and barrier
Showing barrier log only...

Root barrier log...

Ordering time: 1.33s

Barrier statistics:
 AA' NZ     : 2.643e+07
 Factor NZ  : 6.075e+07 (roughly 10.0 GB of memory)
 Factor Ops : 4.282e+11 (roughly 1 second per iteration)
 Threads    : 26

                  Objective                Residual
Iter       Primal          Dual         Primal    Dual     Compl     Time
   0   1.28284143e+12 -3.27357910e+09  7.85e+11 1.78e-15  1.96e+05   204s
   1   8.44333123e+11 -2.99006714e+09  5.17e+11 2.96e+00  1.26e+05   208s
   2   4.66714888e+11 -3.89034159e+09  2.86e+11 4.30e-01  7.17e+04   215s
   3   3.62231359e+11 -2.61466390e+09  2.22e+11 6.21e-01  5.30e+04   223s
   4   1.25932819e+11 -1.63988542e+09  7.72e+10 2.65e-01  1.88e+04   230s
   5   5.07171699e+10 -7.85006857e+08  3.11e+10 1.40e-01  7.63e+03   236s
   6   3.00147880e+10 -3.50975681e+08  1.85e+10 6.58e-02  4.56e+03   242s
   7   1.91965541e+10 -2.16447392e+08  1.18e+10 4.49e-02  2.93e+03   248s
   8   9.15322917e+09 -1.48710532e+08  5.65e+09 3.35e-02  1.40e+03   255s
   9   3.56836098e+09 -8.81839995e+07  2.21e+09 2.12e-02  5.50e+02   262s
  10   1.13733066e+09 -7.83271415e+07  7.05e+08 1.84e-02  1.77e+02   270s
  11   2.74278651e+08 -6.28240965e+07  1.73e+08 1.43e-02  4.42e+01   278s
  12   1.76109961e+08 -5.27052213e+07  1.12e+08 1.21e-02  2.89e+01   284s
  13   1.15626611e+08 -4.52001083e+07  7.41e+07 1.05e-02  1.93e+01   291s
  14   5.15454690e+07 -3.77349080e+07  3.34e+07 8.48e-03  9.08e+00   299s
  15   4.45067030e+07 -2.81224565e+07  2.91e+07 4.48e-03  7.75e+00   307s
  16   2.12953170e+07 -2.09340265e+07  1.43e+07 2.20e-03  3.95e+00   314s
  17   1.55244841e+07 -1.54813162e+07  1.06e+07 1.64e-12  2.93e+00   322s

Barrier performed 17 iterations in 322.01 seconds (622.28 work units)
Barrier solve interrupted - model solved by another algorithm

Concurrent spin time: 18.15s (can be avoided by choosing Method=3)

Solved with primal simplex

Root simplex log...

Iteration    Objective       Primal Inf.    Dual Inf.      Time
  773093    1.7790278e+02   0.000000e+00   0.000000e+00    322s

Root relaxation: objective 1.779028e+02, 773093 iterations, 153.10 seconds (146.55 work units)

    Nodes    |    Current Node    |     Objective Bounds      |     Work
 Expl Unexpl |  Obj  Depth IntInf | Incumbent    BestBd   Gap | It/Node Time

     0     0  177.90278    0  240 51289.8650  177.90278   100%     -  418s
H    0     0                     177.9956028  177.90278  0.05%     -  603s
     0     0  177.90278    0  496  177.99560  177.90278  0.05%     -  632s
     0     0  177.90278    0   53  177.99560  177.90278  0.05%     -  648s
H    0     0                     177.9857944  177.90278  0.05%     -  648s
H    0     0                     177.9563694  177.90278  0.03%     -  649s
H    0     0                     177.9522083  177.90278  0.03%     -  650s
H    0     0                     177.9346722  177.90278  0.02%     -  651s
H    0     0                     177.9319972  177.90278  0.02%     -  651s
H    0     0                     177.9046528  177.90278  0.00%     -  652s
H    0     0                     177.9043556  177.90278  0.00%     -  652s
     0     0  177.90317    0  134  177.90436  177.90317  0.00%     -  652s
     0     0  177.90317    0   27  177.90436  177.90317  0.00%     -  654s
     0     0  177.90317    0   91  177.90436  177.90317  0.00%     -  655s
H    0     0                     177.9031667  177.90317  0.00%     -  655s
     0     0  177.90317    0   91  177.90317  177.90317  0.00%     -  655s

Cutting planes:
  Gomory: 4
  RLT: 1

Explored 1 nodes (814445 simplex iterations) in 656.66 seconds (1139.68 work units)
Thread count was 28 (of 28 available processors)

Solution count 10: 177.903 177.904 177.905 ... 51289.9

Optimal solution found (tolerance 1.00e-09)
Best objective 1.779031666667e+02, best bound 1.779031666667e+02, gap 0.0000%
Set parameter Seed to value 0
Gurobi Optimizer version 13.0.1 build v13.0.1rc0 (linux64 - "CachyOS")

CPU model: Intel(R) Core(TM) i7-14700KF, instruction set [SSE2|AVX|AVX2]
Thread count: 28 physical cores, 28 logical processors, using up to 28 threads

Non-default parameters:
TimeLimit  3600
IntFeasTol  1e-09
MIPGap  1e-09

Academic license 2669763 - for non-commercial use only - registered to bg___@id.uff.br
Optimize a model with 11435 rows, 24760192 columns and 141466480 nonzeros (Min)
Model fingerprint: 0x4a072091
Model has 24752128 linear objective coefficients
Variable types: 0 continuous, 24760192 integer (24752128 binary)
Coefficient statistics:
  Matrix range     [6e-04, 4e+02]
  Objective range  [1e+00, 3e+02]
  Bounds range     [1e+00, 1e+00]
  RHS range        [1e+00, 1e+09]

Loaded MIP start from previous solve with objective 47707.7

Presolve removed 29 rows and 28 columns (presolve time = 6s)...
Presolve removed 29 rows and 24723 columns (presolve time = 12s)...
Presolve removed 29 rows and 24723 columns (presolve time = 16s)...
Presolve removed 29 rows and 24723 columns (presolve time = 20s)...
Presolve removed 186 rows and 24880 columns (presolve time = 25s)...
Presolve removed 186 rows and 24880 columns (presolve time = 30s)...
Presolve removed 186 rows and 24880 columns (presolve time = 35s)...
Presolve removed 186 rows and 24880 columns (presolve time = 41s)...
Presolve removed 186 rows and 24880 columns (presolve time = 46s)...
Presolve removed 186 rows and 28394 columns (presolve time = 51s)...
Presolve removed 186 rows and 28394 columns (presolve time = 57s)...
Presolve removed 186 rows and 28394 columns (presolve time = 61s)...
Presolve removed 186 rows and 28394 columns (presolve time = 65s)...
Presolve removed 186 rows and 28394 columns (presolve time = 71s)...
Presolve removed 186 rows and 28394 columns (presolve time = 76s)...
Presolve removed 186 rows and 28394 columns (presolve time = 80s)...
Presolve removed 186 rows and 28394 columns (presolve time = 87s)...
Presolve removed 186 rows and 28394 columns (presolve time = 91s)...
Presolve removed 186 rows and 28394 columns (presolve time = 96s)...
Presolve removed 186 rows and 28394 columns (presolve time = 100s)...
Presolve removed 186 rows and 28394 columns (presolve time = 105s)...
Presolve removed 186 rows and 28394 columns (presolve time = 110s)...
Presolve removed 186 rows and 28394 columns (presolve time = 115s)...
Presolve removed 186 rows and 28394 columns (presolve time = 132s)...
Presolve removed 186 rows and 28394 columns (presolve time = 137s)...
Presolve removed 186 rows and 28394 columns
Presolve time: 137.45s
Presolved: 11249 rows, 24731798 columns, 119941438 nonzeros
Variable types: 0 continuous, 24731798 integer (24723919 binary)
Deterministic concurrent LP optimizer: primal simplex, dual simplex, and barrier
Showing barrier log only...

Root barrier log...

Ordering time: 1.35s

Barrier statistics:
 AA' NZ     : 2.638e+07
 Factor NZ  : 6.073e+07 (roughly 10.0 GB of memory)
 Factor Ops : 4.279e+11 (roughly 1 second per iteration)
 Threads    : 26

                  Objective                Residual
Iter       Primal          Dual         Primal    Dual     Compl     Time
   0   1.31169500e+13 -8.86036455e+09  6.99e+11 3.55e-15  5.61e+05   191s
   1   5.83013306e+12 -8.61652620e+09  3.11e+11 5.91e-12  2.54e+05   197s
   2   1.36962904e+12 -4.79806538e+09  7.30e+10 2.27e-11  5.99e+04   205s
   3   5.75873251e+11 -1.81483644e+09  3.07e+10 4.19e-12  2.54e+04   214s
   4   2.60527781e+11 -9.88791539e+08  1.39e+10 1.32e-11  1.16e+04   222s
   5   1.35143347e+11 -6.70044749e+08  7.21e+09 1.18e-11  6.02e+03   228s
   6   3.47196340e+10 -5.86880971e+08  1.85e+09 1.25e-11  1.56e+03   234s
   7   1.02021692e+10 -3.15722220e+08  5.44e+08 1.09e-11  4.60e+02   241s
   8   3.14021553e+09 -2.77764707e+08  1.67e+08 1.06e-11  1.45e+02   247s
   9   1.20603105e+09 -1.90756255e+08  6.43e+07 1.21e-11  5.76e+01   254s
  10   3.71039235e+08 -1.60274556e+08  1.98e+07 1.50e-11  1.98e+01   263s
  11   2.47119885e+08 -1.30943155e+08  1.32e+07 1.55e-11  1.37e+01   271s
  12   2.06122984e+08 -1.00760846e+08  1.10e+07 1.71e-11  1.13e+01   278s
  13   1.53774020e+08 -8.21952916e+07  8.20e+06 1.64e-11  8.59e+00   284s
  14   8.99183246e+07 -6.70373493e+07  4.79e+06 1.67e-11  5.42e+00   293s
  15   4.79895184e+07 -5.37423664e+07  2.56e+06 1.48e-11  3.27e+00   304s
  16   1.56292909e+06 -8.03367395e+06  8.08e+04 7.85e-12  2.34e-01   313s
  17   4.63701050e+05 -4.18669124e+06  2.22e+04 7.13e-12  1.05e-01   320s
  18   1.64459141e+05 -3.09942222e+06  6.23e+03 1.02e-11  6.96e-02   329s
  19   1.31526432e+05 -1.91572392e+06  4.47e+03 9.84e-12  4.46e-02   336s

Barrier performed 19 iterations in 335.56 seconds (1187.25 work units)
Barrier solve interrupted - model solved by another algorithm

Concurrent spin time: 43.01s (can be avoided by choosing Method=3)

Solved with primal simplex

Root simplex log...

Iteration    Objective       Primal Inf.    Dual Inf.      Time
  620139    4.7707663e+04   0.000000e+00   0.000000e+00    336s

Root relaxation: objective 4.770766e+04, 620139 iterations, 190.63 seconds (180.37 work units)

    Nodes    |    Current Node    |     Objective Bounds      |     Work
 Expl Unexpl |  Obj  Depth IntInf | Incumbent    BestBd   Gap | It/Node Time

     0     0 47707.6628    0  228 47707.6700 47707.6628  0.00%     -  407s
     0     0 47707.6662    0  458 47707.6700 47707.6662  0.00%     -  448s
     0     0     cutoff    0      47707.6700 47707.6700  0.00%     -  462s

Explored 1 nodes (634924 simplex iterations) in 463.14 seconds (1439.38 work units)
Thread count was 28 (of 28 available processors)

Solution count 1: 47707.7 

Optimal solution found (tolerance 1.00e-09)
Best objective 4.770767000000e+04, best bound 4.770767000000e+04, gap 0.0000%
pareto-map: box [44163.6700,51251.6700] (f1, f1<=47708)  → new point f1=47707.6700 f2=177.903
Set parameter OutputFlag to value 1
Set parameter TimeLimit to value 3600
Gurobi Optimizer version 13.0.1 build v13.0.1rc0 (linux64 - "CachyOS")

CPU model: Intel(R) Core(TM) i7-14700KF, instruction set [SSE2|AVX|AVX2]
Thread count: 28 physical cores, 28 logical processors, using up to 28 threads

Non-default parameters:
TimeLimit  3600
IntFeasTol  1e-09
MIPGap  1e-09

Academic license 2669763 - for non-commercial use only - registered to bg___@id.uff.br
Optimize a model with 11434 rows, 24760192 columns and 116714352 nonzeros (Min)
Model fingerprint: 0x8a1657f3
Model has 24752128 linear objective coefficients
Variable types: 0 continuous, 24760192 integer (24752128 binary)
Coefficient statistics:
  Matrix range     [6e-04, 4e+02]
  Objective range  [1e+00, 3e+02]
  Bounds range     [1e+00, 1e+00]
  RHS range        [1e+00, 1e+09]

Presolve removed 1 rows and 0 columns (presolve time = 6s)...
Presolve removed 29 rows and 75 columns (presolve time = 12s)...
Presolve removed 29 rows and 75 columns (presolve time = 15s)...
Presolve removed 185 rows and 231 columns (presolve time = 22s)...
Presolve removed 185 rows and 231 columns (presolve time = 26s)...
Presolve removed 185 rows and 231 columns (presolve time = 30s)...
Presolve removed 185 rows and 231 columns (presolve time = 35s)...
Presolve removed 185 rows and 231 columns (presolve time = 41s)...
Presolve removed 185 rows and 21415 columns (presolve time = 46s)...
Presolve removed 185 rows and 21415 columns (presolve time = 51s)...
Presolve removed 185 rows and 21415 columns (presolve time = 55s)...
Presolve removed 185 rows and 21415 columns (presolve time = 62s)...
Presolve removed 185 rows and 21415 columns (presolve time = 65s)...
Presolve removed 185 rows and 21415 columns (presolve time = 71s)...
Presolve removed 185 rows and 21415 columns (presolve time = 75s)...
Presolve removed 185 rows and 21415 columns (presolve time = 82s)...
Presolve removed 185 rows and 21415 columns (presolve time = 85s)...
Presolve removed 185 rows and 21415 columns (presolve time = 90s)...
Presolve removed 185 rows and 21415 columns (presolve time = 95s)...
Presolve removed 185 rows and 21415 columns (presolve time = 100s)...
Presolve removed 185 rows and 21415 columns (presolve time = 105s)...
Presolve removed 185 rows and 21415 columns (presolve time = 111s)...
Presolve removed 185 rows and 21415 columns
Presolve time: 110.70s
Presolved: 11249 rows, 24738777 columns, 95373684 nonzeros
Variable types: 0 continuous, 24738777 integer (24730897 binary)
Found heuristic solution: objective 850970.67000
Deterministic concurrent LP optimizer: primal simplex, dual simplex, and barrier
Showing barrier log only...

Root barrier log...

Ordering time: 1.31s

Barrier statistics:
 AA' NZ     : 2.643e+07
 Factor NZ  : 6.075e+07 (roughly 10.0 GB of memory)
 Factor Ops : 4.282e+11 (roughly 1 second per iteration)
 Threads    : 26

                  Objective                Residual
Iter       Primal          Dual         Primal    Dual     Compl     Time
   0   1.00610164e+14 -2.79699568e+10  1.41e+11 0.00e+00  2.54e+06   214s
   1   4.31742230e+13 -2.48637572e+10  6.34e+10 1.03e+02  1.13e+06   218s
   2   1.40826123e+13 -1.57578474e+10  2.06e+10 3.14e+01  3.89e+05   223s
   3   2.92323437e+12 -3.64802478e+09  4.67e+09 1.50e+00  8.45e+04   228s
   4   1.69665271e+12 -2.34452499e+09  2.72e+09 2.53e-01  4.97e+04   233s
   5   1.54056244e+12 -2.28052575e+09  2.47e+09 5.10e-12  4.56e+04   237s
   6   1.09344783e+12 -1.08011450e+09  1.75e+09 4.88e-12  3.26e+04   241s
   7   6.89189104e+11 -8.37667345e+08  1.10e+09 4.89e-12  2.06e+04   246s
   8   2.38937006e+11 -4.67011348e+08  3.81e+08 4.62e-12  7.25e+03   252s
   9   8.15968232e+10 -3.35688098e+08  1.29e+08 5.10e-12  2.48e+03   257s
  10   7.06883355e+10 -2.94865374e+08  1.12e+08 6.63e-12  2.15e+03   261s
  11   2.42424555e+10 -2.44753546e+08  3.83e+07 6.51e-12  7.44e+02   264s
  12   6.84700187e+09 -2.09557949e+08  1.09e+07 6.24e-12  2.14e+02   267s

Barrier performed 12 iterations in 267.21 seconds (569.23 work units)
Barrier solve interrupted - model solved by another algorithm

Concurrent spin time: 19.66s (can be avoided by choosing Method=3)

Solved with dual simplex

Root simplex log...

Iteration    Objective       Primal Inf.    Dual Inf.      Time
  124856    4.5623653e+04   0.000000e+00   0.000000e+00    268s

Root relaxation: objective 4.562365e+04, 124856 iterations, 92.43 seconds (110.79 work units)

    Nodes    |    Current Node    |     Objective Bounds      |     Work
 Expl Unexpl |  Obj  Depth IntInf | Incumbent    BestBd   Gap | It/Node Time

     0     0 45623.6527    0   16 850970.670 45623.6527  94.6%     -  313s
H    0     0                    45623.670000 45623.6527  0.00%     -  320s
     0     0 45623.6527    0   20 45623.6700 45623.6527  0.00%     -  360s
     0     0 45623.6527    0   36 45623.6700 45623.6527  0.00%     -  373s
     0     0 45623.6527    0   39 45623.6700 45623.6527  0.00%     -  373s
     0     0 45623.6528    0  106 45623.6700 45623.6528  0.00%     -  373s
     0     0 45623.6528    0   39 45623.6700 45623.6528  0.00%     -  373s
     0     0 45623.6528    0   41 45623.6700 45623.6528  0.00%     -  373s
     0     0 45623.6528    0   41 45623.6700 45623.6528  0.00%     -  373s
     0     0 45623.6528    0   41 45623.6700 45623.6528  0.00%     -  374s
     0     2 45623.6528    0   30 45623.6700 45623.6528  0.00%     -  374s
    59    89 45623.6528    6  151 45623.6700 45623.6528  0.00%  45.2  375s
  1071  2260 45623.6528   32  146 45623.6700 45623.6528  0.00%  29.4  380s
  3858  5824 45623.6529  104  150 45623.6700 45623.6528  0.00%  34.9  388s
  5851  7169 45623.6529  163  154 45623.6700 45623.6528  0.00%  36.8  391s
  7201  8881 45623.6529  198  153 45623.6700 45623.6528  0.00%  37.7  395s
 10273 12378 45623.6532  274  128 45623.6700 45623.6528  0.00%  39.8  402s
 12427 13811 45623.6681  380  137 45623.6700 45623.6528  0.00%  40.2  405s
 13878 13129 45623.6633  192   58 45623.6700 45623.6535  0.00%  40.3  410s
 14146 13433 45623.6546   18  144 45623.6700 45623.6546  0.00%  45.3  417s
 14323 13664 45623.6546   20  148 45623.6700 45623.6546  0.00%  45.4  420s
 14736 13956 45623.6618   25  140 45623.6700 45623.6546  0.00%  45.1  427s
 15602 14384 45623.6678   35  155 45623.6700 45623.6546  0.00%  44.3  436s
 17020 15220 45623.6607   49  143 45623.6700 45623.6546  0.00%  42.8  449s
 20164 15272 infeasible   56      45623.6700 45623.6566  0.00%  40.3  457s
 22585 15561 45623.6643   37  152 45623.6700 45623.6567  0.00%  38.5  464s
 25218 15501     cutoff   74      45623.6700 45623.6584  0.00%  37.1  470s
 27758 15121 45623.6643   59  144 45623.6700 45623.6586  0.00%  36.0  476s
 30176 14567 45623.6662   34  149 45623.6700 45623.6594  0.00%  35.8  480s
 33495 14307 45623.6643   37  156 45623.6700 45623.6601  0.00%  35.0  488s
 34996 14111 45623.6684   37  164 45623.6700 45623.6604  0.00%  34.9  492s
 36482 13833 45623.6633   31  151 45623.6700 45623.6604  0.00%  34.8  495s
 39630 13173 45623.6625   36  146 45623.6700 45623.6604  0.00%  34.1  503s
 40713 12992 infeasible   33      45623.6700 45623.6605  0.00%  34.0  507s
 42205 12650 45623.6659   37  145 45623.6700 45623.6606  0.00%  34.0  510s
 45307 11768 45623.6623   23  149 45623.6700 45623.6613  0.00%  33.7  518s
 46778 11469     cutoff   53      45623.6700 45623.6617  0.00%  33.7  521s
 48309 11091     cutoff   36      45623.6700 45623.6621  0.00%  33.7  525s
 51234 10492 45623.6623   46  138 45623.6700 45623.6623  0.00%  33.5  532s
 52993 10147     cutoff   33      45623.6700 45623.6623  0.00%  33.2  536s
 54732 10038 45623.6624   60  127 45623.6700 45623.6623  0.00%  33.1  540s
 56613  9837     cutoff   27      45623.6700 45623.6624  0.00%  32.9  550s
 58687  9652     cutoff   39      45623.6700 45623.6624  0.00%  32.8  555s
 60659  9118     cutoff   35      45623.6700 45623.6628  0.00%  32.9  560s
 62890  8961 45623.6662   37  142 45623.6700 45623.6633  0.00%  33.0  565s
 64864  8908     cutoff   40      45623.6700 45623.6636  0.00%  33.0  570s
 66898  8592 45623.6657   18  168 45623.6700 45623.6640  0.00%  32.9  575s
 69140  8594 45623.6643   32  150 45623.6700 45623.6642  0.00%  32.9  581s
 70067  8069     cutoff   32      45623.6700 45623.6643  0.00%  32.9  587s
 73006  7148     cutoff   29      45623.6700 45623.6643  0.00%  32.6  595s
 75651  6661 45623.6662   49  149 45623.6700 45623.6644  0.00%  33.0  602s
 77033  5362     cutoff   34      45623.6700 45623.6649  0.00%  33.1  609s
 79977  4726 45623.6662   23  140 45623.6700 45623.6654  0.00%  33.3  616s
 81485  3347 45623.6662   27  154 45623.6700 45623.6662  0.00%  33.4  624s
 84932  1634     cutoff   31      45623.6700 45623.6662  0.00%  33.3  631s
 87295    31     cutoff   24      45623.6700 45623.6673  0.00%  33.5  636s

Cutting planes:
  Cover: 596
  MIR: 41
  StrongCG: 24
  Flow cover: 63
  Inf proof: 26

Explored 89414 nodes (3127471 simplex iterations) in 645.73 seconds (1130.76 work units)
Thread count was 28 (of 28 available processors)

Solution count 2: 45623.7 850971 

Optimal solution found (tolerance 1.00e-09)
Best objective 4.562367000000e+04, best bound 4.562367000000e+04, gap 0.0000%
Set parameter Seed to value 0
Gurobi Optimizer version 13.0.1 build v13.0.1rc0 (linux64 - "CachyOS")

CPU model: Intel(R) Core(TM) i7-14700KF, instruction set [SSE2|AVX|AVX2]
Thread count: 28 physical cores, 28 logical processors, using up to 28 threads

Non-default parameters:
TimeLimit  3600
IntFeasTol  1e-09
MIPGap  1e-09

Academic license 2669763 - for non-commercial use only - registered to bg___@id.uff.br
Optimize a model with 11435 rows, 24760192 columns and 141466480 nonzeros (Min)
Model fingerprint: 0x3047f751
Model has 21220920 linear objective coefficients
Variable types: 0 continuous, 24760192 integer (24752128 binary)
Coefficient statistics:
  Matrix range     [6e-04, 4e+02]
  Objective range  [6e-04, 4e+02]
  Bounds range     [1e+00, 1e+00]
  RHS range        [1e+00, 1e+09]

Loaded MIP start from previous solve with objective 413.212

Presolve removed 29 rows and 28 columns (presolve time = 6s)...
Presolve removed 29 rows and 75 columns (presolve time = 11s)...
Presolve removed 29 rows and 75 columns (presolve time = 15s)...
Presolve removed 29 rows and 75 columns (presolve time = 21s)...
Presolve removed 185 rows and 231 columns (presolve time = 25s)...
Presolve removed 185 rows and 231 columns (presolve time = 30s)...
Presolve removed 185 rows and 231 columns (presolve time = 35s)...
Presolve removed 185 rows and 231 columns (presolve time = 41s)...
Presolve removed 185 rows and 231 columns (presolve time = 46s)...
Presolve removed 185 rows and 3745 columns (presolve time = 52s)...
Presolve removed 185 rows and 3745 columns (presolve time = 57s)...
Presolve removed 185 rows and 3745 columns (presolve time = 60s)...
Presolve removed 185 rows and 3745 columns (presolve time = 65s)...
Presolve removed 185 rows and 3745 columns (presolve time = 71s)...
Presolve removed 185 rows and 3745 columns (presolve time = 76s)...
Presolve removed 185 rows and 3745 columns (presolve time = 80s)...
Presolve removed 185 rows and 3745 columns (presolve time = 87s)...
Presolve removed 185 rows and 3745 columns (presolve time = 91s)...
Presolve removed 185 rows and 3745 columns (presolve time = 95s)...
Presolve removed 185 rows and 3745 columns (presolve time = 100s)...
Presolve removed 185 rows and 3745 columns (presolve time = 105s)...
Presolve removed 185 rows and 3745 columns (presolve time = 110s)...
Presolve removed 185 rows and 3745 columns (presolve time = 115s)...
Presolve removed 185 rows and 3745 columns (presolve time = 120s)...
Presolve removed 185 rows and 3745 columns (presolve time = 128s)...
Presolve removed 185 rows and 3745 columns (presolve time = 131s)...
Presolve removed 185 rows and 3745 columns
Presolve time: 131.22s
Presolved: 11250 rows, 24756447 columns, 120146769 nonzeros
Variable types: 0 continuous, 24756447 integer (24748567 binary)
Deterministic concurrent LP optimizer: primal simplex, dual simplex, and barrier
Showing barrier log only...

Root barrier log...

Ordering time: 1.38s

Barrier statistics:
 AA' NZ     : 2.644e+07
 Factor NZ  : 6.076e+07 (roughly 10.0 GB of memory)
 Factor Ops : 4.283e+11 (roughly 1 second per iteration)
 Threads    : 26

                  Objective                Residual
Iter       Primal          Dual         Primal    Dual     Compl     Time
   0   8.42492074e+09 -2.58837519e+07  2.66e+11 1.39e-17  6.63e+02   183s
   1   6.35590733e+09 -2.37205252e+07  2.01e+11 6.39e-02  5.07e+02   190s
   2   5.86614728e+09 -2.44088557e+07  1.91e+11 3.56e-02  4.76e+02   198s
   3   4.06661847e+09 -1.72944982e+07  1.34e+11 2.35e-02  3.34e+02   207s
   4   1.21001824e+09 -1.32380000e+07  4.03e+10 1.46e-02  1.02e+02   215s
   5   4.01184821e+08 -1.22394024e+07  1.36e+10 1.26e-02  3.45e+01   225s
   6   8.15330137e+07 -5.48333720e+06  2.82e+09 2.29e-03  7.28e+00   233s
   7   5.91977074e+07 -3.86941841e+06  2.06e+09 2.38e-12  5.36e+00   239s
   8   4.30015779e+07 -3.47295799e+06  1.51e+09 2.91e-12  3.94e+00   246s
   9   3.18960043e+07 -2.31452495e+06  1.13e+09 3.24e-12  2.95e+00   253s
  10   2.20681576e+07 -1.81455367e+06  7.90e+08 2.95e-12  2.08e+00   260s
  11   1.39464647e+07 -1.37551599e+06  5.09e+08 3.55e-12  1.34e+00   267s
  12   6.51990297e+06 -1.00195755e+06  2.47e+08 3.64e-12  6.54e-01   277s
  13   3.56830596e+06 -6.90614995e+05  1.40e+08 3.88e-12  3.68e-01   287s
  14   2.00582656e+06 -4.35704858e+05  8.06e+07 3.15e-12  2.13e-01   294s

Barrier performed 14 iterations in 294.31 seconds (681.72 work units)
Barrier solve interrupted - model solved by another algorithm

Concurrent spin time: 8.09s

Solved with primal simplex

Root relaxation: cutoff, 436567 iterations, 155.57 seconds (151.63 work units)

    Nodes    |    Current Node    |     Objective Bounds      |     Work
 Expl Unexpl |  Obj  Depth IntInf | Incumbent    BestBd   Gap | It/Node Time

     0     0     cutoff    0       413.21171  413.21171  0.00%     -  294s

Explored 1 nodes (436567 simplex iterations) in 295.19 seconds (686.59 work units)
Thread count was 28 (of 28 available processors)

Solution count 1: 413.212 

Optimal solution found (tolerance 1.00e-09)
Best objective 4.132117111111e+02, best bound 4.132117111111e+02, gap 0.0000%
pareto-map: box [44163.6700,47707.6700] (f2, f2<=413.2)  → new point f1=45623.6700 f2=413.212
Set parameter OutputFlag to value 1
Set parameter TimeLimit to value 3600
Gurobi Optimizer version 13.0.1 build v13.0.1rc0 (linux64 - "CachyOS")

CPU model: Intel(R) Core(TM) i7-14700KF, instruction set [SSE2|AVX|AVX2]
Thread count: 28 physical cores, 28 logical processors, using up to 28 threads

Non-default parameters:
TimeLimit  3600
IntFeasTol  1e-09
MIPGap  1e-09

Academic license 2669763 - for non-commercial use only - registered to bg___@id.uff.br
Optimize a model with 11434 rows, 24760192 columns and 120245560 nonzeros (Min)
Model fingerprint: 0xe7c7514d
Model has 21220920 linear objective coefficients
Variable types: 0 continuous, 24760192 integer (24752128 binary)
Coefficient statistics:
  Matrix range     [6e-04, 4e+02]
  Objective range  [6e-04, 4e+02]
  Bounds range     [1e+00, 1e+00]
  RHS range        [1e+00, 1e+09]

Presolve removed 29 rows and 28 columns (presolve time = 5s)...
Presolve removed 29 rows and 28 columns (presolve time = 11s)...
Presolve removed 29 rows and 28 columns (presolve time = 15s)...
Presolve removed 185 rows and 184 columns (presolve time = 21s)...
Presolve removed 185 rows and 184 columns (presolve time = 25s)...
Presolve removed 185 rows and 184 columns (presolve time = 30s)...
Presolve removed 185 rows and 184 columns (presolve time = 35s)...
Presolve removed 185 rows and 36800 columns (presolve time = 41s)...
Presolve removed 185 rows and 36800 columns (presolve time = 45s)...
Presolve removed 185 rows and 36800 columns (presolve time = 50s)...
Presolve removed 185 rows and 36800 columns (presolve time = 55s)...
Presolve removed 185 rows and 36800 columns (presolve time = 61s)...
Presolve removed 185 rows and 36800 columns (presolve time = 66s)...
Presolve removed 185 rows and 36800 columns (presolve time = 70s)...
Presolve removed 185 rows and 36800 columns (presolve time = 75s)...
Presolve removed 185 rows and 36800 columns (presolve time = 81s)...
Presolve removed 185 rows and 36800 columns (presolve time = 85s)...
Presolve removed 185 rows and 36800 columns (presolve time = 90s)...
Presolve removed 185 rows and 36800 columns (presolve time = 95s)...
Presolve removed 185 rows and 36800 columns (presolve time = 101s)...
Presolve removed 185 rows and 36800 columns (presolve time = 106s)...
Presolve removed 185 rows and 36800 columns (presolve time = 111s)...
Presolve removed 185 rows and 36800 columns
Presolve time: 110.92s
Presolved: 11249 rows, 24723392 columns, 98788107 nonzeros
Variable types: 0 continuous, 24723392 integer (24715512 binary)
Found heuristic solution: objective 51289.864992
Deterministic concurrent LP optimizer: primal simplex, dual simplex, and barrier
Showing barrier log only...

Root barrier log...

Ordering time: 1.43s

Barrier statistics:
 AA' NZ     : 2.643e+07
 Factor NZ  : 6.075e+07 (roughly 10.0 GB of memory)
 Factor Ops : 4.282e+11 (roughly 1 second per iteration)
 Threads    : 26

                  Objective                Residual
Iter       Primal          Dual         Primal    Dual     Compl     Time
   0   1.28284143e+12 -3.27357910e+09  7.85e+11 1.78e-15  1.96e+05   201s
   1   8.44333002e+11 -2.99006311e+09  5.17e+11 2.96e+00  1.26e+05   205s
   2   4.66715718e+11 -3.89033925e+09  2.86e+11 4.30e-01  7.17e+04   212s
   3   3.62231888e+11 -2.61465260e+09  2.22e+11 6.21e-01  5.30e+04   221s
   4   1.25945645e+11 -1.63987997e+09  7.72e+10 2.65e-01  1.88e+04   227s
   5   5.07192277e+10 -7.85067481e+08  3.11e+10 1.40e-01  7.63e+03   234s
   6   3.00162729e+10 -3.51008022e+08  1.85e+10 6.58e-02  4.56e+03   239s
   7   1.91966786e+10 -2.16466314e+08  1.18e+10 4.49e-02  2.93e+03   245s
   8   9.15376575e+09 -1.48721254e+08  5.65e+09 3.35e-02  1.40e+03   252s
   9   3.56908669e+09 -8.81856248e+07  2.21e+09 2.12e-02  5.50e+02   259s
  10   1.13738470e+09 -7.83314626e+07  7.05e+08 1.85e-02  1.77e+02   267s
  11   2.74272648e+08 -6.28256551e+07  1.73e+08 1.43e-02  4.42e+01   274s
  12   1.76110673e+08 -5.27075918e+07  1.12e+08 1.21e-02  2.89e+01   280s
  13   1.15628111e+08 -4.52022560e+07  7.41e+07 1.05e-02  1.93e+01   286s
  14   5.15487535e+07 -3.77366842e+07  3.34e+07 8.48e-03  9.08e+00   293s
  15   4.45095406e+07 -2.81238446e+07  2.91e+07 4.48e-03  7.75e+00   302s
  16   2.12942745e+07 -2.09351513e+07  1.43e+07 2.20e-03  3.95e+00   310s
  17   1.56013166e+07 -1.54701969e+07  1.06e+07 1.62e-12  2.94e+00   323s
  18   8.57064641e+06 -1.27236373e+07  6.10e+06 1.59e-12  1.76e+00   333s
  19   5.00245010e+06 -1.10090870e+07  3.70e+06 1.59e-12  1.13e+00   341s
  20   2.68161592e+06 -9.21654248e+06  2.09e+06 1.60e-12  7.03e-01   349s

Barrier performed 20 iterations in 349.43 seconds (653.15 work units)
Barrier solve interrupted - model solved by another algorithm

Concurrent spin time: 17.94s (can be avoided by choosing Method=3)

Solved with primal simplex

Root simplex log...

Iteration    Objective       Primal Inf.    Dual Inf.      Time
  795608    7.0538079e+01   0.000000e+00   0.000000e+00    350s

Root relaxation: objective 7.053808e+01, 795608 iterations, 183.01 seconds (171.94 work units)
Total elapsed time = 350.32s (DegenMoves)

    Nodes    |    Current Node    |     Objective Bounds      |     Work
 Expl Unexpl |  Obj  Depth IntInf | Incumbent    BestBd   Gap | It/Node Time

     0     0   70.53808    0  378 51289.8650   70.53808   100%     -  464s
H    0     0                      70.8413444   70.53808  0.43%     -  633s
H    0     0                      70.5907861   70.53808  0.07%     -  634s
H    0     0                      70.5381778   70.53808  0.00%     -  638s
     0     0     cutoff    0        70.53818   70.53818  0.00%     -  661s

Cutting planes:
  MIR: 1
  StrongCG: 1
  Zero half: 9
  RLT: 1

Explored 1 nodes (809692 simplex iterations) in 661.77 seconds (1146.51 work units)
Thread count was 28 (of 28 available processors)

Solution count 4: 70.5382 70.5908 70.8413 51289.9 

Optimal solution found (tolerance 1.00e-09)
Best objective 7.053817777778e+01, best bound 7.053817777778e+01, gap 0.0000%
Set parameter Seed to value 0
Gurobi Optimizer version 13.0.1 build v13.0.1rc0 (linux64 - "CachyOS")

CPU model: Intel(R) Core(TM) i7-14700KF, instruction set [SSE2|AVX|AVX2]
Thread count: 28 physical cores, 28 logical processors, using up to 28 threads

Non-default parameters:
TimeLimit  3600
IntFeasTol  1e-09
MIPGap  1e-09

Academic license 2669763 - for non-commercial use only - registered to bg___@id.uff.br
Optimize a model with 11435 rows, 24760192 columns and 141466480 nonzeros (Min)
Model fingerprint: 0x48029d6d
Model has 24752128 linear objective coefficients
Variable types: 0 continuous, 24760192 integer (24752128 binary)
Coefficient statistics:
  Matrix range     [6e-04, 4e+02]
  Objective range  [1e+00, 3e+02]
  Bounds range     [1e+00, 1e+00]
  RHS range        [1e+00, 1e+09]

Loaded MIP start from previous solve with objective 49479.7

Presolve removed 29 rows and 28 columns (presolve time = 6s)...
Presolve removed 29 rows and 256210 columns (presolve time = 11s)...
Presolve removed 29 rows and 256210 columns (presolve time = 16s)...
Presolve removed 29 rows and 256210 columns (presolve time = 20s)...
Presolve removed 191 rows and 256372 columns (presolve time = 25s)...
Presolve removed 191 rows and 256372 columns (presolve time = 30s)...
Presolve removed 191 rows and 256372 columns (presolve time = 35s)...
Presolve removed 191 rows and 256372 columns (presolve time = 40s)...
Presolve removed 191 rows and 256372 columns (presolve time = 46s)...
Presolve removed 191 rows and 259886 columns (presolve time = 51s)...
Presolve removed 191 rows and 259886 columns (presolve time = 55s)...
Presolve removed 191 rows and 259886 columns (presolve time = 61s)...
Presolve removed 191 rows and 259886 columns (presolve time = 65s)...
Presolve removed 191 rows and 259886 columns (presolve time = 71s)...
Presolve removed 191 rows and 259886 columns (presolve time = 76s)...
Presolve removed 191 rows and 259886 columns (presolve time = 80s)...
Presolve removed 191 rows and 259886 columns (presolve time = 85s)...
Presolve removed 191 rows and 259886 columns (presolve time = 91s)...
Presolve removed 191 rows and 259886 columns (presolve time = 98s)...
Presolve removed 191 rows and 259886 columns (presolve time = 100s)...
Presolve removed 191 rows and 259886 columns (presolve time = 105s)...
Presolve removed 191 rows and 259886 columns (presolve time = 110s)...
Presolve removed 191 rows and 259886 columns (presolve time = 116s)...
Presolve removed 191 rows and 259886 columns (presolve time = 225s)...
Presolve removed 191 rows and 259886 columns (presolve time = 231s)...
Presolve removed 191 rows and 259886 columns (presolve time = 236s)...
Presolve removed 191 rows and 259886 columns (presolve time = 241s)...
Presolve removed 191 rows and 259886 columns
Presolve time: 244.66s
Presolved: 11244 rows, 24500306 columns, 118781808 nonzeros
Variable types: 0 continuous, 24500306 integer (24492432 binary)
Deterministic concurrent LP optimizer: primal simplex, dual simplex, and barrier
Showing barrier log only...

Root barrier log...

Ordering time: 1.26s

Barrier statistics:
 AA' NZ     : 2.591e+07
 Factor NZ  : 6.048e+07 (roughly 10.0 GB of memory)
 Factor Ops : 4.247e+11 (roughly 1 second per iteration)
 Threads    : 26

                  Objective                Residual
Iter       Primal          Dual         Primal    Dual     Compl     Time
   0   1.26128901e+13 -8.83209996e+09  6.76e+11 3.55e-15  5.45e+05   296s
   1   5.91758863e+12 -8.46132035e+09  3.17e+11 2.84e-12  2.61e+05   303s
   2   1.11130921e+12 -4.56884019e+09  5.96e+10 1.94e-11  4.92e+04   312s
   3   5.13163050e+11 -1.95837817e+09  2.75e+10 1.01e-11  2.29e+04   320s
   4   2.09442862e+11 -1.17513394e+09  1.12e+10 1.05e-11  9.39e+03   327s
   5   1.03908401e+11 -7.85686479e+08  5.57e+09 1.33e-11  4.68e+03   333s
   6   2.10973978e+10 -7.10599966e+08  1.13e+09 1.28e-11  9.64e+02   339s
   7   4.76620501e+09 -5.08203018e+08  2.56e+08 1.36e-11  2.25e+02   346s
   8   1.76829702e+09 -3.50673992e+08  9.48e+07 1.18e-11  8.69e+01   353s
   9   6.11530700e+08 -2.66656890e+08  3.28e+07 1.06e-11  3.32e+01   360s
  10   2.83933393e+08 -2.00968925e+08  1.52e+07 1.26e-11  1.70e+01   369s
  11   2.10976119e+08 -1.68356479e+08  1.13e+07 1.33e-11  1.31e+01   377s
  12   1.38157170e+08 -1.46955984e+08  7.41e+06 1.26e-11  9.34e+00   384s
  13   8.46156379e+07 -1.22342998e+08  4.54e+06 1.37e-11  6.40e+00   390s
  14   5.27938135e+07 -1.07982462e+08  2.83e+06 1.55e-11  4.66e+00   397s
  15   5.23675708e+06 -1.98438774e+07  2.78e+05 7.10e-12  6.58e-01   406s
  16   6.71100504e+05 -6.47775617e+06  3.33e+04 7.12e-12  1.64e-01   418s
  17   2.54655990e+05 -4.96238785e+06  1.10e+04 1.08e-11  1.13e-01   427s
  18   1.58362792e+05 -3.33780040e+06  5.84e+03 1.15e-11  7.53e-02   435s
  19   1.37847272e+05 -2.75907391e+06  4.74e+03 1.10e-11  6.26e-02   441s
  20   1.28487291e+05 -2.15677913e+06  4.24e+03 1.23e-11  5.00e-02   446s

Barrier performed 20 iterations in 445.68 seconds (5182.79 work units)
Barrier solve interrupted - model solved by another algorithm

Concurrent spin time: 28.92s (can be avoided by choosing Method=3)

Solved with primal simplex

Root simplex log...

Iteration    Objective       Primal Inf.    Dual Inf.      Time
  739148    4.9479666e+04   0.000000e+00   0.000000e+00    446s

Root relaxation: objective 4.947967e+04, 739148 iterations, 193.27 seconds (175.31 work units)

    Nodes    |    Current Node    |     Objective Bounds      |     Work
 Expl Unexpl |  Obj  Depth IntInf | Incumbent    BestBd   Gap | It/Node Time

     0     0 49479.6662    0  120 49479.6700 49479.6662  0.00%     -  562s
     0     0     cutoff    0      49479.6700 49479.6700  0.00%     -  563s

Explored 1 nodes (753805 simplex iterations) in 564.13 seconds (5498.41 work units)
Thread count was 28 (of 28 available processors)

Solution count 1: 49479.7 

Optimal solution found (tolerance 1.00e-09)
Best objective 4.947967000000e+04, best bound 4.947967000000e+04, gap 0.0000%
pareto-map: box [47707.6700,51251.6700] (f1, f1<=49480)  → new point f1=49479.6700 f2=70.5382
Set parameter OutputFlag to value 1
Set parameter TimeLimit to value 3600
Gurobi Optimizer version 13.0.1 build v13.0.1rc0 (linux64 - "CachyOS")

CPU model: Intel(R) Core(TM) i7-14700KF, instruction set [SSE2|AVX|AVX2]
Thread count: 28 physical cores, 28 logical processors, using up to 28 threads

Non-default parameters:
TimeLimit  3600
IntFeasTol  1e-09
MIPGap  1e-09

Academic license 2669763 - for non-commercial use only - registered to bg___@id.uff.br
Optimize a model with 11434 rows, 24760192 columns and 116714352 nonzeros (Min)
Model fingerprint: 0xa7887dbc
Model has 24752128 linear objective coefficients
Variable types: 0 continuous, 24760192 integer (24752128 binary)
Coefficient statistics:
  Matrix range     [6e-04, 4e+02]
  Objective range  [1e+00, 3e+02]
  Bounds range     [1e+00, 1e+00]
  RHS range        [1e+00, 1e+09]

Presolve removed 29 rows and 28 columns (presolve time = 5s)...
Presolve removed 29 rows and 28 columns (presolve time = 11s)...
Presolve removed 29 rows and 28 columns (presolve time = 16s)...
Presolve removed 185 rows and 184 columns (presolve time = 20s)...
Presolve removed 185 rows and 184 columns (presolve time = 25s)...
Presolve removed 185 rows and 184 columns (presolve time = 30s)...
Presolve removed 185 rows and 184 columns (presolve time = 36s)...
Presolve removed 185 rows and 21368 columns (presolve time = 41s)...
Presolve removed 185 rows and 21368 columns (presolve time = 45s)...
Presolve removed 185 rows and 21368 columns (presolve time = 50s)...
Presolve removed 185 rows and 21368 columns (presolve time = 55s)...
Presolve removed 185 rows and 21368 columns (presolve time = 61s)...
Presolve removed 185 rows and 21368 columns (presolve time = 66s)...
Presolve removed 185 rows and 21368 columns (presolve time = 73s)...
Presolve removed 185 rows and 21368 columns (presolve time = 76s)...
Presolve removed 185 rows and 21368 columns (presolve time = 80s)...
Presolve removed 185 rows and 21368 columns (presolve time = 85s)...
Presolve removed 185 rows and 21368 columns (presolve time = 90s)...
Presolve removed 185 rows and 21368 columns (presolve time = 96s)...
Presolve removed 185 rows and 21368 columns (presolve time = 101s)...
Presolve removed 185 rows and 21368 columns (presolve time = 106s)...
Presolve removed 185 rows and 21368 columns
Presolve time: 106.16s
Presolved: 11249 rows, 24738824 columns, 95373872 nonzeros
Variable types: 0 continuous, 24738824 integer (24730944 binary)
Found heuristic solution: objective 851018.67000
Deterministic concurrent LP optimizer: primal simplex, dual simplex, and barrier
Showing barrier log only...

Root barrier log...

Ordering time: 1.39s

Barrier statistics:
 AA' NZ     : 2.643e+07
 Factor NZ  : 6.075e+07 (roughly 10.0 GB of memory)
 Factor Ops : 4.282e+11 (roughly 1 second per iteration)
 Threads    : 26

                  Objective                Residual
Iter       Primal          Dual         Primal    Dual     Compl     Time
   0   1.00597967e+14 -2.79699302e+10  1.41e+11 0.00e+00  2.54e+06   211s
   1   4.25791023e+13 -2.50272255e+10  6.26e+10 1.04e+02  1.12e+06   216s
   2   1.07026860e+13 -1.69945675e+10  1.66e+10 3.94e+01  3.04e+05   221s
   3   2.57596145e+12 -3.06203898e+09  4.25e+09 5.66e-12  7.60e+04   228s
   4   1.47324777e+12 -2.10357574e+09  2.43e+09 3.86e-12  4.40e+04   234s
   5   1.18824892e+12 -2.41028044e+09  1.96e+09 7.87e-12  3.63e+04   238s
   6   1.06824427e+12 -1.53039460e+09  1.76e+09 5.68e-12  3.28e+04   242s
   7   7.15458702e+11 -1.44903899e+09  1.18e+09 6.11e-12  2.20e+04   247s
   8   4.49279336e+11 -1.40921670e+09  7.40e+08 5.66e-12  1.38e+04   250s
   9   2.36378311e+11 -6.30230932e+08  3.88e+08 2.73e-12  7.33e+03   255s
  10   8.70310025e+10 -4.47184122e+08  1.42e+08 2.51e-12  2.71e+03   261s
  11   3.32466655e+10 -3.67340953e+08  5.37e+07 3.27e-12  1.04e+03   265s
  12   9.51368452e+09 -3.16210089e+08  1.54e+07 3.45e-12  3.03e+02   268s
  13   6.03935099e+09 -2.85949948e+08  9.86e+06 3.96e-12  1.95e+02   272s
  14   3.90156320e+09 -2.68953931e+08  6.42e+06 3.40e-12  1.28e+02   275s

Barrier performed 14 iterations in 275.45 seconds (565.01 work units)
Barrier solve interrupted - model solved by another algorithm

Concurrent spin time: 29.21s (can be avoided by choosing Method=3)

Solved with dual simplex

Root simplex log...

Iteration    Objective       Primal Inf.    Dual Inf.      Time
  132749    4.4868335e+04   0.000000e+00   0.000000e+00    276s

Root relaxation: objective 4.486833e+04, 132749 iterations, 103.64 seconds (120.13 work units)

    Nodes    |    Current Node    |     Objective Bounds      |     Work
 Expl Unexpl |  Obj  Depth IntInf | Incumbent    BestBd   Gap | It/Node Time

     0     0 44868.3348    0   19 851018.670 44868.3348  94.7%     -  330s
H    0     0                    44868.670000 44868.3348  0.00%     -  397s
     0     0 44868.3364    0  566 44868.6700 44868.3364  0.00%     -  419s
     0     0 44868.3364    0    4 44868.6700 44868.3364  0.00%     -  433s
     0     0 44868.3364    0   23 44868.6700 44868.3364  0.00%     -  433s
     0     0 44868.3364    0  105 44868.6700 44868.3364  0.00%     -  433s
     0     0 44868.3364    0  109 44868.6700 44868.3364  0.00%     -  434s
     0     0 44868.3364    0  123 44868.6700 44868.3364  0.00%     -  434s
     0     0 44868.3364    0   12 44868.6700 44868.3364  0.00%     -  434s
     0     0 44868.3364    0   67 44868.6700 44868.3364  0.00%     -  434s
     0     0 44868.3364    0  121 44868.6700 44868.3364  0.00%     -  434s
     0     0 44868.3364    0   28 44868.6700 44868.3364  0.00%     -  435s
     0     0 44868.3367    0  104 44868.6700 44868.3367  0.00%     -  435s
     0     0 44868.3367    0   32 44868.6700 44868.3367  0.00%     -  435s
     0     0 44868.3367    0   32 44868.6700 44868.3367  0.00%     -  435s
     0     0 44868.3367    0   23 44868.6700 44868.3367  0.00%     -  436s
     0     2 44868.3367    0   20 44868.6700 44868.3367  0.00%     -  436s
   423  1177 44868.3375   18  149 44868.6700 44868.3375  0.00%  43.7  442s
  1176  2349 44868.3375   35  159 44868.6700 44868.3375  0.00%  38.0  448s
  2348  3576 44868.3375   66  155 44868.6700 44868.3375  0.00%  44.0  454s
  3575  5016 44868.3375  100  149 44868.6700 44868.3375  0.00%  45.4  461s
  5015  7066 44868.3375  136  124 44868.6700 44868.3375  0.00%  45.5  468s
  7065  9154 44868.3375  221  147 44868.6700 44868.3375  0.00%  45.8  475s
  9153 10483 44868.3375  272  126 44868.6700 44868.3375  0.00%  45.7  481s
 10482 12389 44868.3375  304  149 44868.6700 44868.3375  0.00%  45.9  487s
 12388 13936 44868.3375  355  133 44868.6700 44868.3375  0.00%  46.0  493s
 13936 13240 44868.3375  314  566 44868.6700 44868.3375  0.00%  46.1  495s
 13950 13249 44868.3812  378   40 44868.6700 44868.3812  0.00%  46.0  500s
 14011 13353 44868.3882   18  169 44868.6700 44868.3882  0.00%  50.7  506s
 14214 13687 44868.3896   23  164 44868.6700 44868.3885  0.00%  50.9  516s
 14475 14298 44868.3943   26  166 44868.6700 44868.3885  0.00%  51.1  528s
 15173 15450 44868.3913   36  162 44868.6700 44868.3885  0.00%  50.8  553s
 16557 18120 44868.3913   56  132 44868.6700 44868.3885  0.00%  49.3  577s
 19982 19686 44868.3913   86  132 44868.6700 44868.3885  0.00%  46.5  599s
 22844 22252 44868.3913  110  138 44868.6700 44868.3886  0.00%  44.2  617s
 26521 23652 44868.3913  132  134 44868.6700 44868.3889  0.00%  40.7  629s
 29263 26103 44868.3913  147  134 44868.6700 44868.3889  0.00%  38.8  642s
 32727 26682 44868.3913  171  137 44868.6700 44868.3889  0.00%  36.8  649s
 34531 28305 44868.3913  179  137 44868.6700 44868.3889  0.00%  35.7  655s
 36815 29046 44868.3913  188  137 44868.6700 44868.3889  0.00%  34.4  660s
 38444 30217 44868.3936  196  134 44868.6700 44868.3889  0.00%  33.6  665s
 40228 31445 44868.3913  205  134 44868.6700 44868.3890  0.00%  32.9  671s
 42056 31694 44868.3913  215  138 44868.6700 44868.3890  0.00%  32.3  677s
 42922 32467 44868.3913  221  123 44868.6700 44868.3890  0.00%  32.1  683s
 44021 33338 44868.3913  228  132 44868.6700 44868.3890  0.00%  31.9  690s
 45291 34665 44868.3913  235  138 44868.6700 44868.3890  0.00%  31.8  695s
 47112 35437 44868.3913  243  132 44868.6700 44868.3890  0.00%  31.3  700s
 48611 36796 44868.3913  252  129 44868.6700 44868.3890  0.00%  31.2  706s
 50587 37922 44868.3917  269  144 44868.6700 44868.3890  0.00%  31.0  712s
 52503 38181 44868.3941  284  149 44868.6700 44868.3892  0.00%  30.8  717s
 53423 39800 44868.3941  288  146 44868.6700 44868.3892  0.00%  30.9  722s
 55385 42680 44868.3945  295  149 44868.6700 44868.3892  0.00%  30.5  729s
 58457 40547 44868.5524 1134  566 44868.6700 44868.3892  0.00%  29.7  742s
 58465 40552 44868.4049  659  157 44868.6700 44868.3892  0.00%  29.7  745s
 58473 40558 44868.4106 1555  166 44868.6700 44868.3892  0.00%  29.7  750s
 58480 40562 44868.4106 1524   72 44868.6700 44868.3892  0.00%  29.7  756s
 58485 40566 44868.5223  855  130 44868.6700 44868.3892  0.00%  29.7  761s
 58491 40570 44868.6603  364  156 44868.6700 44868.3892  0.00%  29.7  765s
 58497 40574 44868.4603 1178  183 44868.6700 44868.3892  0.00%  29.7  770s
 58503 40578 44868.6674 1446  186 44868.6700 44868.3893  0.00%  29.7  776s
 58509 40582 44868.4180  323  163 44868.6700 44868.3898  0.00%  29.7  780s
 58515 40586 44868.3988   34  170 44868.6700 44868.3902  0.00%  29.7  785s
 58520 40589 44868.5302 1851  188 44868.6700 44868.3908  0.00%  29.7  790s
 58527 40594 44868.5474 1556  197 44868.6700 44868.3909  0.00%  29.6  797s
 58530 40596 44868.4117 1574  101 44868.6700 44868.3909  0.00%  29.6  800s
 58534 40598 44868.4408  187   84 44868.6700 44868.3911  0.00%  29.6  805s
 58540 40602 44868.4013  422  168 44868.6700 44868.3912  0.00%  29.6  810s
 58547 40607 44868.3998  226  189 44868.6700 44868.3914  0.00%  29.6  817s
 58550 40609 44868.5140   97  100 44868.6700 44868.3915  0.00%  29.6  820s
 58556 40613 44868.4058  133  164 44868.6700 44868.3916  0.00%  29.6  825s
 58561 40616 44868.4013  196  190 44868.6700 44868.3918  0.00%  29.6  830s
 58569 40622 44868.4899 1483  186 44868.6700 44868.3926  0.00%  29.6  835s
 58573 40624 44868.4106 1555  175 44868.6700 44868.3930  0.00%  29.6  840s
 58576 40626 44868.5445 1153  156 44868.6700 44868.3930  0.00%  29.6  845s
 58582 40630 44868.4515 1210  196 44868.6700 44868.3934  0.00%  29.6  851s
 58585 40632 44868.5223  855  101 44868.6700 44868.3935  0.00%  29.6  856s
 58601 40660 44868.3935   28  197 44868.6700 44868.3935  0.00%  32.0  860s
 58645 40712 44868.3944   30  192 44868.6700 44868.3937  0.00%  32.5  865s
 58684 40963 44868.3948   31  200 44868.6700 44868.3937  0.00%  32.6  872s
 58948 41255 44868.3944   34  200 44868.6700 44868.3937  0.00%  33.1  884s
 59328 42203 44868.3951   37  185 44868.6700 44868.3937  0.00%  33.7  906s
 60402 43304 44868.3983   46  174 44868.6700 44868.3937  0.00%  34.4  937s
 61883 45425 44868.4092   63  165 44868.6700 44868.3937  0.00%  34.5  977s
 64762 48477 44868.4155  115  149 44868.6700 44868.3939  0.00%  34.5 1007s
 68931 50691 44868.4159  178  154 44868.6700 44868.3941  0.00%  34.1 1028s
 72616 52721 44868.4161  220  154 44868.6700 44868.3942  0.00%  33.5 1045s
 75917 54241 44868.4162  252  152 44868.6700 44868.3942  0.00%  33.0 1060s
 78690 55780 44868.4162  272  156 44868.6700 44868.3942  0.00%  32.6 1073s
 81236 56565 44868.4166  303  145 44868.6700 44868.3942  0.00%  32.4 1084s
 82958 57905 44868.4166  313  146 44868.6700 44868.3942  0.00%  32.4 1095s
 85118 58282 44868.4166  333  140 44868.6700 44868.3942  0.00%  32.4 1106s
 86358 60558 44868.4167  350  142 44868.6700 44868.3943  0.00%  32.5 1120s
 89508 60743 44868.4173  367  141 44868.6700 44868.3943  0.00%  32.5 1126s
 91031 60990 44868.4173  372  143 44868.6700 44868.3948  0.00%  32.4 1132s
 91805 62095 44868.4173  375  143 44868.6700 44868.3948  0.00%  32.4 1139s
 93253 63386 44868.4173  383  143 44868.6700 44868.3951  0.00%  32.5 1147s
 95244 64176 44868.4173  394  143 44868.6700 44868.3951  0.00%  32.4 1154s
 96721 65341 44868.4173  403  143 44868.6700 44868.3951  0.00%  32.4 1161s
 98394 66903 44868.4173  408  143 44868.6700 44868.3951  0.00%  32.2 1168s
 100572 68096 44868.4173  420  143 44868.6700 44868.3951  0.00%  32.0 1177s
 102563 69213 44868.4173  430  143 44868.6700 44868.3951  0.00%  32.1 1185s
 104477 70155 44868.4173  442  143 44868.6700 44868.3951  0.00%  32.1 1194s
 106115 71189 44868.4173  450  143 44868.6700 44868.3951  0.00%  32.2 1203s
 107813 73616 44868.4173  462  143 44868.6700 44868.3951  0.00%  32.3 1213s
 110867 74534 44868.4173  472  143 44868.6700 44868.3951  0.00%  32.1 1222s
 112878 76327 44868.4173  480  143 44868.6700 44868.3951  0.00%  31.9 1232s
 115365 78578 44868.4173  498  143 44868.6700 44868.3951  0.00%  31.9 1248s
 118786 78805 44868.4173  519  143 44868.6700 44868.3956  0.00%  32.3 1260s
 120314 80935 44868.4173  532  143 44868.6700 44868.3956  0.00%  32.6 1272s
 123188 82192 44868.4221  554  143 44868.6700 44868.3958  0.00%  32.8 1288s
 125623 84219 44868.4180  584  148 44868.6700 44868.3959  0.00%  33.0 1303s
 128883 86448 44868.4180  609  149 44868.6700 44868.3964  0.00%  33.3 1319s
 132491 89573 44868.4180  636  149 44868.6700 44868.3964  0.00%  33.4 1334s
 137113 91491 44868.4180  663  149 44868.6700 44868.3968  0.00%  33.4 1349s
 140799 95522 44868.4180  688  149 44868.6700 44868.3973  0.00%  33.4 1362s
 146183 95664 44868.4180  711  149 44868.6700 44868.3973  0.00%  33.0 1379s
 148209 102882 44868.4180  725  149 44868.6700 44868.3973  0.00%  33.0 1411s
 156330 104146 44868.4180  775  149 44868.6700 44868.3973  0.00%  32.7 1422s
 160627 104348 44868.4180  796  149 44868.6700 44868.3973  0.00%  32.5 1432s
 162495 107185 44868.4879  806  151 44868.6700 44868.3973  0.00%  32.4 1444s
 166264 108378 44868.4180  828  150 44868.6700 44868.3975  0.00%  32.4 1457s
 168880 109184 44868.4259  852  137 44868.6700 44868.3977  0.00%  32.5 1466s
 170722 113965 44868.5023  871  139 44868.6700 44868.3977  0.00%  32.4 1478s
 176357 115263 44868.4193  903  141 44868.6700 44868.3978  0.00%  32.1 1493s
 179874 118377 44868.4193  933  141 44868.6700 44868.3978  0.00%  32.0 1506s
 184657 120381 44868.4202  983  138 44868.6700 44868.3981  0.00%  32.0 1516s
 187133 124524 44868.4211 1009  133 44868.6700 44868.3981  0.00%  31.9 1528s
 191395 126923 44868.4234 1063  123 44868.6700 44868.3986  0.00%  31.7 1538s
 193899 129533 44868.4245 1089  135 44868.6700 44868.3986  0.00%  31.6 1547s
 196739 134592 44868.4252 1104  128 44868.6700 44868.3986  0.00%  31.5 1558s
 202006 136704 44868.4274 1139  134 44868.6700 44868.3986  0.00%  31.1 1566s
 204210 140649 44868.4296 1167  134 44868.6700 44868.3986  0.00%  31.1 1582s
 208395 142966 44868.4367 1224  126 44868.6700 44868.3986  0.00%  31.0 1599s
 210987 146284 44868.4451 1262  138 44868.6700 44868.3986  0.00%  31.0 1610s
 214512 150079 44868.4111   40  165 44868.6700 44868.3986  0.00%  30.9 1620s
 218475 154501 44868.4419  191  152 44868.6700 44868.3989  0.00%  30.7 1630s
 223242 157209 44868.4475  611  142 44868.6700 44868.3989  0.00%  30.4 1638s
 226296 159556 44868.4475  714  142 44868.6700 44868.3989  0.00%  30.3 1647s
 228761 162664 44868.4475  802  132 44868.6700 44868.3989  0.00%  30.2 1655s
 232014 168107 44868.4492  935  145 44868.6700 44868.3990  0.00%  30.1 1669s
 237754 171016 44868.5463 1066  141 44868.6700 44868.3990  0.00%  29.8 1676s
 240835 174257 44868.6479 1124  134 44868.6700 44868.3991  0.00%  29.7 1684s
 244263 176703 44868.4422   50  149 44868.6700 44868.3991  0.00%  29.6 1690s
 246913 179420 44868.5346  108  134 44868.6700 44868.3991  0.00%  29.4 1697s
 249749 182087 44868.6336  175  140 44868.6700 44868.3991  0.00%  29.3 1704s
 252595 185280 44868.4200   60  153 44868.6700 44868.3991  0.00%  29.3 1711s
 256092 187646 44868.4323  372  145 44868.6700 44868.3992  0.00%  29.1 1718s
 258691 189792 44868.4381  523  143 44868.6700 44868.3992  0.00%  29.1 1724s
 261042 193568 44868.4433  699  139 44868.6700 44868.3992  0.00%  29.1 1737s
 265207 196383 44868.5160  913  139 44868.6700 44868.3994  0.00%  29.1 1745s
 268227 198670 44868.6268  990  137 44868.6700 44868.3994  0.00%  29.1 1754s
 270723 201180 44868.4679  101  151 44868.6700 44868.3994  0.00%  29.1 1764s
 273549 204613 44868.4883  128  146 44868.6700 44868.3995  0.00%  29.2 1773s
 277185 208007 44868.5268  489  142 44868.6700 44868.3995  0.00%  29.1 1782s
 280780 211554 44868.5268  722  138 44868.6700 44868.3996  0.00%  29.1 1791s
 284489 213150 44868.5272 1037  149 44868.6700 44868.3996  0.00%  29.0 1799s
 286331 214869 44868.5371 1148  143 44868.6700 44868.3996  0.00%  29.1 1808s
 288402 217330 44868.4061   40  172 44868.6700 44868.3997  0.00%  29.3 1820s
 291143 222345 44868.4432   91  144 44868.6700 44868.3997  0.00%  29.4 1834s
 296377 226155     cutoff  193      44868.6700 44868.3998  0.00%  29.4 1843s
 300265 228458 44868.4216   94  156 44868.6700 44868.3998  0.00%  29.3 1851s
 302730 230497 44868.4299  199  153 44868.6700 44868.3998  0.00%  29.2 1859s
 304925 232389 44868.4310  339  147 44868.6700 44868.3998  0.00%  29.3 1868s
 307025 235086 44868.4458  449  143 44868.6700 44868.4000  0.00%  29.3 1877s
 309860 238269 44868.4460  539  134 44868.6700 44868.4000  0.00%  29.4 1886s
 313305 240830 44868.4540  747  147 44868.6700 44868.4000  0.00%  29.4 1895s
 316133 245960 44868.4721  869  142 44868.6700 44868.4000  0.00%  29.3 1908s
 321542 247919 44868.5800  956  139 44868.6700 44868.4001  0.00%  29.2 1915s
 323594 250232 44868.6503  993  135 44868.6700 44868.4001  0.00%  29.2 1925s
 325976 251134 44868.4143   36  186 44868.6700 44868.4001  0.00%  29.2 1933s
 326923 254078 44868.4171   43  162 44868.6700 44868.4001  0.00%  29.2 1941s
 330025 257657 44868.4462  266  151 44868.6700 44868.4001  0.00%  29.2 1950s
 333776 260344 44868.4669  560  151 44868.6700 44868.4002  0.00%  29.1 1957s
 336664 261085 44868.4751  780  137 44868.6700 44868.4002  0.00%  29.1 1966s
 337456 263377 44868.4846  871  127 44868.6700 44868.4002  0.00%  29.1 1975s
 340046 265753 44868.5400  940  142 44868.6700 44868.4002  0.00%  29.1 1983s
 342602 267718 44868.6238 1003  143 44868.6700 44868.4002  0.00%  29.2 1993s
 344909 269401 44868.4174   52  154 44868.6700 44868.4004  0.00%  29.3 2005s
 346782 276386 44868.4256   64  147 44868.6700 44868.4004  0.00%  29.4 2024s
 354224 278424 44868.4390  291  144 44868.6700 44868.4004  0.00%  29.3 2033s
 356383 282733 44868.4390  328  140 44868.6700 44868.4004  0.00%  29.3 2044s
 360891 285649 44868.4390  403  146 44868.6700 44868.4004  0.00%  29.2 2052s
 363994 288276 44868.4391  469  141 44868.6700 44868.4004  0.00%  29.2 2060s
 367048 291149 44868.4708  534  132 44868.6700 44868.4004  0.00%  29.2 2068s
 370204 293669 44868.4830  685  135 44868.6700 44868.4004  0.00%  29.2 2076s
 373305 296947 44868.4966  760  132 44868.6700 44868.4004  0.00%  29.2 2087s
 376751 298829 44868.5804  823  141 44868.6700 44868.4004  0.00%  29.2 2103s
 378957 302099 44868.6418  863  143 44868.6700 44868.4004  0.00%  29.2 2113s
 382615 304084 44868.4132   40  167 44868.6700 44868.4009  0.00%  29.3 2124s
 384826 306220 44868.5406  109  135 44868.6700 44868.4009  0.00%  29.3 2134s
 386309 306220 44868.4987  171  137 44868.6700 44868.4009  0.00%  29.3 2135s
 387260 309826 44868.4194   37  165 44868.6700 44868.4009  0.00%  29.3 2145s
 391089 311917 44868.5085   63  137 44868.6700 44868.4009  0.00%  29.4 2154s
 393229 315636 44868.6622   97  135 44868.6700 44868.4011  0.00%  29.4 2164s
 397282 319095 44868.5261  110  139 44868.6700 44868.4011  0.00%  29.4 2174s
 401044 323694 44868.6697  199  139 44868.6700 44868.4011  0.00%  29.4 2186s
 406070 326622 44868.4660   98  134 44868.6700 44868.4011  0.00%  29.3 2193s
 409187 328668 44868.6409  194  144 44868.6700 44868.4011  0.00%  29.3 2200s
 411497 331292 44868.4252   45  159 44868.6700 44868.4012  0.00%  29.3 2208s
 414259 332798 44868.4876  107  147 44868.6700 44868.4012  0.00%  29.3 2215s
 415840 335780 44868.5488  151  143 44868.6700 44868.4012  0.00%  29.3 2223s
 419127 337124 44868.4104   51  154 44868.6700 44868.4012  0.00%  29.2 2231s
 420496 340024 44868.4959   97  146 44868.6700 44868.4012  0.00%  29.3 2240s
 423803 341661 44868.4071   45  166 44868.6700 44868.4012  0.00%  29.3 2252s
 425792 342109 44868.4204   67  157 44868.6700 44868.4012  0.00%  29.3 2260s
 426315 343445 44868.4233   74  154 44868.6700 44868.4012  0.00%  29.4 2269s
 427736 346797 44868.4274   87  151 44868.6700 44868.4012  0.00%  29.4 2282s
 431378 351285 44868.4327  134  153 44868.6700 44868.4017  0.00%  29.5 2293s
 436059 351957 44868.4350  173  151 44868.6700 44868.4017  0.00%  29.4 2299s
 436763 353902 44868.4353  181  149 44868.6700 44868.4017  0.00%  29.4 2309s
 438816 356331 44868.4430  211  126 44868.6700 44868.4017  0.00%  29.5 2321s
 441412 357965 44868.4375  212  136 44868.6700 44868.4017  0.00%  29.5 2331s
 443201 361543 44868.4378  227  149 44868.6700 44868.4017  0.00%  29.5 2341s
 447049 361869 44868.4381  254  152 44868.6700 44868.4018  0.00%  29.4 2348s
 447422 364961 44868.5251  259  149 44868.6700 44868.4018  0.00%  29.4 2360s
 450732 366085 44868.4383  296  151 44868.6700 44868.4018  0.00%  29.5 2369s
 451913 370927 44868.4383  314  149 44868.6700 44868.4018  0.00%  29.5 2380s
 457025 372852 44868.4431  362  139 44868.6700 44868.4018  0.00%  29.5 2390s
 459167 375833 44868.4451  382  143 44868.6700 44868.4018  0.00%  29.5 2401s
 462287 377725 44868.4475  416  145 44868.6700 44868.4019  0.00%  29.5 2411s
 464421 383176 44868.4528  454  131 44868.6700 44868.4019  0.00%  29.5 2424s
 470116 385941 44868.6660  542  140 44868.6700 44868.4019  0.00%  29.4 2433s
 473055 387583 44868.4175   60  147 44868.6700 44868.4019  0.00%  29.4 2440s
 474821 389918 44868.5091   86  137 44868.6700 44868.4019  0.00%  29.4 2450s
 477449 391813 44868.6678  161  141 44868.6700 44868.4019  0.00%  29.5 2459s
 479520 395106 44868.4223   59  151 44868.6700 44868.4019  0.00%  29.4 2469s
 482957 398040 44868.4421  155  136 44868.6700 44868.4019  0.00%  29.4 2486s
 485956 398902 44868.4470  377  147 44868.6700 44868.4019  0.00%  29.3 2500s
 486874 402560 44868.4470  392  150 44868.6700 44868.4019  0.00%  29.3 2517s
 490660 404489 44868.4490  492  150 44868.6700 44868.4019  0.00%  29.3 2526s
 492739 408182 44868.4530  561  145 44868.6700 44868.4019  0.00%  29.3 2537s
 496785 409571 44868.4676  750  146 44868.6700 44868.4021  0.00%  29.3 2546s
 498520 412765 44868.4801  811  142 44868.6700 44868.4021  0.00%  29.3 2556s
 502257 413965 44868.5282  921  142 44868.6700 44868.4021  0.00%  29.3 2565s
 503635 418014 44868.4331   54  160 44868.6700 44868.4021  0.00%  29.4 2576s
 507759 421443 44868.4542  111  146 44868.6700 44868.4021  0.00%  29.3 2586s
 511320 424411 44868.4582  231  138 44868.6700 44868.4021  0.00%  29.2 2595s
 514419 427495 44868.4609  265  143 44868.6700 44868.4021  0.00%  29.2 2606s
 517631 431474 44868.4744  370  146 44868.6700 44868.4021  0.00%  29.1 2616s
 521773 433109 44868.4875  610  140 44868.6700 44868.4021  0.00%  29.1 2624s
 523626 435028 44868.5168  759  137 44868.6700 44868.4021  0.00%  29.1 2632s
 525753 437476 44868.6032  808  135 44868.6700 44868.4021  0.00%  29.1 2641s
 528423 439503 44868.4297   50  152 44868.6700 44868.4021  0.00%  29.2 2650s
 530590 441619 44868.4945   99  142 44868.6700 44868.4021  0.00%  29.2 2660s
 533077 444189 44868.4123   48  173 44868.6700 44868.4021  0.00%  29.2 2671s
 536194 447050 44868.4412  204  144 44868.6700 44868.4021  0.00%  29.2 2682s
 539424 450099 44868.4412  408  149 44868.6700 44868.4022  0.00%  29.2 2692s
 542571 455305 44868.4473  635  141 44868.6700 44868.4022  0.00%  29.1 2703s
 548066 456290 44868.4473 1149  147 44868.6700 44868.4022  0.00%  29.0 2715s
 549247 458616 44868.4473 1178  147 44868.6700 44868.4022  0.00%  29.1 2723s
 551651 458644 44868.4946 1285  149 44868.6700 44868.4022  0.00%  29.0 2740s
 551682 461838 44868.4946 1286  147 44868.6700 44868.4022  0.00%  29.0 2749s
 554974 465150 44868.5067 1432  143 44868.6700 44868.4022  0.00%  28.9 2758s
 558439 468495 44868.5067 1567  148 44868.6700 44868.4022  0.00%  28.8 2765s
 561905 471930 44868.5067 1688  131 44868.6700 44868.4022  0.00%  28.8 2773s
 565494 471957 44868.5067 1838  148 44868.6700 44868.4022  0.00%  28.7 2779s
 565523 474472 44868.5067 1839  151 44868.6700 44868.4022  0.00%  28.7 2785s
 568140 477264 44868.5085 1913  141 44868.6700 44868.4022  0.00%  28.6 2792s
 571015 480910 44868.5085 2064  150 44868.6700 44868.4022  0.00%  28.6 2805s
 574880 483764 44868.5533 2189  121 44868.6700 44868.4022  0.00%  28.5 2813s
 578046 486388 44868.5533 2241  132 44868.6700 44868.4024  0.00%  28.5 2822s
 580837 490076 44868.4128   50  179 44868.6700 44868.4025  0.00%  28.5 2831s
 584696 492556 44868.5013  148  144 44868.6700 44868.4025  0.00%  28.4 2838s
 587392 495336 44868.6302  283  147 44868.6700 44868.4026  0.00%  28.4 2848s
 590349 497505 44868.4371   51  166 44868.6700 44868.4026  0.00%  28.4 2857s
 592831 499010 44868.6246  132  144 44868.6700 44868.4026  0.00%  28.5 2865s
 594715 500510 44868.4441   73  131 44868.6700 44868.4026  0.00%  28.5 2874s
 596564 501572 44868.6377  136  140 44868.6700 44868.4026  0.00%  28.6 2882s
 597724 505800 44868.4166   45  177 44868.6700 44868.4027  0.00%  28.6 2892s
 602013 509960 44868.4505  130  140 44868.6700 44868.4027  0.00%  28.6 2905s
 606236 513706 44868.4643  266  143 44868.6700 44868.4028  0.00%  28.5 2913s
 610093 515781 44868.4719  427  148 44868.6700 44868.4028  0.00%  28.5 2920s
 612247 518481 44868.4745  579  140 44868.6700 44868.4028  0.00%  28.5 2926s
 615076 519823 44868.4836  698  139 44868.6700 44868.4028  0.00%  28.5 2934s
 616546 522714 44868.4905  760  139 44868.6700 44868.4028  0.00%  28.5 2941s
 619857 523663 44868.5069  856  141 44868.6700 44868.4029  0.00%  28.5 2948s
 621049 525487 44868.5179  903  131 44868.6700 44868.4029  0.00%  28.5 2956s
 623075 527584 44868.5463  958  143 44868.6700 44868.4029  0.00%  28.6 2964s
 625555 530556 44868.5987 1012  140 44868.6700 44868.4029  0.00%  28.6 2973s
 628634 532742 44868.6673 1061  133 44868.6700 44868.4029  0.00%  28.6 2982s
 630921 537418 44868.4146   52  162 44868.6700 44868.4029  0.00%  28.6 2993s
 635730 539669 44868.4636  220  137 44868.6700 44868.4030  0.00%  28.6 3000s
 638057 542234 44868.4636  430  152 44868.6700 44868.4030  0.00%  28.5 3007s
 640679 545548 44868.4637  620  147 44868.6700 44868.4030  0.00%  28.5 3015s
 644153 547839 44868.4860  780  140 44868.6700 44868.4030  0.00%  28.5 3023s
 646655 550676 44868.5324  911  147 44868.6700 44868.4031  0.00%  28.5 3030s
 649865 552947 44868.5444 1189  148 44868.6700 44868.4031  0.00%  28.4 3037s
 652366 554831 44868.5444 1519  139 44868.6700 44868.4031  0.00%  28.5 3044s
 654429 558458 44868.4133   45  190 44868.6700 44868.4031  0.00%  28.5 3052s
 658275 561258 44868.4327   59  132 44868.6700 44868.4031  0.00%  28.4 3067s
 661165 563799 44868.4962   79  144 44868.6700 44868.4031  0.00%  28.4 3078s
 664232 565001 44868.4366  129  148 44868.6700 44868.4031  0.00%  28.5 3089s
 665629 568816 44868.5518  162  143 44868.6700 44868.4031  0.00%  28.5 3102s
 669784 572045 44868.4641  215  134 44868.6700 44868.4032  0.00%  28.6 3113s
 673311 573958 44868.4686  241  144 44868.6700 44868.4033  0.00%  28.6 3128s
 675306 577574 44868.4733  273  132 44868.6700 44868.4033  0.00%  28.6 3145s
 678960 582995 44868.4741  299  131 44868.6700 44868.4033  0.00%  28.6 3156s
 684552 584954 44868.4756  334  131 44868.6700 44868.4033  0.00%  28.5 3164s
 686612 587306 44868.5242  351  129 44868.6700 44868.4033  0.00%  28.5 3175s
 689237 589938 44868.4764  370  140 44868.6700 44868.4033  0.00%  28.6 3186s
 692351 592188 44868.4764  396  142 44868.6700 44868.4034  0.00%  28.6 3196s
 694797 594825 44868.4764  417  138 44868.6700 44868.4034  0.00%  28.7 3207s
 697671 598070 44868.4764  445  138 44868.6700 44868.4034  0.00%  28.8 3218s
 701140 600487 44868.4776  475  141 44868.6700 44868.4034  0.00%  28.8 3230s
 703711 603669 44868.4776  496  143 44868.6700 44868.4035  0.00%  28.9 3241s
 706930 608486 44868.4776  519  140 44868.6700 44868.4035  0.00%  28.9 3253s
 711819 609782 44868.4784  546  143 44868.6700 44868.4035  0.00%  28.9 3261s
 713153 612406 44868.4784  559  140 44868.6700 44868.4035  0.00%  28.9 3271s
 715899 615411 44868.4790  581  138 44868.6700 44868.4035  0.00%  28.9 3281s
 719162 617493 44868.4797  610  141 44868.6700 44868.4035  0.00%  28.9 3290s
 721537 620333 44868.4813  641  144 44868.6700 44868.4035  0.00%  29.0 3300s
 724671 622498 44868.4839  683  142 44868.6700 44868.4036  0.00%  29.1 3310s
 726910 626179 44868.4849  711  148 44868.6700 44868.4036  0.00%  29.1 3321s
 730646 628045 44868.4878  744  148 44868.6700 44868.4036  0.00%  29.1 3330s
 732755 630169 44868.4891  764  148 44868.6700 44868.4036  0.00%  29.2 3340s
 735150 632467 44868.6130  787  146 44868.6700 44868.4037  0.00%  29.2 3350s
 737908 634099 44868.4939  821  148 44868.6700 44868.4037  0.00%  29.3 3360s
 739796 638229 44868.5070  881  138 44868.6700 44868.4037  0.00%  29.4 3371s
 744125 641612 44868.5462  921  141 44868.6700 44868.4037  0.00%  29.4 3382s
 747644 643111 44868.5753  961  126 44868.6700 44868.4037  0.00%  29.4 3390s
 749244 646525 44868.6180  989  129 44868.6700 44868.4038  0.00%  29.4 3401s
 752954 650006 44868.4178   50  171 44868.6700 44868.4038  0.00%  29.4 3411s
 756616 652577 44868.4604  115  126 44868.6700 44868.4038  0.00%  29.4 3420s
 759569 655041 44868.6678  222  144 44868.6700 44868.4038  0.00%  29.4 3429s
 762453 657461 44868.4158   42  180 44868.6700 44868.4038  0.00%  29.5 3439s
 764975 661174 44868.4348  101  150 44868.6700 44868.4039  0.00%  29.5 3449s
 768824 662093 44868.4680  267  152 44868.6700 44868.4039  0.00%  29.5 3457s
 769850 664698 44868.4795  305  144 44868.6700 44868.4039  0.00%  29.5 3467s
 772574 667659 44868.4859  451  143 44868.6700 44868.4039  0.00%  29.5 3478s
 775729 670378 44868.4893  648  133 44868.6700 44868.4039  0.00%  29.5 3488s
 778917 672889 44868.5032  849  145 44868.6700 44868.4039  0.00%  29.6 3498s
 781621 675594 44868.5271  941  137 44868.6700 44868.4039  0.00%  29.6 3508s
 784374 676289 44868.5547 1000  143 44868.6700 44868.4040  0.00%  29.6 3517s
 785122 679850 44868.5602 1016  146 44868.6700 44868.4040  0.00%  29.6 3528s
 788897 683393 44868.6627 1095  140 44868.6700 44868.4040  0.00%  29.6 3538s
 792747 686328 44868.5527  117  131 44868.6700 44868.4041  0.00%  29.6 3547s
 796040 689169 44868.4276   47  168 44868.6700 44868.4041  0.00%  29.7 3556s
 799162 689875 44868.4475  186  147 44868.6700 44868.4042  0.00%  29.7 3565s
 799909 695087 44868.4478  198  144 44868.6700 44868.4042  0.00%  29.7 3575s
 805314 697785 44868.4659  413  139 44868.6700 44868.4042  0.00%  29.6 3581s
 808094 700723 44868.4665  566  136 44868.6700 44868.4042  0.00%  29.6 3587s
 811098 700993 44868.4696  690  145 44868.6700 44868.4042  0.00%  29.6 3593s
 811370 703657 44868.4701  695  142 44868.6700 44868.4042  0.00%  29.6 3599s
 814119 703668 44868.4810  861  148 44868.6700 44868.4042  0.00%  29.6 3600s

Cutting planes:
  Cover: 67
  MIR: 160
  StrongCG: 9

Explored 814130 nodes (24292994 simplex iterations) in 3604.47 seconds (3910.34 work units)
Thread count was 28 (of 28 available processors)

Solution count 2: 44868.7 851019 

Time limit reached
Best objective 4.486867000000e+04, best bound 4.486840418341e+04, gap 0.0006%
Discarded solution information
Set parameter Seed to value 1
Gurobi Optimizer version 13.0.1 build v13.0.1rc0 (linux64 - "CachyOS")

CPU model: Intel(R) Core(TM) i7-14700KF, instruction set [SSE2|AVX|AVX2]
Thread count: 28 physical cores, 28 logical processors, using up to 28 threads

Non-default parameters:
TimeLimit  3600
IntFeasTol  1e-09
MIPGap  1e-09
Seed  1

Academic license 2669763 - for non-commercial use only - registered to bg___@id.uff.br
Optimize a model with 11434 rows, 24760192 columns and 116714352 nonzeros (Min)
Model fingerprint: 0xa7887dbc
Model has 24752128 linear objective coefficients
Variable types: 0 continuous, 24760192 integer (24752128 binary)
Coefficient statistics:
  Matrix range     [6e-04, 4e+02]
  Objective range  [1e+00, 3e+02]
  Bounds range     [1e+00, 1e+00]
  RHS range        [1e+00, 1e+09]

Presolve removed 29 rows and 28 columns (presolve time = 6s)...
Presolve removed 29 rows and 28 columns (presolve time = 10s)...
Presolve removed 29 rows and 28 columns (presolve time = 15s)...
Presolve removed 185 rows and 184 columns (presolve time = 20s)...
Presolve removed 185 rows and 184 columns (presolve time = 25s)...
Presolve removed 185 rows and 184 columns (presolve time = 31s)...
Presolve removed 185 rows and 184 columns (presolve time = 35s)...
Presolve removed 185 rows and 21368 columns (presolve time = 40s)...
Presolve removed 185 rows and 21368 columns (presolve time = 47s)...
Presolve removed 185 rows and 21368 columns (presolve time = 50s)...
Presolve removed 185 rows and 21368 columns (presolve time = 55s)...
Presolve removed 185 rows and 21368 columns (presolve time = 61s)...
Presolve removed 185 rows and 21368 columns (presolve time = 66s)...
Presolve removed 185 rows and 21368 columns (presolve time = 71s)...
Presolve removed 185 rows and 21368 columns (presolve time = 76s)...
Presolve removed 185 rows and 21368 columns (presolve time = 80s)...
Presolve removed 185 rows and 21368 columns (presolve time = 85s)...
Presolve removed 185 rows and 21368 columns (presolve time = 91s)...
Presolve removed 185 rows and 21368 columns (presolve time = 96s)...
Presolve removed 185 rows and 21368 columns (presolve time = 100s)...
Presolve removed 185 rows and 21368 columns
Presolve time: 102.46s
Presolved: 11249 rows, 24738824 columns, 95373872 nonzeros
Variable types: 0 continuous, 24738824 integer (24730944 binary)
Found heuristic solution: objective 851018.67000
Deterministic concurrent LP optimizer: primal simplex, dual simplex, and barrier
Showing barrier log only...

Root barrier log...

Ordering time: 1.37s

Barrier statistics:
 AA' NZ     : 2.643e+07
 Factor NZ  : 6.075e+07 (roughly 10.0 GB of memory)
 Factor Ops : 4.282e+11 (roughly 1 second per iteration)
 Threads    : 26

                  Objective                Residual
Iter       Primal          Dual         Primal    Dual     Compl     Time
   0   1.00603880e+14 -2.79699306e+10  1.41e+11 0.00e+00  2.54e+06   207s
   1   4.30294746e+13 -2.49030638e+10  6.32e+10 1.03e+02  1.13e+06   211s
   2   1.35741499e+13 -1.57468913e+10  1.98e+10 3.14e+01  3.75e+05   217s
   3   3.01265113e+12 -3.38157443e+09  4.78e+09 2.58e-01  8.69e+04   222s
   4   1.70579828e+12 -2.14328586e+09  2.71e+09 4.99e-12  4.99e+04   227s
   5   1.53740643e+12 -1.89797599e+09  2.45e+09 4.63e-12  4.54e+04   231s
   6   1.06168190e+12 -9.18248606e+08  1.69e+09 3.82e-12  3.16e+04   235s
   7   8.33791038e+11 -8.58033509e+08  1.33e+09 5.76e-12  2.48e+04   241s
   8   2.94495092e+11 -4.47200386e+08  4.68e+08 3.97e-12  8.91e+03   247s
   9   8.49569670e+10 -3.10678579e+08  1.35e+08 4.60e-12  2.58e+03   251s
  10   4.94824100e+10 -2.44036594e+08  7.84e+07 5.48e-12  1.51e+03   255s
  11   1.33877763e+10 -1.99082643e+08  2.11e+07 5.58e-12  4.10e+02   259s
  12   5.07642312e+09 -1.79133150e+08  8.07e+06 6.95e-12  1.58e+02   262s
  13   3.03269524e+09 -1.62082511e+08  4.87e+06 7.88e-12  9.62e+01   265s

Barrier performed 13 iterations in 265.28 seconds (559.51 work units)
Barrier solve interrupted - model solved by another algorithm

Concurrent spin time: 26.37s (can be avoided by choosing Method=3)

Solved with dual simplex

Root simplex log...

Iteration    Objective       Primal Inf.    Dual Inf.      Time
  138363    4.4868335e+04   0.000000e+00   0.000000e+00    266s

Root relaxation: objective 4.486833e+04, 138363 iterations, 97.64 seconds (113.76 work units)

    Nodes    |    Current Node    |     Objective Bounds      |     Work
 Expl Unexpl |  Obj  Depth IntInf | Incumbent    BestBd   Gap | It/Node Time

     0     0 44868.3348    0    8 851018.670 44868.3348  94.7%     -  322s
H    0     0                    44868.670000 44868.3348  0.00%     -  330s
     0     0 44868.3348    0   16 44868.6700 44868.3348  0.00%     -  372s
     0     0 44868.3348    0   11 44868.6700 44868.3348  0.00%     -  385s
     0     0 44868.3348    0   56 44868.6700 44868.3348  0.00%     -  385s
     0     0 44868.3364    0   32 44868.6700 44868.3364  0.00%     -  385s
     0     0 44868.3364    0  112 44868.6700 44868.3364  0.00%     -  385s
     0     0 44868.3364    0   10 44868.6700 44868.3364  0.00%     -  385s
     0     0 44868.3364    0   17 44868.6700 44868.3364  0.00%     -  385s
     0     0 44868.3364    0   24 44868.6700 44868.3364  0.00%     -  386s
     0     0 44868.3364    0   92 44868.6700 44868.3364  0.00%     -  386s
     0     0 44868.3364    0  101 44868.6700 44868.3364  0.00%     -  386s
     0     0 44868.3364    0   14 44868.6700 44868.3364  0.00%     -  386s
     0     0 44868.3364    0   40 44868.6700 44868.3364  0.00%     -  386s
     0     0 44868.3364    0  107 44868.6700 44868.3364  0.00%     -  386s
     0     0 44868.3364    0   18 44868.6700 44868.3364  0.00%     -  387s
     0     0 44868.3364    0   18 44868.6700 44868.3364  0.00%     -  387s
     0     0 44868.3364    0   15 44868.6700 44868.3364  0.00%     -  387s
     0     2 44868.3364    0   15 44868.6700 44868.3364  0.00%     -  388s
   137   337 44868.3368    8  152 44868.6700 44868.3368  0.00%  62.2  390s
   752  1918 44868.3368   20  160 44868.6700 44868.3368  0.00%  39.1  398s
  1917  3242 44868.3368   44  153 44868.6700 44868.3368  0.00%  36.3  403s
  3241  5557 44868.3368   68  146 44868.6700 44868.3368  0.00%  35.9  410s
  5556  6548 44868.3368  138  150 44868.6700 44868.3368  0.00%  36.8  416s
  6547  8511 44868.3368  168  150 44868.6700 44868.3368  0.00%  37.4  421s
  8510 10513 44868.3368  209  153 44868.6700 44868.3368  0.00%  37.9  427s
 10512 11791 44868.3368  249  139 44868.6700 44868.3368  0.00%  38.9  432s
 11790 13757 44868.3368  300  148 44868.6700 44868.3368  0.00%  39.4  437s
 13757 13070 44868.3368  306   16 44868.6700 44868.3368  0.00%  40.0  440s
 13769 13078 44868.3651   42   21 44868.6700 44868.3651  0.00%  40.0  445s
 13780 13090 44868.3712   15  142 44868.6700 44868.3712  0.00%  48.0  450s
 13882 13376 44868.3843   20  158 44868.6700 44868.3771  0.00%  49.7  459s
 14104 13674 44868.3849   25  149 44868.6700 44868.3771  0.00%  49.8  466s
 14476 14254 44868.3880   31  139 44868.6700 44868.3771  0.00%  49.7  481s
 15180 16042 44868.3910   41  144 44868.6700 44868.3771  0.00%  49.0  512s
 17202 19037 44868.3915   65  154 44868.6700 44868.3771  0.00%  47.1  541s
 21022 19713 44868.3934   94  153 44868.6700 44868.3771  0.00%  43.9  565s
 23014 21597 44868.5023  109  149 44868.6700 44868.3786  0.00%  42.7  587s
 25994 23519 44868.4042  128  153 44868.6700 44868.3786  0.00%  40.3  604s
 29199 23603 44868.5033  157  146 44868.6700 44868.3786  0.00%  38.0  610s
 30398 28186 44868.4824  167  161 44868.6700 44868.3786  0.00%  37.3  629s
 35453 28214 44868.4864  207  152 44868.6700 44868.3786  0.00%  35.3  636s
 37199 30151 44868.4949  220  154 44868.6700 44868.3786  0.00%  34.4  643s
 39785 31496 44868.4867  237  149 44868.6700 44868.3786  0.00%  33.3  650s
 42028 31719 44868.4868  253  153 44868.6700 44868.3786  0.00%  32.5  656s
 43014 33390 44868.4869  262  153 44868.6700 44868.3786  0.00%  32.2  663s
 45080 34073 44868.4870  276  149 44868.6700 44868.3786  0.00%  31.7  672s
 46513 35625 44868.4870  282  144 44868.6700 44868.3786  0.00%  31.4  678s
 48632 36620 44868.4870  296  148 44868.6700 44868.3786  0.00%  31.0  684s
 50456 36311 44868.4871  310  148 44868.6700 44868.3786  0.00%  30.9  688s
 50783 37545 44868.4871  313  147 44868.6700 44868.3786  0.00%  30.9  694s
 52263 38655 44868.4872  330  149 44868.6700 44868.3786  0.00%  31.0  699s
 54143 40140 44868.4872  338  149 44868.6700 44868.3786  0.00%  31.1  706s
 56068 41521 44868.4872  345  149 44868.6700 44868.3786  0.00%  31.1  713s
 57546 39445 44868.4045  940   16 44868.6700 44868.3786  0.00%  31.2  728s
 57550 39448 44868.4596  592  115 44868.6700 44868.3786  0.00%  31.2  730s
 57556 39452 44868.5419 1379  150 44868.6700 44868.3827  0.00%  31.2  735s
 57564 39457 44868.3936   38  172 44868.6700 44868.3865  0.00%  31.2  741s
 57570 39461 44868.4184  109  151 44868.6700 44868.3883  0.00%  31.2  745s
 57576 39465 44868.5406  593  158 44868.6700 44868.3885  0.00%  31.2  750s
 57583 39470 44868.6035  549  138 44868.6700 44868.3888  0.00%  31.2  755s
 57589 39474 44868.4101  907   59 44868.6700 44868.3888  0.00%  31.2  761s
 57594 39477 44868.4144  378  160 44868.6700 44868.3890  0.00%  31.2  765s
 57600 39481 44868.4296 1445  180 44868.6700 44868.3892  0.00%  31.2  770s
 57608 39486 44868.4511 1544  183 44868.6700 44868.3896  0.00%  31.2  775s
 57614 39490 44868.4497 1543  191 44868.6700 44868.3901  0.00%  31.2  780s
 57619 39494 44868.4276  359  100 44868.6700 44868.3902  0.00%  31.2  785s
 57626 39498 44868.4438  419  163 44868.6700 44868.3903  0.00%  31.2  791s
 57631 39502 44868.5144  215   88 44868.6700 44868.3903  0.00%  31.2  796s
 57647 39529 44868.3904   27  189 44868.6700 44868.3904  0.00%  32.6  800s
 57719 39798 44868.3916   30  164 44868.6700 44868.3904  0.00%  32.8  808s
 57956 40010 44868.3950   33  165 44868.6700 44868.3904  0.00%  32.9  816s
 58247 40665 44868.3952   37  163 44868.6700 44868.3904  0.00%  33.1  832s
