Set parameter WLSAccessID
Set parameter WLSSecret
Set parameter LicenseID to value 2669763
Academic license 2669763 - for non-commercial use only - registered to bg___@id.uff.br
jobs=964 types=29  time_budget=3600.0s  per_solve_time_limit=600.0s  n_seed_retries=3  checkpoint=pareto_runs/fedhpc_10min_gap_checkpoint.json
pareto-map: resumed from checkpoint — 16 points, 13 box(es) open, 37 prior solves
Set parameter OutputFlag to value 1
Set parameter TimeLimit to value 600
Gurobi Optimizer version 13.0.1 build v13.0.1rc0 (linux64 - "CachyOS")

CPU model: Intel(R) Core(TM) i7-14700KF, instruction set [SSE2|AVX|AVX2]
Thread count: 28 physical cores, 28 logical processors, using up to 28 threads

Non-default parameters:
TimeLimit  600
IntFeasTol  1e-09
MIPGap  1e-09

Academic license 2669763 - for non-commercial use only - registered to bg___@id.uff.br
Optimize a model with 9376 rows, 7653711 columns and 36925802 nonzeros (Min)
Model fingerprint: 0xe8eab419
Model has 6327720 linear objective coefficients
Variable types: 0 continuous, 7653711 integer (7645330 binary)
Coefficient statistics:
  Matrix range     [1e-02, 3e+02]
  Objective range  [1e-02, 1e+02]
  Bounds range     [1e+00, 1e+00]
  RHS range        [1e+00, 1e+09]

Presolve removed 52 rows and 20758 columns (presolve time = 5s)...
Presolve removed 137 rows and 20843 columns (presolve time = 10s)...
Presolve removed 137 rows and 29747 columns (presolve time = 16s)...
Presolve removed 137 rows and 29835 columns (presolve time = 20s)...
Presolve removed 137 rows and 29835 columns (presolve time = 25s)...
Presolve removed 137 rows and 29835 columns (presolve time = 30s)...
Presolve removed 137 rows and 29835 columns (presolve time = 35s)...
Presolve removed 137 rows and 29835 columns (presolve time = 40s)...
Presolve removed 137 rows and 29835 columns
Presolve time: 41.31s
Presolved: 9239 rows, 7623876 columns, 30455992 nonzeros
Variable types: 0 continuous, 7623876 integer (7615633 binary)
Found heuristic solution: objective 361.9629500
Deterministic concurrent LP optimizer: primal simplex, dual simplex, and barrier
Showing barrier log only...

Root barrier log...

Ordering time: 0.58s

Barrier statistics:
 AA' NZ     : 8.221e+06
 Factor NZ  : 4.087e+07 (roughly 3.4 GB of memory)
 Factor Ops : 2.440e+11 (roughly 1 second per iteration)
 Threads    : 26

                  Objective                Residual
Iter       Primal          Dual         Primal    Dual     Compl     Time
   0   9.97948247e+10 -4.82898952e+08  6.96e+10 0.00e+00  2.99e+04    76s
   1   5.37890143e+10 -3.59570540e+08  3.75e+10 1.81e+00  1.62e+04    78s
   2   3.68912776e+10 -3.05519379e+08  2.57e+10 8.72e-01  1.13e+04    81s
   3   5.27774956e+09 -1.10928971e+08  3.70e+09 1.19e-01  1.66e+03    83s
   4   2.21358907e+09 -5.90222148e+07  1.55e+09 4.17e-02  7.05e+02    87s
   5   5.91737090e+08 -4.63011508e+07  4.17e+08 2.40e-02  1.92e+02    89s
   6   4.34560949e+08 -4.58396612e+07  3.07e+08 2.26e-02  1.42e+02    91s
   7   3.09962128e+08 -4.52694924e+07  2.20e+08 1.93e-02  1.02e+02    94s

Barrier performed 7 iterations in 94.14 seconds (182.97 work units)
Barrier solve interrupted - model solved by another algorithm

Concurrent spin time: 1.02s

Solved with primal simplex

Root simplex log...

Iteration    Objective       Primal Inf.    Dual Inf.      Time
  114014    1.5315273e+01   0.000000e+00   0.000000e+00     94s

Root relaxation: objective 1.531527e+01, 114014 iterations, 30.34 seconds (29.52 work units)

    Nodes    |    Current Node    |     Objective Bounds      |     Work
 Expl Unexpl |  Obj  Depth IntInf | Incumbent    BestBd   Gap | It/Node Time

     0     0   15.31527    0   33  361.96295   15.31527  95.8%     -   97s
H    0     0                      16.6487500   15.31527  8.01%     -  105s
H    0     0                      15.6723111   15.31527  2.28%     -  119s
H    0     0                      15.4372083   15.31527  0.79%     -  120s
H    0     0                      15.4363167   15.31527  0.78%     -  120s
H    0     0                      15.3887611   15.31527  0.48%     -  121s
H    0     0                      15.3186167   15.31527  0.02%     -  124s
H    0     0                      15.3174278   15.31527  0.01%     -  127s
     0     0   15.31527    0   21   15.31743   15.31527  0.01%     -  141s
     0     0   15.31527    0   18   15.31743   15.31527  0.01%     -  147s

Cutting planes:
  Gomory: 1
  Zero half: 2
  RLT: 1

Explored 1 nodes (126438 simplex iterations) in 148.33 seconds (227.22 work units)
Thread count was 28 (of 28 available processors)

Solution count 8: 15.3174 15.3186 15.3888 ... 361.963

Optimal solution found (tolerance 1.00e-09)
Best objective 1.531742779366e+01, best bound 1.531742779366e+01, gap 0.0000%
Set parameter Seed to value 0
Gurobi Optimizer version 13.0.1 build v13.0.1rc0 (linux64 - "CachyOS")

CPU model: Intel(R) Core(TM) i7-14700KF, instruction set [SSE2|AVX|AVX2]
Thread count: 28 physical cores, 28 logical processors, using up to 28 threads

Non-default parameters:
TimeLimit  600
IntFeasTol  1e-09
MIPGap  1e-09

Academic license 2669763 - for non-commercial use only - registered to bg___@id.uff.br
Optimize a model with 9377 rows, 7653711 columns and 43253522 nonzeros (Min)
Model fingerprint: 0xf3f9482e
Model has 7645330 linear objective coefficients
Variable types: 0 continuous, 7653711 integer (7645330 binary)
Coefficient statistics:
  Matrix range     [1e-02, 3e+02]
  Objective range  [1e+00, 3e+02]
  Bounds range     [1e+00, 1e+00]
  RHS range        [1e+00, 1e+09]

Loaded MIP start from previous solve with objective 15389

Presolve removed 63 rows and 584902 columns (presolve time = 5s)...
Presolve removed 137 rows and 584976 columns (presolve time = 10s)...
Presolve removed 137 rows and 585744 columns (presolve time = 15s)...
Presolve removed 137 rows and 585744 columns (presolve time = 20s)...
Presolve removed 137 rows and 585744 columns (presolve time = 25s)...
Presolve removed 137 rows and 585744 columns (presolve time = 30s)...
Presolve removed 137 rows and 585744 columns (presolve time = 35s)...
Presolve removed 137 rows and 585744 columns (presolve time = 87s)...
Presolve removed 137 rows and 585744 columns (presolve time = 92s)...
Presolve removed 137 rows and 585744 columns (presolve time = 97s)...
Presolve removed 137 rows and 585744 columns (presolve time = 109s)...
Presolve removed 137 rows and 585744 columns (presolve time = 114s)...
Presolve removed 137 rows and 585744 columns (presolve time = 120s)...
Presolve removed 137 rows and 585744 columns (presolve time = 125s)...
Presolve removed 137 rows and 585744 columns (presolve time = 130s)...
Presolve removed 137 rows and 585744 columns (presolve time = 135s)...
Presolve removed 137 rows and 585744 columns (presolve time = 141s)...
Presolve removed 137 rows and 585744 columns (presolve time = 146s)...
Presolve removed 137 rows and 585744 columns (presolve time = 151s)...
Presolve removed 137 rows and 585744 columns (presolve time = 156s)...
Presolve removed 137 rows and 585744 columns
Presolve time: 159.46s
Presolved: 9240 rows, 7067967 columns, 33979046 nonzeros
Variable types: 0 continuous, 7067967 integer (7059724 binary)
Deterministic concurrent LP optimizer: primal simplex, dual simplex, and barrier
Showing barrier log only...

Root barrier log...

Ordering time: 0.40s

Barrier statistics:
 AA' NZ     : 7.428e+06
 Factor NZ  : 1.378e+07 (roughly 3.0 GB of memory)
 Factor Ops : 3.057e+10 (less than 1 second per iteration)
 Threads    : 26

                  Objective                Residual
Iter       Primal          Dual         Primal    Dual     Compl     Time
   0   1.11422873e+12 -1.55477349e+09  6.19e+10 0.00e+00  1.20e+05   176s
   1   7.07580127e+11 -1.08228794e+09  3.93e+10 2.62e+00  7.61e+04   178s
   2   1.62787891e+11 -3.76834906e+08  9.04e+09 2.65e-12  1.76e+04   180s
   3   2.26794307e+10 -2.96358975e+08  1.26e+09 2.74e-12  2.47e+03   182s
   4   1.39591005e+09 -8.92140117e+07  7.75e+07 1.76e-12  1.58e+02   183s

Barrier performed 4 iterations in 182.95 seconds (4164.51 work units)
Barrier solve interrupted - model solved by another algorithm

Concurrent spin time: 4.11s (can be avoided by choosing Method=3)

Solved with dual simplex

Root simplex log...

Iteration    Objective       Primal Inf.    Dual Inf.      Time
   22921    1.5388915e+04   0.000000e+00   0.000000e+00    184s

Root relaxation: objective 1.538892e+04, 22921 iterations, 22.08 seconds (29.31 work units)

    Nodes    |    Current Node    |     Objective Bounds      |     Work
 Expl Unexpl |  Obj  Depth IntInf | Incumbent    BestBd   Gap | It/Node Time

     0     0 15388.9151    0   12 15389.0400 15388.9151  0.00%     -  186s
     0     0 15388.9243    0   16 15389.0400 15388.9243  0.00%     -  204s
     0     0     cutoff    0      15389.0400 15389.0400  0.00%     -  210s

Explored 1 nodes (29103 simplex iterations) in 210.44 seconds (4184.16 work units)
Thread count was 28 (of 28 available processors)

Solution count 1: 15389 

Optimal solution found (tolerance 1.00e-09)
Best objective 1.538903999976e+04, best bound 1.538903999976e+04, gap 0.0000%
pareto-map: box [15220.0400,15559.0400] (f1, f1<=15389)  → new point f1=15389.0400 f2=15.3174
Set parameter OutputFlag to value 1
Set parameter TimeLimit to value 600
Gurobi Optimizer version 13.0.1 build v13.0.1rc0 (linux64 - "CachyOS")

CPU model: Intel(R) Core(TM) i7-14700KF, instruction set [SSE2|AVX|AVX2]
Thread count: 28 physical cores, 28 logical processors, using up to 28 threads

Non-default parameters:
TimeLimit  600
IntFeasTol  1e-09
MIPGap  1e-09

Academic license 2669763 - for non-commercial use only - registered to bg___@id.uff.br
Optimize a model with 9376 rows, 7653711 columns and 35608192 nonzeros (Min)
Model fingerprint: 0xe8caf4ef
Model has 7645330 linear objective coefficients
Variable types: 0 continuous, 7653711 integer (7645330 binary)
Coefficient statistics:
  Matrix range     [1e-02, 1e+02]
  Objective range  [1e+00, 3e+02]
  Bounds range     [1e+00, 1e+00]
  RHS range        [1e+00, 1e+09]

Presolve removed 56 rows and 140723 columns (presolve time = 5s)...
Presolve removed 137 rows and 140804 columns (presolve time = 10s)...
Presolve removed 137 rows and 145160 columns (presolve time = 15s)...
Presolve removed 137 rows and 145160 columns (presolve time = 20s)...
Presolve removed 137 rows and 145160 columns (presolve time = 25s)...
Presolve removed 137 rows and 145160 columns (presolve time = 30s)...
Presolve removed 137 rows and 145160 columns (presolve time = 49s)...
Presolve removed 137 rows and 145160 columns (presolve time = 54s)...
Presolve removed 137 rows and 145160 columns (presolve time = 60s)...
Presolve removed 137 rows and 145160 columns (presolve time = 65s)...
Presolve removed 137 rows and 145160 columns (presolve time = 70s)...
Presolve removed 137 rows and 145160 columns (presolve time = 80s)...
Presolve removed 137 rows and 145160 columns (presolve time = 85s)...
Presolve removed 137 rows and 145160 columns (presolve time = 90s)...
Presolve removed 137 rows and 145160 columns (presolve time = 99s)...
Presolve removed 137 rows and 145160 columns (presolve time = 104s)...
Presolve removed 137 rows and 145160 columns (presolve time = 106s)...
Presolve removed 137 rows and 145160 columns
Presolve time: 105.74s
Presolved: 9239 rows, 7508551 columns, 28710914 nonzeros
Variable types: 0 continuous, 7508551 integer (7500308 binary)
Found heuristic solution: objective 262165.04000
Deterministic concurrent LP optimizer: primal simplex, dual simplex, and barrier
Showing barrier log only...

Root barrier log...

Ordering time: 0.58s

Barrier statistics:
 AA' NZ     : 8.049e+06
 Factor NZ  : 3.423e+07 (roughly 3.0 GB of memory)
 Factor Ops : 1.813e+11 (less than 1 second per iteration)
 Threads    : 26

                  Objective                Residual
Iter       Primal          Dual         Primal    Dual     Compl     Time
   0   1.86881124e+13 -8.85311955e+09  2.29e+10 0.00e+00  1.55e+06   146s
   1   7.38824817e+12 -7.12801885e+09  9.54e+09 8.51e+01  6.56e+05   148s
   2   1.21353045e+12 -2.05258314e+09  1.66e+09 4.70e-10  1.15e+05   150s
   3   4.43235155e+11 -8.63678159e+08  6.08e+08 3.22e-10  4.22e+04   152s

Barrier performed 3 iterations in 152.29 seconds (2504.34 work units)
Barrier solve interrupted - model solved by another algorithm

Concurrent spin time: 3.21s (can be avoided by choosing Method=3)

Solved with dual simplex

Root simplex log...

Iteration    Objective       Primal Inf.    Dual Inf.      Time
   17725    1.4386367e+04   0.000000e+00   0.000000e+00    152s

Root relaxation: objective 1.438637e+04, 17725 iterations, 18.42 seconds (20.74 work units)

    Nodes    |    Current Node    |     Objective Bounds      |     Work
 Expl Unexpl |  Obj  Depth IntInf | Incumbent    BestBd   Gap | It/Node Time

     0     0 14386.3669    0    9 262165.040 14386.3669  94.5%     -  154s
H    0     0                    14389.040000 14386.3669  0.02%     -  157s
H    0     0                    14388.040000 14386.3669  0.01%     -  159s
H    0     0                    14387.040000 14386.3669  0.00%     -  160s
     0     0 14386.3831    0   13 14387.0400 14386.3831  0.00%     -  178s
     0     0 14386.3831    0    8 14387.0400 14386.3831  0.00%     -  184s
     0     0 14386.3831    0   29 14387.0400 14386.3831  0.00%     -  184s
     0     0 14386.3843    0   31 14387.0400 14386.3843  0.00%     -  184s
     0     0 14386.3938    0   44 14387.0400 14386.3938  0.00%     -  184s
     0     0 14386.3943    0   44 14387.0400 14386.3943  0.00%     -  184s
     0     0 14386.3984    0   48 14387.0400 14386.3984  0.00%     -  184s
     0     0 14386.3984    0   47 14387.0400 14386.3984  0.00%     -  184s
     0     0 14386.3984    0   47 14387.0400 14386.3984  0.00%     -  184s
     0     0 14386.3984    0   14 14387.0400 14386.3984  0.00%     -  185s
     0     2 14386.4010    0   14 14387.0400 14386.4010  0.00%     -  185s
 11066  4091 14386.9329   33   34 14387.0400 14386.8601  0.00%   8.3  190s
 29057  3689 infeasible   30      14387.0400 14386.9385  0.00%   8.8  195s

Cutting planes:
  Gomory: 3
  Cover: 273
  MIR: 17
  StrongCG: 10
  Flow cover: 5
  Inf proof: 25
  RLT: 2

Explored 41746 nodes (408265 simplex iterations) in 202.90 seconds (2547.96 work units)
Thread count was 28 (of 28 available processors)

Solution count 7: 14387 14387 14388 ... 262165

Optimal solution found (tolerance 1.00e-09)
Best objective 1.438703999976e+04, best bound 1.438703999976e+04, gap 0.0000%
Set parameter Seed to value 0
Gurobi Optimizer version 13.0.1 build v13.0.1rc0 (linux64 - "CachyOS")

CPU model: Intel(R) Core(TM) i7-14700KF, instruction set [SSE2|AVX|AVX2]
Thread count: 28 physical cores, 28 logical processors, using up to 28 threads

Non-default parameters:
TimeLimit  600
IntFeasTol  1e-09
MIPGap  1e-09

Academic license 2669763 - for non-commercial use only - registered to bg___@id.uff.br
Optimize a model with 9377 rows, 7653711 columns and 43253522 nonzeros (Min)
Model fingerprint: 0x33be2c1a
Model has 6327720 linear objective coefficients
Variable types: 0 continuous, 7653711 integer (7645330 binary)
Coefficient statistics:
  Matrix range     [1e-02, 3e+02]
  Objective range  [1e-02, 1e+02]
  Bounds range     [1e+00, 1e+00]
  RHS range        [1e+00, 1e+09]

Loaded MIP start from previous solve with objective 55.9489

Presolve removed 56 rows and 140723 columns (presolve time = 5s)...
Presolve removed 137 rows and 140804 columns (presolve time = 10s)...
Presolve removed 137 rows and 140899 columns (presolve time = 15s)...
Presolve removed 137 rows and 141749 columns (presolve time = 21s)...
Presolve removed 137 rows and 141749 columns (presolve time = 25s)...
Presolve removed 137 rows and 141749 columns (presolve time = 30s)...
Presolve removed 137 rows and 141749 columns (presolve time = 35s)...
Presolve removed 137 rows and 141749 columns (presolve time = 40s)...
Presolve removed 137 rows and 141749 columns (presolve time = 57s)...
Presolve removed 137 rows and 141749 columns (presolve time = 62s)...
Presolve removed 137 rows and 141749 columns (presolve time = 67s)...
Presolve removed 137 rows and 141749 columns (presolve time = 73s)...
Presolve removed 137 rows and 141749 columns (presolve time = 78s)...
Presolve removed 137 rows and 141749 columns (presolve time = 90s)...
Presolve removed 137 rows and 141749 columns (presolve time = 95s)...
Presolve removed 137 rows and 141749 columns (presolve time = 101s)...
Presolve removed 137 rows and 141749 columns (presolve time = 108s)...
Presolve removed 137 rows and 141749 columns (presolve time = 112s)...
Presolve removed 137 rows and 141749 columns
Presolve time: 114.39s
Presolved: 9240 rows, 7511962 columns, 36197305 nonzeros
Variable types: 0 continuous, 7511962 integer (7503719 binary)
Deterministic concurrent LP optimizer: primal simplex, dual simplex, and barrier
Showing barrier log only...

Root barrier log...

Ordering time: 0.56s

Barrier statistics:
 AA' NZ     : 8.058e+06
 Factor NZ  : 3.427e+07 (roughly 3.0 GB of memory)
 Factor Ops : 1.817e+11 (less than 1 second per iteration)
 Threads    : 26

                  Objective                Residual
Iter       Primal          Dual         Primal    Dual     Compl     Time
   0   6.26959827e+10 -2.05876791e+08  6.73e+10 2.22e-16  1.40e+04   130s
   1   4.36470542e+10 -1.64558169e+08  4.69e+10 1.08e+00  9.73e+03   132s
   2   1.76744742e+10 -1.54871440e+08  1.90e+10 8.41e-01  4.01e+03   134s
   3   3.58960108e+09 -5.22646080e+07  3.88e+09 1.62e-01  8.35e+02   136s
   4   1.12380738e+09 -3.36067724e+07  1.22e+09 1.04e-01  2.64e+02   139s
   5   4.34493303e+08 -2.37342787e+07  4.73e+08 7.14e-02  1.03e+02   140s
   6   6.76172457e+07 -1.43097328e+07  7.49e+07 4.03e-02  1.70e+01   143s
   7   2.62535743e+07 -1.13464255e+07  2.97e+07 3.18e-02  7.11e+00   146s
   8   1.09522043e+07 -8.94947711e+06  1.26e+07 2.38e-02  3.30e+00   148s
   9   4.97991691e+06 -6.37395185e+06  5.84e+06 3.02e-12  1.69e+00   150s

Barrier performed 9 iterations in 149.93 seconds (2561.51 work units)
Barrier solve interrupted - model solved by another algorithm

Concurrent spin time: 1.76s

Solved with primal simplex

Root simplex log...

Iteration    Objective       Primal Inf.    Dual Inf.      Time
   65108    5.5930288e+01   0.000000e+00   0.000000e+00    150s

Root relaxation: objective 5.593029e+01, 65108 iterations, 32.96 seconds (34.06 work units)

    Nodes    |    Current Node    |     Objective Bounds      |     Work
 Expl Unexpl |  Obj  Depth IntInf | Incumbent    BestBd   Gap | It/Node Time

     0     0   55.93029    0   16   55.94889   55.93029  0.03%     -  156s
     0     0   55.93093    0   24   55.94889   55.93093  0.03%     -  183s
     0     0   55.93093    0    6   55.94889   55.93093  0.03%     -  189s
     0     0   55.94830    0   13   55.94889   55.94830  0.00%     -  189s
H    0     0                      55.9483000   55.94830  0.00%     -  189s
     0     0   55.94830    0   13   55.94830   55.94830  0.00%     -  189s

Cutting planes:
  Cover: 1

Explored 1 nodes (68620 simplex iterations) in 190.16 seconds (2601.21 work units)
Thread count was 28 (of 28 available processors)

Solution count 3: 55.9483 55.9489 55.9489 

Optimal solution found (tolerance 1.00e-09)
Best objective 5.594830000221e+01, best bound 5.594830000221e+01, gap 0.0000%
pareto-map: box [14308.0400,14466.0400] (f2, f2<=55.97)  → new point f1=14387.0400 f2=55.9483
Set parameter OutputFlag to value 1
Set parameter TimeLimit to value 600
Gurobi Optimizer version 13.0.1 build v13.0.1rc0 (linux64 - "CachyOS")

CPU model: Intel(R) Core(TM) i7-14700KF, instruction set [SSE2|AVX|AVX2]
Thread count: 28 physical cores, 28 logical processors, using up to 28 threads

Non-default parameters:
TimeLimit  600
IntFeasTol  1e-09
MIPGap  1e-09

Academic license 2669763 - for non-commercial use only - registered to bg___@id.uff.br
Optimize a model with 9376 rows, 7653711 columns and 36925802 nonzeros (Min)
Model fingerprint: 0x3140523c
Model has 6327720 linear objective coefficients
Variable types: 0 continuous, 7653711 integer (7645330 binary)
Coefficient statistics:
  Matrix range     [1e-02, 3e+02]
  Objective range  [1e-02, 1e+02]
  Bounds range     [1e+00, 1e+00]
  RHS range        [1e+00, 1e+09]

Presolve removed 52 rows and 20758 columns (presolve time = 5s)...
Presolve removed 137 rows and 20843 columns (presolve time = 10s)...
Presolve removed 137 rows and 29747 columns (presolve time = 15s)...
Presolve removed 137 rows and 29835 columns (presolve time = 20s)...
Presolve removed 137 rows and 29835 columns (presolve time = 25s)...
Presolve removed 137 rows and 29835 columns (presolve time = 30s)...
Presolve removed 137 rows and 29835 columns (presolve time = 35s)...
Presolve removed 137 rows and 29835 columns
Presolve time: 39.70s
Presolved: 9239 rows, 7623876 columns, 30455992 nonzeros
Variable types: 0 continuous, 7623876 integer (7615633 binary)
Found heuristic solution: objective 361.9629500
Deterministic concurrent LP optimizer: primal simplex, dual simplex, and barrier
Showing barrier log only...

Root barrier log...

Ordering time: 0.54s

Barrier statistics:
 AA' NZ     : 8.221e+06
 Factor NZ  : 4.087e+07 (roughly 3.4 GB of memory)
 Factor Ops : 2.440e+11 (roughly 1 second per iteration)
 Threads    : 26

                  Objective                Residual
Iter       Primal          Dual         Primal    Dual     Compl     Time
   0   9.97948238e+10 -4.82898951e+08  6.96e+10 0.00e+00  2.99e+04    74s
   1   5.37906844e+10 -3.59580355e+08  3.75e+10 1.81e+00  1.62e+04    76s
   2   3.68907692e+10 -3.05532660e+08  2.57e+10 8.72e-01  1.13e+04    79s
   3   5.27819831e+09 -1.10935686e+08  3.70e+09 1.19e-01  1.66e+03    83s
   4   2.21395684e+09 -5.90212849e+07  1.55e+09 4.16e-02  7.05e+02    85s
   5   5.91761552e+08 -4.62984026e+07  4.17e+08 2.39e-02  1.92e+02    88s
   6   4.34588536e+08 -4.58368100e+07  3.07e+08 2.25e-02  1.42e+02    90s
   7   3.09995468e+08 -4.52667301e+07  2.20e+08 1.92e-02  1.02e+02    93s

Barrier performed 7 iterations in 92.58 seconds (183.07 work units)
Barrier solve interrupted - model solved by another algorithm

Concurrent spin time: 2.87s (can be avoided by choosing Method=3)

Solved with primal simplex

Root simplex log...

Iteration    Objective       Primal Inf.    Dual Inf.      Time
  109477    9.7491181e+00   0.000000e+00   0.000000e+00     93s

Root relaxation: objective 9.749118e+00, 109477 iterations, 30.84 seconds (29.43 work units)

    Nodes    |    Current Node    |     Objective Bounds      |     Work
 Expl Unexpl |  Obj  Depth IntInf | Incumbent    BestBd   Gap | It/Node Time

     0     0    9.74912    0   14  361.96295    9.74912  97.3%     -   95s
H    0     0                       9.7962278    9.74912  0.48%     -   98s
H    0     0                       9.7623444    9.74912  0.14%     -  100s
H    0     0                       9.7596694    9.74912  0.11%     -  100s
H    0     0                       9.7590750    9.74912  0.10%     -  102s
H    0     0                       9.7504556    9.74912  0.01%     -  103s
H    0     0                       9.7501583    9.74912  0.01%     -  109s
     0     0    9.74912    0   22    9.75016    9.74912  0.01%     -  123s
     0     0    9.74912    0   11    9.75016    9.74912  0.01%     -  129s
     0     0    9.74986    0   12    9.75016    9.74986  0.00%     -  129s
     0     0    9.74986    0   38    9.75016    9.74986  0.00%     -  129s
     0     0    9.74986    0   38    9.75016    9.74986  0.00%     -  130s
     0     0    9.74986    0   15    9.75016    9.74986  0.00%     -  130s
     0     0    9.74986    0   15    9.75016    9.74986  0.00%     -  130s
     0     0    9.74986    0   15    9.75016    9.74986  0.00%     -  130s
     0     0    9.74986    0   14    9.75016    9.74986  0.00%     -  130s
H    0     0                       9.7498611    9.74986  0.00%     -  130s

Cutting planes:
  Gomory: 1
  MIR: 1
  Zero half: 5

Explored 1 nodes (122317 simplex iterations) in 130.61 seconds (216.08 work units)
Thread count was 28 (of 28 available processors)

Solution count 8: 9.74986 9.75016 9.75046 ... 361.963

Optimal solution found (tolerance 1.00e-09)
Best objective 9.749861131744e+00, best bound 9.749861131744e+00, gap 0.0000%
Set parameter Seed to value 0
Gurobi Optimizer version 13.0.1 build v13.0.1rc0 (linux64 - "CachyOS")

CPU model: Intel(R) Core(TM) i7-14700KF, instruction set [SSE2|AVX|AVX2]
Thread count: 28 physical cores, 28 logical processors, using up to 28 threads

Non-default parameters:
TimeLimit  600
IntFeasTol  1e-09
MIPGap  1e-09

Academic license 2669763 - for non-commercial use only - registered to bg___@id.uff.br
Optimize a model with 9377 rows, 7653711 columns and 43253522 nonzeros (Min)
Model fingerprint: 0x450af3d9
Model has 7645330 linear objective coefficients
Variable types: 0 continuous, 7653711 integer (7645330 binary)
Coefficient statistics:
  Matrix range     [1e-02, 3e+02]
  Objective range  [1e+00, 3e+02]
  Bounds range     [1e+00, 1e+00]
  RHS range        [1e+00, 1e+09]

Loaded MIP start from previous solve with objective 15728

Presolve removed 64 rows and 811046 columns (presolve time = 5s)...
Presolve removed 139 rows and 811121 columns (presolve time = 10s)...
Presolve removed 139 rows and 811121 columns (presolve time = 15s)...
Presolve removed 139 rows and 811889 columns (presolve time = 20s)...
Presolve removed 139 rows and 811889 columns (presolve time = 25s)...
Presolve removed 139 rows and 811889 columns (presolve time = 30s)...
Presolve removed 139 rows and 811889 columns (presolve time = 35s)...
Presolve removed 139 rows and 811889 columns (presolve time = 140s)...
Presolve removed 139 rows and 811889 columns (presolve time = 145s)...
Presolve removed 139 rows and 811889 columns (presolve time = 151s)...
Presolve removed 139 rows and 811889 columns (presolve time = 156s)...
Presolve removed 139 rows and 811889 columns (presolve time = 161s)...
Presolve removed 139 rows and 811889 columns (presolve time = 166s)...
Presolve removed 139 rows and 811889 columns (presolve time = 172s)...
Presolve removed 139 rows and 811889 columns (presolve time = 177s)...
Presolve removed 139 rows and 811889 columns (presolve time = 182s)...
Presolve removed 139 rows and 811889 columns (presolve time = 187s)...
Presolve removed 139 rows and 811889 columns (presolve time = 193s)...
Presolve removed 139 rows and 811889 columns (presolve time = 198s)...
Presolve removed 139 rows and 811889 columns (presolve time = 203s)...
Presolve removed 139 rows and 811889 columns (presolve time = 205s)...
Presolve removed 139 rows and 811889 columns
Presolve time: 207.17s
Presolved: 9238 rows, 6841822 columns, 32848591 nonzeros
Variable types: 0 continuous, 6841822 integer (6833581 binary)
Deterministic concurrent LP optimizer: primal simplex, dual simplex, and barrier
Showing barrier log only...

Root barrier log...

Ordering time: 0.42s

Barrier statistics:
 AA' NZ     : 7.118e+06
 Factor NZ  : 1.036e+07 (roughly 3.0 GB of memory)
 Factor Ops : 1.500e+10 (less than 1 second per iteration)
 Threads    : 26

                  Objective                Residual
Iter       Primal          Dual         Primal    Dual     Compl     Time
   0   1.01764083e+12 -1.50738047e+09  5.77e+10 0.00e+00  1.14e+05   223s
   1   6.39284602e+11 -1.08130150e+09  3.62e+10 1.99e+00  7.10e+04   224s
   2   9.07011291e+10 -6.71908580e+08  5.14e+09 7.13e-01  1.01e+04   227s
   3   3.15451471e+10 -5.66710483e+08  1.79e+09 5.99e-01  3.55e+03   228s
   4   6.17205750e+09 -3.49045142e+08  3.50e+08 3.69e-01  7.17e+02   230s
   5   1.30689769e+09 -2.89936955e+08  7.41e+07 3.04e-01  1.68e+02   231s

Barrier performed 5 iterations in 231.25 seconds (5535.11 work units)
Barrier solve interrupted - model solved by another algorithm

Concurrent spin time: 5.87s (can be avoided by choosing Method=3)

Solved with dual simplex

Root simplex log...

Iteration    Objective       Primal Inf.    Dual Inf.      Time
   20522    1.5727986e+04   0.000000e+00   0.000000e+00    233s

Root relaxation: objective 1.572799e+04, 20522 iterations, 22.91 seconds (27.86 work units)

    Nodes    |    Current Node    |     Objective Bounds      |     Work
 Expl Unexpl |  Obj  Depth IntInf | Incumbent    BestBd   Gap | It/Node Time

     0     0 15727.9863    0   10 15728.0400 15727.9863  0.00%     -  234s
     0     0 15727.9959    0   64 15728.0400 15727.9959  0.00%     -  253s
     0     0 15727.9959    0    8 15728.0400 15727.9959  0.00%     -  258s
     0     0 15727.9959    0   14 15728.0400 15727.9959  0.00%     -  258s
     0     0 15728.0089    0   16 15728.0400 15728.0089  0.00%     -  258s
     0     0 15728.0089    0   18 15728.0400 15728.0089  0.00%     -  258s
     0     0     cutoff    0      15728.0400 15728.0400  0.00%     -  258s

Cutting planes:
  Cover: 3
  MIR: 3

Explored 1 nodes (25119 simplex iterations) in 259.12 seconds (5555.67 work units)
Thread count was 28 (of 28 available processors)

Solution count 1: 15728 

Optimal solution found (tolerance 1.00e-09)
Best objective 1.572803999976e+04, best bound 1.572803999976e+04, gap 0.0000%
pareto-map: box [15559.0400,15898.0400] (f1, f1<=15728)  → new point f1=15728.0400 f2=9.74986
Set parameter OutputFlag to value 1
Set parameter TimeLimit to value 600
Gurobi Optimizer version 13.0.1 build v13.0.1rc0 (linux64 - "CachyOS")

CPU model: Intel(R) Core(TM) i7-14700KF, instruction set [SSE2|AVX|AVX2]
Thread count: 28 physical cores, 28 logical processors, using up to 28 threads

Non-default parameters:
TimeLimit  600
IntFeasTol  1e-09
MIPGap  1e-09

Academic license 2669763 - for non-commercial use only - registered to bg___@id.uff.br
Optimize a model with 9376 rows, 7653711 columns and 35608192 nonzeros (Min)
Model fingerprint: 0xaa00ff3b
Model has 7645330 linear objective coefficients
Variable types: 0 continuous, 7653711 integer (7645330 binary)
Coefficient statistics:
  Matrix range     [1e-02, 1e+02]
  Objective range  [1e+00, 3e+02]
  Bounds range     [1e+00, 1e+00]
  RHS range        [1e+00, 1e+09]

Presolve removed 58 rows and 393827 columns (presolve time = 5s)...
Presolve removed 137 rows and 393906 columns (presolve time = 10s)...
Presolve removed 137 rows and 398262 columns (presolve time = 15s)...
Presolve removed 137 rows and 398262 columns (presolve time = 20s)...
Presolve removed 137 rows and 398262 columns (presolve time = 25s)...
Presolve removed 137 rows and 398262 columns (presolve time = 30s)...
Presolve removed 137 rows and 398262 columns (presolve time = 51s)...
Presolve removed 137 rows and 398262 columns (presolve time = 57s)...
Presolve removed 137 rows and 398262 columns (presolve time = 62s)...
Presolve removed 137 rows and 398262 columns (presolve time = 67s)...
Presolve removed 137 rows and 398262 columns (presolve time = 72s)...
Presolve removed 137 rows and 398262 columns (presolve time = 77s)...
Presolve removed 137 rows and 398262 columns
Presolve time: 78.87s
Presolved: 9239 rows, 7255449 columns, 27698506 nonzeros
Variable types: 0 continuous, 7255449 integer (7247206 binary)
Found heuristic solution: objective 262953.04000
Deterministic concurrent LP optimizer: primal simplex, dual simplex, and barrier
Showing barrier log only...

Root barrier log...

Ordering time: 0.49s

Barrier statistics:
 AA' NZ     : 7.696e+06
 Factor NZ  : 1.946e+07 (roughly 3.0 GB of memory)
 Factor Ops : 6.421e+10 (less than 1 second per iteration)
 Threads    : 26

                  Objective                Residual
Iter       Primal          Dual         Primal    Dual     Compl     Time
   0   1.93305491e+13 -8.68672520e+09  3.44e+10 0.00e+00  1.66e+06   116s
   1   8.03031165e+12 -6.71594525e+09  1.49e+10 7.48e+01  7.34e+05   118s
   2   1.24498379e+12 -1.84358503e+09  2.43e+09 6.42e-11  1.21e+05   119s
   3   3.26649128e+11 -6.90825805e+08  6.38e+08 7.84e-11  3.19e+04   122s
   4   4.57101538e+10 -2.06324178e+08  8.91e+07 7.02e-11  4.54e+03   123s

Barrier performed 4 iterations in 123.16 seconds (1599.79 work units)
Barrier solve interrupted - model solved by another algorithm

Concurrent spin time: 4.24s (can be avoided by choosing Method=3)

Solved with dual simplex

Root simplex log...

Iteration    Objective       Primal Inf.    Dual Inf.      Time
   17012    1.4932968e+04   0.000000e+00   0.000000e+00    123s

Root relaxation: objective 1.493297e+04, 17012 iterations, 18.62 seconds (19.71 work units)

    Nodes    |    Current Node    |     Objective Bounds      |     Work
 Expl Unexpl |  Obj  Depth IntInf | Incumbent    BestBd   Gap | It/Node Time

     0     0 14932.9679    0   14 262953.040 14932.9679  94.3%     -  125s
H    0     0                    14934.040000 14932.9679  0.01%     -  128s
     0     0 14932.9941    0   18 14934.0400 14932.9941  0.01%     -  146s
     0     0 14932.9941    0   21 14934.0400 14932.9941  0.01%     -  151s
     0     0 14932.9941    0   40 14934.0400 14932.9941  0.01%     -  151s
     0     0 14933.0039    0   43 14934.0400 14933.0039  0.01%     -  151s
     0     0 14933.0201    0   45 14934.0400 14933.0201  0.01%     -  151s
     0     0 14933.0253    0   47 14934.0400 14933.0253  0.01%     -  152s
     0     0 14933.0765    0   47 14934.0400 14933.0765  0.01%     -  152s
     0     0 14933.0812    0   47 14934.0400 14933.0812  0.01%     -  152s
     0     0 14933.0817    0   49 14934.0400 14933.0817  0.01%     -  152s
     0     0 14933.1018    0   47 14934.0400 14933.1018  0.01%     -  152s
     0     0 14933.1018    0   12 14934.0400 14933.1018  0.01%     -  152s
     0     0 14933.1018    0   22 14934.0400 14933.1018  0.01%     -  152s
     0     0 14933.1018    0   24 14934.0400 14933.1018  0.01%     -  152s
     0     0 14933.1018    0   26 14934.0400 14933.1018  0.01%     -  152s
     0     0 14933.1018    0   24 14934.0400 14933.1018  0.01%     -  152s
     0     0 14933.1047    0   34 14934.0400 14933.1047  0.01%     -  152s
     0     0 14933.1112    0   48 14934.0400 14933.1112  0.01%     -  152s
     0     0 14933.1112    0   48 14934.0400 14933.1112  0.01%     -  152s
     0     0 14933.1138    0   50 14934.0400 14933.1138  0.01%     -  152s
     0     0 14933.1158    0   52 14934.0400 14933.1158  0.01%     -  152s
     0     0 14933.3196    0   51 14934.0400 14933.3196  0.00%     -  152s
     0     0 14933.3205    0   51 14934.0400 14933.3205  0.00%     -  152s
     0     0 14933.3279    0   54 14934.0400 14933.3279  0.00%     -  152s
     0     0 14933.3463    0   49 14934.0400 14933.3463  0.00%     -  152s
     0     0 14933.3472    0   49 14934.0400 14933.3472  0.00%     -  152s
     0     0 14933.3533    0   49 14934.0400 14933.3533  0.00%     -  152s
     0     0 14933.3533    0   50 14934.0400 14933.3533  0.00%     -  152s
     0     0 14933.3562    0   37 14934.0400 14933.3562  0.00%     -  152s
     0     0 14933.3596    0   35 14934.0400 14933.3596  0.00%     -  152s
     0     0 14933.3596    0   51 14934.0400 14933.3596  0.00%     -  152s
     0     0 14933.3596    0   51 14934.0400 14933.3596  0.00%     -  152s
     0     0 14933.3601    0   50 14934.0400 14933.3601  0.00%     -  152s
     0     0 14933.3601    0   50 14934.0400 14933.3601  0.00%     -  152s
     0     0 14933.3601    0   30 14934.0400 14933.3601  0.00%     -  152s
     0     2 14933.3601    0   24 14934.0400 14933.3601  0.00%     -  152s
  6725   970 14933.8341   17   35 14934.0400 14933.7332  0.00%   6.8  155s

Cutting planes:
  Cover: 58
  MIR: 15
  StrongCG: 11
  Inf proof: 6
  RLT: 1

Explored 12829 nodes (125690 simplex iterations) in 157.09 seconds (1626.34 work units)
Thread count was 28 (of 28 available processors)

Solution count 2: 14934 262953 

Optimal solution found (tolerance 1.00e-09)
Best objective 1.493403999976e+04, best bound 1.493403999976e+04, gap 0.0000%
Set parameter Seed to value 0
Gurobi Optimizer version 13.0.1 build v13.0.1rc0 (linux64 - "CachyOS")

CPU model: Intel(R) Core(TM) i7-14700KF, instruction set [SSE2|AVX|AVX2]
Thread count: 28 physical cores, 28 logical processors, using up to 28 threads

Non-default parameters:
TimeLimit  600
IntFeasTol  1e-09
MIPGap  1e-09

Academic license 2669763 - for non-commercial use only - registered to bg___@id.uff.br
Optimize a model with 9377 rows, 7653711 columns and 43253522 nonzeros (Min)
Model fingerprint: 0xbeb27b3a
Model has 6327720 linear objective coefficients
Variable types: 0 continuous, 7653711 integer (7645330 binary)
Coefficient statistics:
  Matrix range     [1e-02, 3e+02]
  Objective range  [1e-02, 1e+02]
  Bounds range     [1e+00, 1e+00]
  RHS range        [1e+00, 1e+09]

Loaded MIP start from previous solve with objective 29.258

Presolve removed 58 rows and 393827 columns (presolve time = 5s)...
Presolve removed 137 rows and 393906 columns (presolve time = 10s)...
Presolve removed 137 rows and 394001 columns (presolve time = 15s)...
Presolve removed 137 rows and 394851 columns (presolve time = 20s)...
Presolve removed 137 rows and 394851 columns (presolve time = 25s)...
Presolve removed 137 rows and 394851 columns (presolve time = 30s)...
Presolve removed 137 rows and 394851 columns (presolve time = 35s)...
Presolve removed 137 rows and 395544 columns (presolve time = 40s)...
Presolve removed 137 rows and 395544 columns (presolve time = 59s)...
Presolve removed 137 rows and 395544 columns (presolve time = 65s)...
Presolve removed 137 rows and 395544 columns (presolve time = 70s)...
Presolve removed 137 rows and 395544 columns (presolve time = 75s)...
Presolve removed 137 rows and 395544 columns (presolve time = 80s)...
Presolve removed 137 rows and 395544 columns (presolve time = 86s)...
Presolve removed 137 rows and 395544 columns (presolve time = 97s)...
Presolve removed 137 rows and 395544 columns (presolve time = 102s)...
Presolve removed 137 rows and 395544 columns (presolve time = 107s)...
Presolve removed 137 rows and 395544 columns (presolve time = 113s)...
Presolve removed 137 rows and 395544 columns (presolve time = 118s)...
Presolve removed 137 rows and 395544 columns (presolve time = 123s)...
Presolve removed 137 rows and 395544 columns (presolve time = 125s)...
Presolve removed 137 rows and 395544 columns
Presolve time: 126.20s
Presolved: 9240 rows, 7258167 columns, 34929438 nonzeros
Variable types: 0 continuous, 7258167 integer (7249924 binary)
Deterministic concurrent LP optimizer: primal simplex, dual simplex, and barrier
Showing barrier log only...

Root barrier log...

Ordering time: 0.48s

Barrier statistics:
 AA' NZ     : 7.704e+06
 Factor NZ  : 1.947e+07 (roughly 3.0 GB of memory)
 Factor Ops : 6.423e+10 (less than 1 second per iteration)
 Threads    : 26

                  Objective                Residual
Iter       Primal          Dual         Primal    Dual     Compl     Time
   0   4.49786478e+10 -1.66563140e+08  6.53e+10 2.22e-16  1.11e+04   142s
   1   3.13140378e+10 -1.49148478e+08  4.54e+10 1.34e+00  7.76e+03   143s
   2   1.60734078e+10 -1.32437226e+08  2.35e+10 7.30e-01  3.99e+03   145s
   3   4.52350983e+09 -8.33589637e+07  6.65e+09 2.17e-01  1.14e+03   148s
   4   1.62541296e+09 -5.83248933e+07  2.40e+09 1.48e-01  4.14e+02   151s
   5   9.36570506e+08 -5.51963717e+07  1.39e+09 1.41e-01  2.41e+02   152s
   6   3.19078172e+08 -4.80849093e+07  4.76e+08 1.19e-01  8.45e+01   154s
   7   1.54127710e+08 -4.14271092e+07  2.31e+08 9.90e-02  4.23e+01   155s
   8   3.41725281e+07 -2.67923897e+07  5.24e+07 5.13e-02  1.08e+01   157s
   9   1.08817397e+07 -1.76193053e+07  1.71e+07 2.29e-02  4.15e+00   159s
  10   4.12737703e+06 -1.21958112e+07  6.57e+06 4.94e-03  1.98e+00   161s
  11   1.86881203e+06 -9.51603940e+06  3.03e+06 3.15e-13  1.18e+00   162s
  12   1.32253545e+06 -7.91786921e+06  2.17e+06 3.45e-13  9.28e-01   163s

Barrier performed 12 iterations in 162.71 seconds (2851.55 work units)
Barrier solve interrupted - model solved by another algorithm

Concurrent spin time: 9.81s (can be avoided by choosing Method=3)

Solved with primal simplex

Root relaxation: cutoff, 96342 iterations, 34.07 seconds (36.22 work units)

    Nodes    |    Current Node    |     Objective Bounds      |     Work
 Expl Unexpl |  Obj  Depth IntInf | Incumbent    BestBd   Gap | It/Node Time

     0     0     cutoff    0        29.25804   29.25804  0.00%     -  162s

Explored 1 nodes (96342 simplex iterations) in 163.26 seconds (2852.64 work units)
Thread count was 28 (of 28 available processors)

Solution count 1: 29.258 

Optimal solution found (tolerance 1.00e-09)
Best objective 2.925804165490e+01, best bound 2.925804165490e+01, gap 0.0000%
pareto-map: box [14843.0400,15031.0400] (f2, f2<=29.3)  → new point f1=14934.0400 f2=29.258
Set parameter OutputFlag to value 1
Set parameter TimeLimit to value 600
Gurobi Optimizer version 13.0.1 build v13.0.1rc0 (linux64 - "CachyOS")

CPU model: Intel(R) Core(TM) i7-14700KF, instruction set [SSE2|AVX|AVX2]
Thread count: 28 physical cores, 28 logical processors, using up to 28 threads

Non-default parameters:
TimeLimit  600
IntFeasTol  1e-09
MIPGap  1e-09

Academic license 2669763 - for non-commercial use only - registered to bg___@id.uff.br
Optimize a model with 9376 rows, 7653711 columns and 36925802 nonzeros (Min)
Model fingerprint: 0x3c1b1ee8
Model has 6327720 linear objective coefficients
Variable types: 0 continuous, 7653711 integer (7645330 binary)
Coefficient statistics:
  Matrix range     [1e-02, 3e+02]
  Objective range  [1e-02, 1e+02]
  Bounds range     [1e+00, 1e+00]
  RHS range        [1e+00, 1e+09]

Presolve removed 52 rows and 20758 columns (presolve time = 5s)...
Presolve removed 137 rows and 20843 columns (presolve time = 10s)...
Presolve removed 137 rows and 20929 columns (presolve time = 15s)...
Presolve removed 137 rows and 29835 columns (presolve time = 20s)...
Presolve removed 137 rows and 29835 columns (presolve time = 25s)...
Presolve removed 137 rows and 29835 columns (presolve time = 31s)...
Presolve removed 137 rows and 29835 columns (presolve time = 35s)...
Presolve removed 137 rows and 29835 columns (presolve time = 40s)...
Presolve removed 137 rows and 29835 columns
Presolve time: 42.85s
Presolved: 9239 rows, 7623876 columns, 30455992 nonzeros
Variable types: 0 continuous, 7623876 integer (7615633 binary)
Found heuristic solution: objective 361.9629500
Deterministic concurrent LP optimizer: primal simplex, dual simplex, and barrier
Showing barrier log only...

Root barrier log...

Ordering time: 0.61s

Barrier statistics:
 AA' NZ     : 8.221e+06
 Factor NZ  : 4.087e+07 (roughly 3.4 GB of memory)
 Factor Ops : 2.440e+11 (roughly 1 second per iteration)
 Threads    : 26

                  Objective                Residual
Iter       Primal          Dual         Primal    Dual     Compl     Time
   0   9.97948254e+10 -4.82898952e+08  6.96e+10 0.00e+00  2.99e+04    77s
   1   5.37887426e+10 -3.59569039e+08  3.75e+10 1.81e+00  1.62e+04    78s
   2   3.68913563e+10 -3.05517514e+08  2.57e+10 8.72e-01  1.13e+04    81s
   3   5.27771846e+09 -1.10927659e+08  3.70e+09 1.19e-01  1.66e+03    84s
   4   2.21354570e+09 -5.90220931e+07  1.55e+09 4.17e-02  7.05e+02    86s
   5   5.91733568e+08 -4.63012884e+07  4.17e+08 2.40e-02  1.92e+02    89s
   6   4.34557991e+08 -4.58398466e+07  3.07e+08 2.26e-02  1.42e+02    91s
   7   3.09959608e+08 -4.52696632e+07  2.20e+08 1.93e-02  1.02e+02    93s
   8   1.98505467e+08 -3.01589518e+07  1.41e+08 4.21e-12  6.56e+01    95s

Barrier performed 8 iterations in 95.35 seconds (184.82 work units)
Barrier solve interrupted - model solved by another algorithm

Concurrent spin time: 0.16s

Solved with primal simplex

Root simplex log...

Iteration    Objective       Primal Inf.    Dual Inf.      Time
   83624    2.1638106e+01   0.000000e+00   0.000000e+00     95s

Root relaxation: objective 2.163811e+01, 83624 iterations, 30.53 seconds (27.76 work units)

    Nodes    |    Current Node    |     Objective Bounds      |     Work
 Expl Unexpl |  Obj  Depth IntInf | Incumbent    BestBd   Gap | It/Node Time

     0     0   21.63811    0   20  361.96295   21.63811  94.0%     -   97s
H    0     0                      21.7068139   21.63811  0.32%     -  100s
H    0     0                      21.6943306   21.63811  0.26%     -  103s
H    0     0                      21.6901694   21.63811  0.24%     -  104s
     0     0   21.63811    0  229   21.69017   21.63811  0.24%     -  127s
     0     0   21.63811    0   12   21.69017   21.63811  0.24%     -  134s
     0     0   21.63811    0   17   21.69017   21.63811  0.24%     -  134s
     0     0   21.64722    0   27   21.69017   21.64722  0.20%     -  134s
     0     0   21.64722    0   35   21.69017   21.64722  0.20%     -  134s
     0     0   21.64722    0   12   21.69017   21.64722  0.20%     -  134s
     0     0   21.65961    0   20   21.69017   21.65961  0.14%     -  134s
     0     0   21.65961    0   24   21.69017   21.65961  0.14%     -  135s
     0     0   21.65961    0   38   21.69017   21.65961  0.14%     -  135s
     0     0   21.65961    0   13   21.69017   21.65961  0.14%     -  135s
     0     0   21.65961    0   16   21.69017   21.65961  0.14%     -  135s
     0     0   21.65961    0   22   21.69017   21.65961  0.14%     -  135s
     0     0   21.65961    0   22   21.69017   21.65961  0.14%     -  135s
     0     0   21.65961    0   22   21.69017   21.65961  0.14%     -  135s
     0     0   21.65961    0   26   21.69017   21.65961  0.14%     -  135s
     0     0   21.65961    0   21   21.69017   21.65961  0.14%     -  135s
     0     0   21.65961    0   26   21.69017   21.65961  0.14%     -  136s
     0     0   21.65961    0    9   21.69017   21.65961  0.14%     -  136s
     0     0   21.65961    0   21   21.69017   21.65961  0.14%     -  136s
     0     0   21.65961    0   21   21.69017   21.65961  0.14%     -  136s
     0     0   21.65961    0   10   21.69017   21.65961  0.14%     -  136s
     0     0   21.65961    0   10   21.69017   21.65961  0.14%     -  136s
     0     0   21.65961    0   10   21.69017   21.65961  0.14%     -  136s
     0     2   21.65961    0   10   21.69017   21.65961  0.14%     -  136s
  1245  1406   21.66247   61   27   21.69017   21.65961  0.14%  38.3  140s
  3537  1897     cutoff   35        21.69017   21.65961  0.14%  61.0  145s

Cutting planes:
  Gomory: 1
  Cover: 4
  MIR: 1
  Inf proof: 1

Explored 5628 nodes (521025 simplex iterations) in 149.70 seconds (243.05 work units)
Thread count was 28 (of 28 available processors)

Solution count 4: 21.6902 21.6943 21.7068 361.963 

Optimal solution found (tolerance 1.00e-09)
Best objective 2.169016943922e+01, best bound 2.169016943922e+01, gap 0.0000%
Set parameter Seed to value 0
Gurobi Optimizer version 13.0.1 build v13.0.1rc0 (linux64 - "CachyOS")

CPU model: Intel(R) Core(TM) i7-14700KF, instruction set [SSE2|AVX|AVX2]
Thread count: 28 physical cores, 28 logical processors, using up to 28 threads

Non-default parameters:
TimeLimit  600
IntFeasTol  1e-09
MIPGap  1e-09

Academic license 2669763 - for non-commercial use only - registered to bg___@id.uff.br
Optimize a model with 9377 rows, 7653711 columns and 43253522 nonzeros (Min)
Model fingerprint: 0x48c805b5
Model has 7645330 linear objective coefficients
Variable types: 0 continuous, 7653711 integer (7645330 binary)
Coefficient statistics:
  Matrix range     [1e-02, 3e+02]
  Objective range  [1e+00, 3e+02]
  Bounds range     [1e+00, 1e+00]
  RHS range        [1e+00, 1e+09]

Loaded MIP start from previous solve with objective 15125

Presolve removed 59 rows and 448125 columns (presolve time = 5s)...
Presolve removed 137 rows and 448203 columns (presolve time = 10s)...
Presolve removed 137 rows and 448203 columns (presolve time = 15s)...
Presolve removed 137 rows and 448971 columns (presolve time = 20s)...
Presolve removed 137 rows and 448971 columns (presolve time = 25s)...
Presolve removed 137 rows and 448971 columns (presolve time = 31s)...
Presolve removed 137 rows and 448971 columns (presolve time = 35s)...
Presolve removed 137 rows and 448971 columns (presolve time = 40s)...
Presolve removed 137 rows and 448971 columns (presolve time = 71s)...
Presolve removed 137 rows and 448971 columns (presolve time = 76s)...
Presolve removed 137 rows and 448971 columns (presolve time = 81s)...
Presolve removed 137 rows and 448971 columns (presolve time = 87s)...
Presolve removed 137 rows and 448971 columns (presolve time = 92s)...
Presolve removed 137 rows and 448971 columns (presolve time = 97s)...
Presolve removed 137 rows and 448971 columns (presolve time = 103s)...
Presolve removed 137 rows and 448971 columns (presolve time = 114s)...
Presolve removed 137 rows and 448971 columns (presolve time = 116s)...
Presolve removed 137 rows and 448971 columns
Presolve time: 116.59s
Presolved: 9240 rows, 7204740 columns, 34662318 nonzeros
Variable types: 0 continuous, 7204740 integer (7196497 binary)
Deterministic concurrent LP optimizer: primal simplex, dual simplex, and barrier
Showing barrier log only...

Root barrier log...

Ordering time: 0.44s

Barrier statistics:
 AA' NZ     : 7.623e+06
 Factor NZ  : 1.935e+07 (roughly 3.0 GB of memory)
 Factor Ops : 6.379e+10 (less than 1 second per iteration)
 Threads    : 26

                  Objective                Residual
Iter       Primal          Dual         Primal    Dual     Compl     Time
   0   1.17371587e+12 -1.58291837e+09  6.42e+10 0.00e+00  1.24e+05   134s
   1   7.53631803e+11 -1.08710715e+09  4.13e+10 2.95e+00  7.96e+04   136s
   2   1.75506462e+11 -3.83381699e+08  9.61e+09 6.08e-12  1.86e+04   137s
   3   3.26459348e+10 -2.75025869e+08  1.79e+09 3.95e-12  3.48e+03   139s
   4   1.20873795e+10 -1.62773425e+08  6.62e+08 2.97e-11  1.30e+03   140s

Barrier performed 4 iterations in 140.43 seconds (2551.69 work units)
Barrier solve interrupted - model solved by another algorithm

Concurrent spin time: 4.42s (can be avoided by choosing Method=3)

Solved with dual simplex

Root simplex log...

Iteration    Objective       Primal Inf.    Dual Inf.      Time
   20805    1.5123522e+04   0.000000e+00   0.000000e+00    142s

Root relaxation: objective 1.512352e+04, 20805 iterations, 22.67 seconds (29.68 work units)

    Nodes    |    Current Node    |     Objective Bounds      |     Work
 Expl Unexpl |  Obj  Depth IntInf | Incumbent    BestBd   Gap | It/Node Time

     0     0 15123.5216    0   18 15125.0400 15123.5216  0.01%     -  144s
     0     0 15123.5382    0   18 15125.0400 15123.5382  0.01%     -  166s
     0     0 15123.5382    0   13 15125.0400 15123.5382  0.01%     -  172s
     0     0 15123.5547    0   17 15125.0400 15123.5547  0.01%     -  172s
     0     0 15123.5626    0   19 15125.0400 15123.5626  0.01%     -  172s
     0     0 15123.5704    0   22 15125.0400 15123.5704  0.01%     -  172s
     0     0 15123.5729    0   26 15125.0400 15123.5729  0.01%     -  172s
     0     0 15123.5861    0   21 15125.0400 15123.5861  0.01%     -  172s
     0     0 15123.6008    0   24 15125.0400 15123.6008  0.01%     -  172s
     0     0 15123.6112    0   28 15125.0400 15123.6112  0.01%     -  173s
     0     0 15123.6191    0   35 15125.0400 15123.6191  0.01%     -  173s
     0     0 15123.6271    0   35 15125.0400 15123.6271  0.01%     -  173s
     0     0 15123.6271    0   25 15125.0400 15123.6271  0.01%     -  173s
     0     2 15123.6271    0   25 15125.0400 15123.6271  0.01%     -  173s
   580   959 15124.1223   21   32 15125.0400 15123.7752  0.01%  20.6  175s
  3635  2295 15124.2757   17   38 15125.0400 15124.2579  0.01%  11.0  180s

Cutting planes:
  Gomory: 1
  Cover: 29
  MIR: 12
  StrongCG: 8
  Flow cover: 3
  GUB cover: 2
  Inf proof: 12

Explored 8116 nodes (115125 simplex iterations) in 183.81 seconds (2593.04 work units)
Thread count was 28 (of 28 available processors)

Solution count 2: 15125 15125 

Optimal solution found (tolerance 1.00e-09)
Best objective 1.512503999976e+04, best bound 1.512503999976e+04, gap 0.0000%
pareto-map: box [15031.0400,15220.0400] (f1, f1<=15125)  → new point f1=15125.0400 f2=21.6902
Set parameter OutputFlag to value 1
Set parameter TimeLimit to value 600
Gurobi Optimizer version 13.0.1 build v13.0.1rc0 (linux64 - "CachyOS")

CPU model: Intel(R) Core(TM) i7-14700KF, instruction set [SSE2|AVX|AVX2]
Thread count: 28 physical cores, 28 logical processors, using up to 28 threads

Non-default parameters:
TimeLimit  600
IntFeasTol  1e-09
MIPGap  1e-09

Academic license 2669763 - for non-commercial use only - registered to bg___@id.uff.br
Optimize a model with 9376 rows, 7653711 columns and 35608192 nonzeros (Min)
Model fingerprint: 0xbe61c857
Model has 7645330 linear objective coefficients
Variable types: 0 continuous, 7653711 integer (7645330 binary)
Coefficient statistics:
  Matrix range     [1e-02, 1e+02]
  Objective range  [1e+00, 3e+02]
  Bounds range     [1e+00, 1e+00]
  RHS range        [1e+00, 1e+09]

Presolve removed 58 rows and 248311 columns (presolve time = 6s)...
Presolve removed 137 rows and 248390 columns (presolve time = 10s)...
Presolve removed 137 rows and 252746 columns (presolve time = 15s)...
Presolve removed 137 rows and 252746 columns (presolve time = 20s)...
Presolve removed 137 rows and 252746 columns (presolve time = 25s)...
Presolve removed 137 rows and 252746 columns (presolve time = 30s)...
Presolve removed 137 rows and 252746 columns (presolve time = 50s)...
Presolve removed 137 rows and 252746 columns (presolve time = 55s)...
Presolve removed 137 rows and 252746 columns (presolve time = 60s)...
Presolve removed 137 rows and 252746 columns (presolve time = 66s)...
Presolve removed 137 rows and 252746 columns (presolve time = 71s)...
Presolve removed 137 rows and 252746 columns (presolve time = 76s)...
Presolve removed 137 rows and 252746 columns (presolve time = 88s)...
Presolve removed 137 rows and 252746 columns (presolve time = 93s)...
Presolve removed 137 rows and 252746 columns (presolve time = 104s)...
Presolve removed 137 rows and 252746 columns (presolve time = 110s)...
Presolve removed 137 rows and 252746 columns (presolve time = 115s)...
Presolve removed 137 rows and 252746 columns (presolve time = 120s)...
Presolve removed 137 rows and 252746 columns (presolve time = 125s)...
Presolve removed 137 rows and 252746 columns (presolve time = 130s)...
Presolve removed 137 rows and 252746 columns
Presolve time: 131.31s
Presolved: 9239 rows, 7400965 columns, 28280570 nonzeros
Variable types: 0 continuous, 7400965 integer (7392722 binary)
Deterministic concurrent LP optimizer: primal simplex, dual simplex, and barrier
Showing barrier log only...

Root barrier log...

Ordering time: 0.50s

Barrier statistics:
 AA' NZ     : 7.895e+06
 Factor NZ  : 2.861e+07 (roughly 3.0 GB of memory)
 Factor Ops : 1.327e+11 (less than 1 second per iteration)
 Threads    : 26

                  Objective                Residual
Iter       Primal          Dual         Primal    Dual     Compl     Time
   0   1.85747809e+13 -8.83116632e+09  2.14e+10 0.00e+00  1.56e+06   172s
   1   6.91984643e+12 -7.16292512e+09  8.45e+09 6.40e+01  6.05e+05   173s
   2   1.24201436e+12 -1.67812459e+09  1.62e+09 3.33e-11  1.16e+05   175s
   3   1.32950153e+11 -5.39346080e+08  1.74e+08 1.64e-11  1.25e+04   177s

Barrier performed 3 iterations in 177.10 seconds (3291.51 work units)
Barrier solve interrupted - model solved by another algorithm

Concurrent spin time: 3.40s (can be avoided by choosing Method=3)

Solved with dual simplex

Root simplex log...

Iteration    Objective       Primal Inf.    Dual Inf.      Time
   15553    1.4697625e+04   0.000000e+00   0.000000e+00    177s

Root relaxation: objective 1.469763e+04, 15553 iterations, 18.24 seconds (20.17 work units)

    Nodes    |    Current Node    |     Objective Bounds      |     Work
 Expl Unexpl |  Obj  Depth IntInf | Incumbent    BestBd   Gap | It/Node Time

     0     0 14697.6254    0   12          - 14697.6254      -     -  179s
H    0     0                    15244.040000 14697.6254  3.58%     -  199s
H    0     0                    14702.040000 14697.6254  0.03%     -  201s
H    0     0                    14699.040000 14697.6254  0.01%     -  202s
     0     0 14697.6254    0   20 14699.0400 14697.6254  0.01%     -  222s
     0     0 14697.6254    0    4 14699.0400 14697.6254  0.01%     -  227s
     0     0 14697.6424    0   10 14699.0400 14697.6424  0.01%     -  227s
     0     0 14697.6445    0   26 14699.0400 14697.6445  0.01%     -  227s
     0     0 14697.6586    0   16 14699.0400 14697.6586  0.01%     -  227s
     0     0 14697.6643    0   16 14699.0400 14697.6643  0.01%     -  227s
     0     0 14697.6694    0   16 14699.0400 14697.6694  0.01%     -  227s
     0     0 14697.6701    0   32 14699.0400 14697.6701  0.01%     -  227s
     0     0 14697.6951    0   24 14699.0400 14697.6951  0.01%     -  227s
     0     0 14697.6951    0   28 14699.0400 14697.6951  0.01%     -  227s
     0     0 14697.6951    0   24 14699.0400 14697.6951  0.01%     -  227s
     0     0 14697.6953    0   32 14699.0400 14697.6953  0.01%     -  227s
     0     0 14697.6965    0   34 14699.0400 14697.6965  0.01%     -  227s
     0     0 14697.6988    0   29 14699.0400 14697.6988  0.01%     -  227s
     0     0 14697.6989    0   33 14699.0400 14697.6989  0.01%     -  227s
     0     0 14697.6990    0   35 14699.0400 14697.6990  0.01%     -  227s
     0     0 14697.6990    0   35 14699.0400 14697.6990  0.01%     -  227s
     0     0 14697.6990    0   35 14699.0400 14697.6990  0.01%     -  227s
     0     2 14697.6993    0   35 14699.0400 14697.6993  0.01%     -  227s
  1850  3825 14697.8009   46   30 14699.0400 14697.7560  0.01%   6.9  230s
H 4004  3635                    14698.040000 14697.7560  0.00%   6.2  230s

Cutting planes:
  Cover: 1
  MIR: 8
  StrongCG: 5
  Flow cover: 2
  RLT: 1

Explored 7698 nodes (85112 simplex iterations) in 233.69 seconds (3328.83 work units)
Thread count was 28 (of 28 available processors)

Solution count 6: 14698 14698 14699 ... 15244

Optimal solution found (tolerance 1.00e-09)
Best objective 1.469803999976e+04, best bound 1.469803999976e+04, gap 0.0000%
Set parameter Seed to value 0
Gurobi Optimizer version 13.0.1 build v13.0.1rc0 (linux64 - "CachyOS")

CPU model: Intel(R) Core(TM) i7-14700KF, instruction set [SSE2|AVX|AVX2]
Thread count: 28 physical cores, 28 logical processors, using up to 28 threads

Non-default parameters:
TimeLimit  600
IntFeasTol  1e-09
MIPGap  1e-09

Academic license 2669763 - for non-commercial use only - registered to bg___@id.uff.br
Optimize a model with 9377 rows, 7653711 columns and 43253522 nonzeros (Min)
Model fingerprint: 0xd6c5021a
Model has 6327720 linear objective coefficients
Variable types: 0 continuous, 7653711 integer (7645330 binary)
Coefficient statistics:
  Matrix range     [1e-02, 3e+02]
  Objective range  [1e-02, 1e+02]
  Bounds range     [1e+00, 1e+00]
  RHS range        [1e+00, 1e+09]

Loaded MIP start from previous solve with objective 40.2089

Presolve removed 58 rows and 248311 columns (presolve time = 5s)...
Presolve removed 137 rows and 248390 columns (presolve time = 10s)...
Presolve removed 137 rows and 248485 columns (presolve time = 15s)...
Presolve removed 137 rows and 249335 columns (presolve time = 21s)...
Presolve removed 137 rows and 249335 columns (presolve time = 25s)...
Presolve removed 137 rows and 249335 columns (presolve time = 30s)...
Presolve removed 137 rows and 249335 columns (presolve time = 35s)...
Presolve removed 137 rows and 249335 columns (presolve time = 40s)...
Presolve removed 137 rows and 249335 columns (presolve time = 61s)...
Presolve removed 137 rows and 249335 columns (presolve time = 66s)...
Presolve removed 137 rows and 249335 columns (presolve time = 71s)...
Presolve removed 137 rows and 249335 columns (presolve time = 77s)...
Presolve removed 137 rows and 249335 columns (presolve time = 82s)...
Presolve removed 137 rows and 249335 columns (presolve time = 87s)...
Presolve removed 137 rows and 249335 columns (presolve time = 93s)...
Presolve removed 137 rows and 249335 columns (presolve time = 101s)...
Presolve removed 137 rows and 249335 columns (presolve time = 106s)...
Presolve removed 137 rows and 249335 columns (presolve time = 111s)...
Presolve removed 137 rows and 249335 columns (presolve time = 120s)...
Presolve removed 137 rows and 249335 columns (presolve time = 125s)...
Presolve removed 137 rows and 249335 columns (presolve time = 130s)...
Presolve removed 137 rows and 249335 columns (presolve time = 136s)...
Presolve removed 137 rows and 249335 columns (presolve time = 141s)...
Presolve removed 137 rows and 249335 columns
Presolve time: 143.83s
Presolved: 9240 rows, 7404376 columns, 35659848 nonzeros
Variable types: 0 continuous, 7404376 integer (7396133 binary)
Deterministic concurrent LP optimizer: primal simplex, dual simplex, and barrier
Showing barrier log only...

Root barrier log...

Ordering time: 0.51s

Barrier statistics:
 AA' NZ     : 7.904e+06
 Factor NZ  : 2.866e+07 (roughly 3.0 GB of memory)
 Factor Ops : 1.330e+11 (less than 1 second per iteration)
 Threads    : 26

                  Objective                Residual
Iter       Primal          Dual         Primal    Dual     Compl     Time
   0   5.53027357e+10 -1.92179956e+08  6.72e+10 2.22e-16  1.30e+04   160s
   1   3.84047115e+10 -1.64689768e+08  4.67e+10 1.31e+00  9.06e+03   163s
   2   2.30225570e+10 -1.52811323e+08  2.81e+10 8.35e-01  5.48e+03   165s
   3   5.53416805e+09 -9.09167850e+07  6.79e+09 1.79e-01  1.34e+03   168s
   4   2.00237404e+09 -5.65506955e+07  2.47e+09 9.35e-02  4.90e+02   170s
   5   7.42288325e+08 -4.33006359e+07  9.17e+08 5.69e-02  1.84e+02   172s
   6   3.42433430e+08 -3.51717668e+07  4.25e+08 3.13e-02  8.65e+01   174s
   7   1.77295435e+08 -3.21114024e+07  2.21e+08 1.97e-02  4.59e+01   176s
   8   4.65314876e+07 -2.92201856e+07  5.93e+07 9.66e-03  1.37e+01   177s
   9   3.37465893e+07 -2.82272872e+07  4.33e+07 6.22e-03  1.04e+01   179s
  10   1.08474894e+07 -1.55592134e+07  1.44e+07 2.70e-12  3.90e+00   181s

Barrier performed 10 iterations in 180.99 seconds (3359.26 work units)
Barrier solve interrupted - model solved by another algorithm

Concurrent spin time: 7.44s (can be avoided by choosing Method=3)

Solved with primal simplex

Root simplex log...

Iteration    Objective       Primal Inf.    Dual Inf.      Time
   54791    4.0195522e+01   0.000000e+00   0.000000e+00    181s

Root relaxation: objective 4.019552e+01, 54791 iterations, 34.67 seconds (34.91 work units)

    Nodes    |    Current Node    |     Objective Bounds      |     Work
 Expl Unexpl |  Obj  Depth IntInf | Incumbent    BestBd   Gap | It/Node Time

     0     0   40.19552    0    8   40.20890   40.19552  0.03%     -  184s
H    0     0                      40.2077083   40.19552  0.03%     -  187s
H    0     0                      40.2062222   40.19552  0.03%     -  187s
H    0     0                      40.2050333   40.19552  0.02%     -  188s
H    0     0                      40.2047361   40.19552  0.02%     -  188s
H    0     0                      40.2038444   40.19552  0.02%     -  189s
     0     0   40.19619    0   84   40.20384   40.19619  0.02%     -  215s
     0     0   40.19619    0    4   40.20384   40.19619  0.02%     -  221s

Cutting planes:
  Gomory: 3
  Cover: 2
  Implied bound: 1
  Clique: 2
  Zero half: 2
  RLT: 1

Explored 1 nodes (67019 simplex iterations) in 222.29 seconds (3397.87 work units)
Thread count was 28 (of 28 available processors)

Solution count 6: 40.2038 40.2047 40.205 ... 40.2089

Optimal solution found (tolerance 1.00e-09)
Best objective 4.020384443327e+01, best bound 4.020384443327e+01, gap 0.0000%
pareto-map: box [14650.0400,14746.0400] (f2, f2<=40.22)  → new point f1=14698.0400 f2=40.2038
Set parameter OutputFlag to value 1
Set parameter TimeLimit to value 600
Gurobi Optimizer version 13.0.1 build v13.0.1rc0 (linux64 - "CachyOS")

CPU model: Intel(R) Core(TM) i7-14700KF, instruction set [SSE2|AVX|AVX2]
Thread count: 28 physical cores, 28 logical processors, using up to 28 threads

Non-default parameters:
TimeLimit  600
IntFeasTol  1e-09
MIPGap  1e-09

Academic license 2669763 - for non-commercial use only - registered to bg___@id.uff.br
Optimize a model with 9376 rows, 7653711 columns and 36925802 nonzeros (Min)
Model fingerprint: 0x78d2b64a
Model has 6327720 linear objective coefficients
Variable types: 0 continuous, 7653711 integer (7645330 binary)
Coefficient statistics:
  Matrix range     [1e-02, 3e+02]
  Objective range  [1e-02, 1e+02]
  Bounds range     [1e+00, 1e+00]
  RHS range        [1e+00, 1e+09]

Presolve removed 52 rows and 20758 columns (presolve time = 5s)...
Presolve removed 137 rows and 20843 columns (presolve time = 10s)...
Presolve removed 137 rows and 29747 columns (presolve time = 15s)...
Presolve removed 137 rows and 29835 columns (presolve time = 20s)...
Presolve removed 137 rows and 29835 columns (presolve time = 25s)...
Presolve removed 137 rows and 29835 columns (presolve time = 30s)...
Presolve removed 137 rows and 29835 columns (presolve time = 35s)...
Presolve removed 137 rows and 29835 columns (presolve time = 41s)...
Presolve removed 137 rows and 29835 columns
Presolve time: 40.86s
Presolved: 9239 rows, 7623876 columns, 30455992 nonzeros
Variable types: 0 continuous, 7623876 integer (7615633 binary)
Found heuristic solution: objective 361.9629500
Deterministic concurrent LP optimizer: primal simplex, dual simplex, and barrier
Showing barrier log only...

Root barrier log...

Ordering time: 0.50s

Barrier statistics:
 AA' NZ     : 8.221e+06
 Factor NZ  : 4.087e+07 (roughly 3.4 GB of memory)
 Factor Ops : 2.440e+11 (roughly 1 second per iteration)
 Threads    : 26

                  Objective                Residual
Iter       Primal          Dual         Primal    Dual     Compl     Time
   0   9.97948222e+10 -4.82898951e+08  6.96e+10 0.00e+00  2.99e+04    75s
   1   5.37915418e+10 -3.59585979e+08  3.75e+10 1.81e+00  1.62e+04    76s
   2   3.68903914e+10 -3.05539678e+08  2.57e+10 8.72e-01  1.13e+04    79s
   3   5.27854289e+09 -1.10939448e+08  3.70e+09 1.19e-01  1.66e+03    83s
   4   2.21420718e+09 -5.90203771e+07  1.55e+09 4.16e-02  7.05e+02    86s
   5   5.91778160e+08 -4.62965079e+07  4.17e+08 2.38e-02  1.92e+02    88s
   6   4.34606363e+08 -4.58349963e+07  3.07e+08 2.25e-02  1.42e+02    90s
   7   3.10020287e+08 -4.52648763e+07  2.20e+08 1.91e-02  1.02e+02    92s
   8   1.98545372e+08 -3.01479984e+07  1.41e+08 1.07e-12  6.57e+01    95s
   9   6.42578954e+07 -2.40551335e+07  4.63e+07 1.63e-12  2.25e+01    98s

Barrier performed 9 iterations in 98.11 seconds (187.57 work units)
Barrier solve interrupted - model solved by another algorithm

Concurrent spin time: 1.11s

Solved with primal simplex

Root simplex log...

Iteration    Objective       Primal Inf.    Dual Inf.      Time
  118345    2.1642150e+00   0.000000e+00   0.000000e+00     98s

Root relaxation: objective 2.164215e+00, 118345 iterations, 34.93 seconds (28.88 work units)

    Nodes    |    Current Node    |     Objective Bounds      |     Work
 Expl Unexpl |  Obj  Depth IntInf | Incumbent    BestBd   Gap | It/Node Time

     0     0    2.16421    0   13  361.96295    2.16421  99.4%     -  100s
H    0     0                       2.1736666    2.16421  0.43%     -  103s
H    0     0                       2.1715861    2.16421  0.34%     -  105s
H    0     0                       2.1712889    2.16421  0.33%     -  106s
     0     0    2.16421    0  107    2.17129    2.16421  0.33%     -  130s
     0     0    2.16421    0    8    2.17129    2.16421  0.33%     -  136s
     0     0    2.16421    0   16    2.17129    2.16421  0.33%     -  137s
     0     0    2.16421    0   24    2.17129    2.16421  0.33%     -  137s
     0     0    2.16421    0   16    2.17129    2.16421  0.33%     -  137s
     0     0    2.16421    0    9    2.17129    2.16421  0.33%     -  137s
     0     0    2.16421    0   12    2.17129    2.16421  0.33%     -  137s
     0     0    2.16421    0   12    2.17129    2.16421  0.33%     -  137s
     0     0    2.16421    0   17    2.17129    2.16421  0.33%     -  137s

Cutting planes:
  GUB cover: 1
  Inf proof: 1

Explored 1 nodes (145128 simplex iterations) in 138.10 seconds (221.90 work units)
Thread count was 28 (of 28 available processors)

Solution count 4: 2.17129 2.17159 2.17367 361.963 

Optimal solution found (tolerance 1.00e-09)
Best objective 2.171288863750e+00, best bound 2.171288863750e+00, gap 0.0000%
Set parameter Seed to value 0
Gurobi Optimizer version 13.0.1 build v13.0.1rc0 (linux64 - "CachyOS")

CPU model: Intel(R) Core(TM) i7-14700KF, instruction set [SSE2|AVX|AVX2]
Thread count: 28 physical cores, 28 logical processors, using up to 28 threads

Non-default parameters:
TimeLimit  600
IntFeasTol  1e-09
MIPGap  1e-09

Academic license 2669763 - for non-commercial use only - registered to bg___@id.uff.br
Optimize a model with 9377 rows, 7653711 columns and 43253522 nonzeros (Min)
Model fingerprint: 0x022525c1
Model has 7645330 linear objective coefficients
Variable types: 0 continuous, 7653711 integer (7645330 binary)
Coefficient statistics:
  Matrix range     [1e-02, 3e+02]
  Objective range  [1e+00, 3e+02]
  Bounds range     [1e+00, 1e+00]
  RHS range        [1e+00, 1e+09]

Loaded MIP start from previous solve with objective 16322

Presolve removed 64 rows and 2635851 columns (presolve time = 5s)...
Presolve removed 3012 rows and 2638799 columns (presolve time = 10s)...
Presolve removed 3022 rows and 2759121 columns (presolve time = 15s)...
Presolve removed 3024 rows and 2759123 columns (presolve time = 20s)...
Presolve removed 3024 rows and 2759123 columns (presolve time = 25s)...
Presolve removed 3024 rows and 2759123 columns (presolve time = 30s)...
Presolve removed 3024 rows and 2759123 columns (presolve time = 65s)...
Presolve removed 3024 rows and 2759123 columns (presolve time = 70s)...
Presolve removed 3024 rows and 2759123 columns (presolve time = 75s)...
Presolve removed 3024 rows and 2759123 columns (presolve time = 81s)...
Presolve removed 3024 rows and 2759123 columns (presolve time = 86s)...
Presolve removed 3024 rows and 2759123 columns (presolve time = 91s)...
Presolve removed 3024 rows and 2759123 columns (presolve time = 97s)...
Presolve removed 3024 rows and 2759123 columns (presolve time = 102s)...
Presolve removed 3024 rows and 2759123 columns (presolve time = 107s)...
Presolve removed 3024 rows and 2759123 columns (presolve time = 112s)...
Presolve removed 3024 rows and 2759123 columns (presolve time = 118s)...
Presolve removed 3024 rows and 2759123 columns (presolve time = 123s)...
Presolve removed 3024 rows and 2759123 columns (presolve time = 128s)...
Presolve removed 3024 rows and 2759123 columns (presolve time = 133s)...
Presolve removed 3024 rows and 2759123 columns (presolve time = 139s)...
Presolve removed 3024 rows and 2759123 columns (presolve time = 144s)...
Presolve removed 3024 rows and 2759123 columns (presolve time = 149s)...
Presolve removed 3024 rows and 2759123 columns (presolve time = 155s)...
Presolve removed 3024 rows and 2759123 columns (presolve time = 160s)...
Presolve removed 3024 rows and 2759123 columns (presolve time = 165s)...
Presolve removed 3024 rows and 2759123 columns (presolve time = 170s)...
Presolve removed 3024 rows and 2759123 columns (presolve time = 176s)...
Presolve removed 3024 rows and 2759123 columns (presolve time = 181s)...
Presolve removed 3024 rows and 2759123 columns (presolve time = 186s)...
Presolve removed 3024 rows and 2759123 columns (presolve time = 191s)...
Presolve removed 3024 rows and 2759123 columns (presolve time = 197s)...
Presolve removed 3024 rows and 2759123 columns (presolve time = 202s)...
Presolve removed 3024 rows and 2759123 columns (presolve time = 207s)...
Presolve removed 3024 rows and 2759123 columns (presolve time = 213s)...
Presolve removed 3024 rows and 2759123 columns (presolve time = 218s)...
Presolve removed 3024 rows and 2759123 columns (presolve time = 223s)...
Presolve removed 3024 rows and 2759123 columns (presolve time = 228s)...
Presolve removed 3024 rows and 2759123 columns (presolve time = 234s)...
Presolve removed 3024 rows and 2759123 columns (presolve time = 239s)...
Presolve removed 3024 rows and 2759123 columns (presolve time = 244s)...
Presolve removed 3024 rows and 2759123 columns (presolve time = 249s)...
Presolve removed 3024 rows and 2759123 columns (presolve time = 255s)...
Presolve removed 3024 rows and 2759123 columns (presolve time = 255s)...
Presolve removed 3024 rows and 2759123 columns
Presolve time: 255.86s
Presolved: 6353 rows, 4894588 columns, 21715139 nonzeros
Variable types: 0 continuous, 4894588 integer (4889222 binary)
Deterministic concurrent LP optimizer: primal simplex, dual simplex, and barrier
Showing barrier log only...

Root barrier log...

Ordering time: 0.26s

Barrier statistics:
 AA' NZ     : 4.343e+06
 Factor NZ  : 1.044e+07 (roughly 2.0 GB of memory)
 Factor Ops : 2.569e+10 (less than 1 second per iteration)
 Threads    : 26

                  Objective                Residual
Iter       Primal          Dual         Primal    Dual     Compl     Time
   0   6.48909499e+11 -9.14457163e+08  3.71e+10 0.00e+00  1.02e+05   267s
   1   3.24729658e+11 -6.70063967e+08  1.86e+10 9.27e-01  5.04e+04   268s
   2   6.06650621e+10 -3.68708408e+08  3.47e+09 5.01e-01  9.47e+03   269s
   3   9.53902267e+09 -2.26849308e+08  5.46e+08 2.71e-01  1.51e+03   271s
   4   1.30776759e+09 -1.21806966e+08  7.49e+07 9.89e-02  2.17e+02   272s
   5   6.50025084e+08 -8.45009232e+07  3.72e+07 4.43e-02  1.10e+02   273s
   6   2.08357684e+08 -5.91587301e+07  1.19e+07 5.46e-12  3.88e+01   274s

Barrier performed 6 iterations in 273.74 seconds (7572.97 work units)
Barrier solve interrupted - model solved by another algorithm

Concurrent spin time: 4.20s (can be avoided by choosing Method=3)

Solved with dual simplex

Root simplex log...

Iteration    Objective       Primal Inf.    Dual Inf.      Time
   26647    1.6321281e+04   0.000000e+00   0.000000e+00    274s

Root relaxation: objective 1.632128e+04, 26647 iterations, 16.72 seconds (20.71 work units)

    Nodes    |    Current Node    |     Objective Bounds      |     Work
 Expl Unexpl |  Obj  Depth IntInf | Incumbent    BestBd   Gap | It/Node Time

     0     0 16321.2810    0   17 16322.0400 16321.2810  0.00%     -  278s
     0     0 16321.5574    0  163 16322.0400 16321.5574  0.00%     -  291s
     0     0 16321.5574    0   10 16322.0400 16321.5574  0.00%     -  295s
     0     0 16321.5574    0   17 16322.0400 16321.5574  0.00%     -  295s
     0     0 16322.0302    0   15 16322.0400 16322.0302  0.00%     -  295s

Cutting planes:
  Cover: 1
  RLT: 1

Explored 1 nodes (34150 simplex iterations) in 295.74 seconds (7595.32 work units)
Thread count was 28 (of 28 available processors)

Solution count 1: 16322 

Optimal solution found (tolerance 1.00e-09)
Best objective 1.632203999976e+04, best bound 1.632203999976e+04, gap 0.0000%
pareto-map: box [16237.0400,16407.0400] (f1, f1<=16322)  → new point f1=16322.0400 f2=2.17129
Set parameter OutputFlag to value 1
Set parameter TimeLimit to value 600
Gurobi Optimizer version 13.0.1 build v13.0.1rc0 (linux64 - "CachyOS")

CPU model: Intel(R) Core(TM) i7-14700KF, instruction set [SSE2|AVX|AVX2]
Thread count: 28 physical cores, 28 logical processors, using up to 28 threads

Non-default parameters:
TimeLimit  600
IntFeasTol  1e-09
MIPGap  1e-09

Academic license 2669763 - for non-commercial use only - registered to bg___@id.uff.br
Optimize a model with 9376 rows, 7653711 columns and 35608192 nonzeros (Min)
Model fingerprint: 0x2a3a045f
Model has 7645330 linear objective coefficients
Variable types: 0 continuous, 7653711 integer (7645330 binary)
Coefficient statistics:
  Matrix range     [1e-02, 1e+02]
  Objective range  [1e+00, 3e+02]
  Bounds range     [1e+00, 1e+00]
  RHS range        [1e+00, 1e+09]

Presolve removed 58 rows and 286909 columns (presolve time = 5s)...
Presolve removed 137 rows and 286988 columns (presolve time = 10s)...
Presolve removed 137 rows and 291344 columns (presolve time = 16s)...
Presolve removed 137 rows and 291344 columns (presolve time = 20s)...
Presolve removed 137 rows and 291344 columns (presolve time = 25s)...
Presolve removed 137 rows and 291344 columns (presolve time = 30s)...
Presolve removed 137 rows and 291344 columns (presolve time = 56s)...
Presolve removed 137 rows and 291344 columns (presolve time = 61s)...
Presolve removed 137 rows and 291344 columns (presolve time = 66s)...
Presolve removed 137 rows and 291344 columns (presolve time = 72s)...
Presolve removed 137 rows and 291344 columns (presolve time = 77s)...
Presolve removed 137 rows and 291344 columns (presolve time = 82s)...
Presolve removed 137 rows and 291344 columns (presolve time = 87s)...
Presolve removed 137 rows and 291344 columns (presolve time = 93s)...
Presolve removed 137 rows and 291344 columns (presolve time = 98s)...
Presolve removed 137 rows and 291344 columns (presolve time = 108s)...
Presolve removed 137 rows and 291344 columns (presolve time = 117s)...
Presolve removed 137 rows and 291344 columns (presolve time = 122s)...
Presolve removed 137 rows and 291344 columns (presolve time = 127s)...
Presolve removed 137 rows and 291344 columns (presolve time = 132s)...
Presolve removed 137 rows and 291344 columns (presolve time = 138s)...
Presolve removed 137 rows and 291344 columns (presolve time = 143s)...
Presolve removed 137 rows and 291344 columns (presolve time = 148s)...
Presolve removed 137 rows and 291344 columns (presolve time = 150s)...
Presolve removed 137 rows and 291344 columns
Presolve time: 150.06s
Presolved: 9239 rows, 7362367 columns, 28126178 nonzeros
Variable types: 0 continuous, 7362367 integer (7354124 binary)
Found heuristic solution: objective 253681.04000
Deterministic concurrent LP optimizer: primal simplex, dual simplex, and barrier
Showing barrier log only...

Root barrier log...

Ordering time: 0.53s

Barrier statistics:
 AA' NZ     : 7.839e+06
 Factor NZ  : 2.645e+07 (roughly 3.0 GB of memory)
 Factor Ops : 1.152e+11 (less than 1 second per iteration)
 Threads    : 26

                  Objective                Residual
Iter       Primal          Dual         Primal    Dual     Compl     Time
   0   1.91565193e+13 -8.82426723e+09  2.17e+10 0.00e+00  1.61e+06   189s
   1   6.95798154e+12 -7.10920715e+09  8.37e+09 5.74e+01  6.11e+05   190s
   2   1.26068031e+12 -1.51703925e+09  1.55e+09 3.92e-11  1.16e+05   191s
   3   9.82605514e+10 -3.62712364e+08  1.21e+08 3.10e-11  9.17e+03   194s

Barrier performed 3 iterations in 193.91 seconds (4003.74 work units)
Barrier solve interrupted - model solved by another algorithm

Concurrent spin time: 4.31s (can be avoided by choosing Method=3)

Solved with dual simplex

Root simplex log...

Iteration    Objective       Primal Inf.    Dual Inf.      Time
   17525    1.4794055e+04   0.000000e+00   0.000000e+00    194s

Root relaxation: objective 1.479405e+04, 17525 iterations, 17.57 seconds (19.29 work units)

    Nodes    |    Current Node    |     Objective Bounds      |     Work
 Expl Unexpl |  Obj  Depth IntInf | Incumbent    BestBd   Gap | It/Node Time

     0     0 14794.0547    0    8 253681.040 14794.0547  94.2%     -  194s
H    0     0                    14804.040000 14794.0547  0.07%     -  201s
H    0     0                    14795.040000 14794.0547  0.01%     -  203s
     0     0 14794.0718    0   14 14795.0400 14794.0718  0.01%     -  222s
     0     0 14794.0718    0    4 14795.0400 14794.0718  0.01%     -  227s
     0     0 14794.0718    0    8 14795.0400 14794.0718  0.01%     -  227s
     0     0 14794.0718    0   12 14795.0400 14794.0718  0.01%     -  227s
     0     0 14794.0768    0   32 14795.0400 14794.0768  0.01%     -  227s
     0     0 14794.0772    0   24 14795.0400 14794.0772  0.01%     -  227s
     0     0 14794.0821    0   18 14795.0400 14794.0821  0.01%     -  227s
     0     0 14794.0821    0   11 14795.0400 14794.0821  0.01%     -  227s
     0     0 14794.0831    0   14 14795.0400 14794.0831  0.01%     -  227s
     0     0 14794.0868    0   13 14795.0400 14794.0868  0.01%     -  227s
     0     0 14794.1034    0   36 14795.0400 14794.1034  0.01%     -  227s
     0     0 14794.1053    0   30 14795.0400 14794.1053  0.01%     -  227s
     0     0 14794.1121    0   43 14795.0400 14794.1121  0.01%     -  227s
     0     0 14794.1135    0   28 14795.0400 14794.1135  0.01%     -  227s
     0     0 14794.1675    0   32 14795.0400 14794.1675  0.01%     -  227s
     0     0 14794.1675    0   34 14795.0400 14794.1675  0.01%     -  227s
     0     0 14794.1711    0   32 14795.0400 14794.1711  0.01%     -  227s
     0     0 14794.1711    0   34 14795.0400 14794.1711  0.01%     -  227s
     0     0 14794.1711    0   20 14795.0400 14794.1711  0.01%     -  227s
     0     0 14794.1908    0   17 14795.0400 14794.1908  0.01%     -  227s
     0     0 14794.1908    0   26 14795.0400 14794.1908  0.01%     -  227s
     0     0 14794.1908    0   24 14795.0400 14794.1908  0.01%     -  227s
     0     0 14794.1908    0   22 14795.0400 14794.1908  0.01%     -  227s
     0     0 14794.1908    0   26 14795.0400 14794.1908  0.01%     -  227s
     0     0 14794.1908    0   28 14795.0400 14794.1908  0.01%     -  227s
     0     0 14794.1908    0   28 14795.0400 14794.1908  0.01%     -  227s
     0     0 14794.1908    0   26 14795.0400 14794.1908  0.01%     -  227s
     0     2 14794.1908    0   25 14795.0400 14794.1908  0.01%     -  227s
  6744  2716 14794.8744   12    4 14795.0400 14794.3790  0.00%   9.9  230s
 18282  4028 14794.8646   41   36 14795.0400 14794.5681  0.00%  10.1  235s
 35176  6265 14794.7485   34   37 14795.0400 14794.6921  0.00%   8.8  240s
 51766  6815 14794.8023   38   35 14795.0400 14794.7689  0.00%   7.9  245s
 59354  6802 14794.8037   42   24 14795.0400 14794.7939  0.00%   7.7  250s
*66803  6602              42    14795.039998 14794.8223  0.00%   7.4  252s
 68398  6561 14794.8889   36   40 14795.0400 14794.8316  0.00%   7.4  255s
 74847  5564 infeasible   35      14795.0400 14794.8487  0.00%   7.3  260s
 90699  1932 14794.9596   32   37 14795.0400 14794.9281  0.00%   7.0  265s

Cutting planes:
  Gomory: 4
  Cover: 520
  MIR: 26
  StrongCG: 11
  Flow cover: 7
  Inf proof: 19

Explored 97030 nodes (706475 simplex iterations) in 270.42 seconds (4067.87 work units)
Thread count was 28 (of 28 available processors)

Solution count 7: 14795 14795 14795 ... 253681

Optimal solution found (tolerance 1.00e-09)
Best objective 1.479503999976e+04, best bound 1.479503999801e+04, gap 0.0000%
Set parameter Seed to value 0
Gurobi Optimizer version 13.0.1 build v13.0.1rc0 (linux64 - "CachyOS")

CPU model: Intel(R) Core(TM) i7-14700KF, instruction set [SSE2|AVX|AVX2]
Thread count: 28 physical cores, 28 logical processors, using up to 28 threads

Non-default parameters:
TimeLimit  600
IntFeasTol  1e-09
MIPGap  1e-09

Academic license 2669763 - for non-commercial use only - registered to bg___@id.uff.br
Optimize a model with 9377 rows, 7653711 columns and 43253522 nonzeros (Min)
Model fingerprint: 0xaf1bcb4b
Model has 6327720 linear objective coefficients
Variable types: 0 continuous, 7653711 integer (7645330 binary)
Coefficient statistics:
  Matrix range     [1e-02, 3e+02]
  Objective range  [1e-02, 1e+02]
  Bounds range     [1e+00, 1e+00]
  RHS range        [1e+00, 1e+09]

Loaded MIP start from previous solve with objective 35.6162

Presolve removed 58 rows and 286907 columns (presolve time = 5s)...
Presolve removed 137 rows and 286988 columns (presolve time = 10s)...
Presolve removed 137 rows and 286988 columns (presolve time = 15s)...
Presolve removed 137 rows and 287933 columns (presolve time = 20s)...
Presolve removed 137 rows and 287933 columns (presolve time = 25s)...
Presolve removed 137 rows and 287933 columns (presolve time = 30s)...
Presolve removed 137 rows and 287933 columns (presolve time = 35s)...
Presolve removed 137 rows and 287933 columns (presolve time = 40s)...
Presolve removed 137 rows and 287933 columns (presolve time = 66s)...
Presolve removed 137 rows and 287933 columns (presolve time = 71s)...
Presolve removed 137 rows and 287933 columns (presolve time = 76s)...
Presolve removed 137 rows and 287933 columns (presolve time = 81s)...
Presolve removed 137 rows and 287933 columns (presolve time = 87s)...
Presolve removed 137 rows and 287933 columns (presolve time = 92s)...
Presolve removed 137 rows and 287933 columns (presolve time = 97s)...
Presolve removed 137 rows and 287933 columns (presolve time = 102s)...
Presolve removed 137 rows and 287933 columns (presolve time = 108s)...
Presolve removed 137 rows and 287933 columns (presolve time = 116s)...
Presolve removed 137 rows and 287933 columns (presolve time = 125s)...
Presolve removed 137 rows and 287933 columns (presolve time = 131s)...
Presolve removed 137 rows and 287933 columns (presolve time = 136s)...
Presolve removed 137 rows and 287933 columns (presolve time = 141s)...
Presolve removed 137 rows and 287933 columns (presolve time = 147s)...
Presolve removed 137 rows and 287933 columns (presolve time = 152s)...
Presolve removed 137 rows and 287933 columns (presolve time = 157s)...
Presolve removed 137 rows and 287933 columns
Presolve time: 158.92s
Presolved: 9240 rows, 7365778 columns, 35467029 nonzeros
Variable types: 0 continuous, 7365778 integer (7357535 binary)
Deterministic concurrent LP optimizer: primal simplex, dual simplex, and barrier
Showing barrier log only...

Root barrier log...

Ordering time: 0.58s

Barrier statistics:
 AA' NZ     : 7.848e+06
 Factor NZ  : 2.654e+07 (roughly 3.0 GB of memory)
 Factor Ops : 1.159e+11 (less than 1 second per iteration)
 Threads    : 26

                  Objective                Residual
Iter       Primal          Dual         Primal    Dual     Compl     Time
   0   5.28478368e+10 -1.88069534e+08  6.68e+10 2.22e-16  1.27e+04   175s
   1   3.66841678e+10 -1.62767215e+08  4.64e+10 1.33e+00  8.82e+03   177s
   2   2.24577624e+10 -1.47736983e+08  2.85e+10 8.24e-01  5.46e+03   179s
   3   6.92322175e+09 -9.41357114e+07  8.82e+09 2.19e-01  1.70e+03   182s
   4   2.15039897e+09 -5.82547147e+07  2.75e+09 1.28e-01  5.34e+02   184s
   5   8.30643388e+08 -4.68201305e+07  1.07e+09 1.02e-01  2.09e+02   185s
   6   4.61385205e+08 -4.36525451e+07  5.94e+08 9.29e-02  1.18e+02   187s
   7   1.93367369e+08 -4.06405817e+07  2.50e+08 8.43e-02  5.12e+01   189s
   8   5.80624746e+07 -3.45188375e+07  7.66e+07 6.61e-02  1.71e+01   190s
   9   3.29920113e+07 -3.33515380e+07  4.41e+07 6.26e-02  1.07e+01   191s

Barrier performed 9 iterations in 191.34 seconds (4078.05 work units)
Barrier solve interrupted - model solved by another algorithm

Concurrent spin time: 8.14s (can be avoided by choosing Method=3)

Solved with primal simplex

Root simplex log...

Iteration    Objective       Primal Inf.    Dual Inf.      Time
   76247    3.5570636e+01   0.000000e+00   0.000000e+00    191s

Root relaxation: objective 3.557064e+01, 76247 iterations, 29.87 seconds (31.49 work units)

    Nodes    |    Current Node    |     Objective Bounds      |     Work
 Expl Unexpl |  Obj  Depth IntInf | Incumbent    BestBd   Gap | It/Node Time

     0     0   35.57064    0    8   35.61622   35.57064  0.13%     -  198s
H    0     0                      35.6093833   35.57064  0.11%     -  201s
H    0     0                      35.5731222   35.57064  0.01%     -  202s
     0     0   35.57137    0   28   35.57312   35.57137  0.00%     -  221s
     0     0   35.57171    0    4   35.57312   35.57171  0.00%     -  227s

Cutting planes:
  Gomory: 1
  Implied bound: 1
  Clique: 3
  MIR: 1
  Mod-K: 1
  RLT: 1
  Relax-and-lift: 1

Explored 1 nodes (81461 simplex iterations) in 228.50 seconds (4115.25 work units)
Thread count was 28 (of 28 available processors)

Solution count 6: 35.5731 35.5731 35.5755 ... 35.6162

Optimal solution found (tolerance 1.00e-09)
Best objective 3.557312222175e+01, best bound 3.557312222175e+01, gap 0.0000%
pareto-map: box [14746.0400,14843.0400] (f2, f2<=35.62)  → new point f1=14795.0400 f2=35.5731
pareto-map: 24 points, 53 total solves, 2 unresolved, 21 box(es) still open
pareto-map: WARNING — search budget exhausted (53 solves, 3699.6s, 2 box(es) dropped as inconclusive); returning a PARTIAL map (24 points found, 21 gap(s) still open and unexplored). Every returned point is individually exact, but the map is incomplete.

map_pareto_frontier session DONE in 3699.8s -> 24 points (check the log above for 'gap(s) still open' to see if this is complete)
  f1=13864.0400 f2=84.9355
  f1=14154.0400 f2=68.3868
  f1=14231.0400 f2=64.2146
  f1=14308.0400 f2=60.0892
  f1=14387.0400 f2=55.9483
  f1=14466.0400 f2=51.8419
  f1=14650.0400 f2=42.5376
  f1=14698.0400 f2=40.2038
  f1=14746.0400 f2=37.8938
  f1=14795.0400 f2=35.5731
  f1=14843.0400 f2=33.3401
  f1=14934.0400 f2=29.258
  f1=15031.0400 f2=25.2696
  f1=15125.0400 f2=21.6902
  f1=15220.0400 f2=18.814
  f1=15389.0400 f2=15.3174
  f1=15559.0400 f2=12.4397
  f1=15728.0400 f2=9.74986
  f1=15898.0400 f2=7.13431
  f1=16067.0400 f2=4.88047
  f1=16237.0400 f2=3.01213
  f1=16322.0400 f2=2.17129
  f1=16407.0400 f2=1.4208
  f1=16577.0400 f2=0
