Set parameter WLSAccessID
Set parameter WLSSecret
Set parameter LicenseID to value 2669763
Academic license 2669763 - for non-commercial use only - registered to bg___@id.uff.br
jobs=964 types=29  time_budget=3600.0s  per_solve_time_limit=600.0s  n_seed_retries=3  checkpoint=pareto_runs/fedhpc_10min_gap_checkpoint.json
pareto-map: resumed from checkpoint — 9 points, 8 box(es) open, 15 prior solves
Set parameter OutputFlag to value 1
Set parameter TimeLimit to value 600
Gurobi Optimizer version 13.0.1 build v13.0.1rc0 (linux64 - "CachyOS")

CPU model: 13th Gen Intel(R) Core(TM) i9-13900, instruction set [SSE2|AVX|AVX2]
Thread count: 32 physical cores, 32 logical processors, using up to 32 threads

Non-default parameters:
TimeLimit  600
IntFeasTol  1e-09
MIPGap  1e-09

Academic license 2669763 - for non-commercial use only - registered to bg___@id.uff.br
Optimize a model with 9376 rows, 7653711 columns and 35608192 nonzeros (Min)
Model fingerprint: 0x085fdf2f
Model has 7645330 linear objective coefficients
Variable types: 0 continuous, 7653711 integer (7645330 binary)
Coefficient statistics:
  Matrix range     [1e-02, 1e+02]
  Objective range  [1e+00, 3e+02]
  Bounds range     [1e+00, 1e+00]
  RHS range        [1e+00, 1e+09]

Presolve removed 53 rows and 56748 columns (presolve time = 5s)...
Presolve removed 137 rows and 56832 columns (presolve time = 10s)...
Presolve removed 137 rows and 61188 columns (presolve time = 15s)...
Presolve removed 137 rows and 61188 columns (presolve time = 20s)...
Presolve removed 137 rows and 61188 columns (presolve time = 25s)...
Presolve removed 137 rows and 61188 columns (presolve time = 42s)...
Presolve removed 137 rows and 61188 columns (presolve time = 47s)...
Presolve removed 137 rows and 61188 columns (presolve time = 52s)...
Presolve removed 137 rows and 61188 columns (presolve time = 57s)...
Presolve removed 137 rows and 61188 columns (presolve time = 63s)...
Presolve removed 137 rows and 61188 columns (presolve time = 76s)...
Presolve removed 137 rows and 61188 columns
Presolve time: 78.71s
Presolved: 9239 rows, 7592523 columns, 29046802 nonzeros
Variable types: 0 continuous, 7592523 integer (7584280 binary)
Deterministic concurrent LP optimizer: primal simplex, dual simplex, and barrier
Showing barrier log only...

Root barrier log...

Ordering time: 0.36s

Barrier statistics:
 AA' NZ     : 8.165e+06
 Factor NZ  : 3.872e+07 (roughly 3.4 GB of memory)
 Factor Ops : 2.232e+11 (less than 1 second per iteration)
 Threads    : 30

                  Objective                Residual
Iter       Primal          Dual         Primal    Dual     Compl     Time
   0   1.83808229e+13 -8.86613641e+09  2.34e+10 0.00e+00  1.51e+06   113s
   1   7.99154015e+12 -7.37408313e+09  1.07e+10 9.39e+01  7.00e+05   114s
   2   1.60576655e+12 -2.70846822e+09  2.28e+09 3.51e-11  1.54e+05   117s
   3   5.95202734e+11 -1.17988107e+09  8.45e+08 2.01e-11  5.74e+04   119s

Barrier performed 3 iterations in 118.99 seconds (2018.41 work units)
Barrier solve interrupted - model solved by another algorithm

Concurrent spin time: 3.47s (can be avoided by choosing Method=3)

Solved with dual simplex

Root simplex log...

Iteration    Objective       Primal Inf.    Dual Inf.      Time
   16926    1.4007061e+04   0.000000e+00   0.000000e+00    119s

Root relaxation: objective 1.400706e+04, 16926 iterations, 16.75 seconds (20.95 work units)

    Nodes    |    Current Node    |     Objective Bounds      |     Work
 Expl Unexpl |  Obj  Depth IntInf | Incumbent    BestBd   Gap | It/Node Time

     0     0 14007.0607    0   18          - 14007.0607      -     -  121s
H    0     0                    15367.040000 14007.0607  8.85%     -  137s
H    0     0                    14026.040000 14007.0607  0.14%     -  139s
H    0     0                    14009.040000 14007.0607  0.01%     -  140s
H    0     0                    14008.040000 14007.0607  0.01%     -  141s
     0     0 14007.0607    0   22 14008.0400 14007.0607  0.01%     -  157s
     0     0 14007.0607    0    7 14008.0400 14007.0607  0.01%     -  162s
     0     0 14007.0607    0   27 14008.0400 14007.0607  0.01%     -  162s
     0     0 14007.0653    0   35 14008.0400 14007.0653  0.01%     -  162s
     0     0 14007.0653    0   21 14008.0400 14007.0653  0.01%     -  162s
     0     0 14007.0653    0   21 14008.0400 14007.0653  0.01%     -  162s
     0     0 14007.0715    0   40 14008.0400 14007.0715  0.01%     -  162s
     0     0 14007.0715    0   42 14008.0400 14007.0715  0.01%     -  162s
     0     0 14007.0766    0   42 14008.0400 14007.0766  0.01%     -  162s
     0     0 14007.0777    0   44 14008.0400 14007.0777  0.01%     -  162s
     0     0 14007.0799    0   35 14008.0400 14007.0799  0.01%     -  162s
     0     0 14007.0804    0   35 14008.0400 14007.0804  0.01%     -  162s
     0     0 14007.0804    0   19 14008.0400 14007.0804  0.01%     -  162s
     0     2 14007.0812    0   19 14008.0400 14007.0812  0.01%     -  162s
  2786  6178 14007.1671   58   38 14008.0400 14007.0850  0.01%   8.5  165s
 15103 14241 14007.4128   22   38 14008.0400 14007.1550  0.01%   6.1  170s
 18450 17662 14007.6280  107   50 14008.0400 14007.1893  0.01%   6.1  175s
 32556 24371 14007.5856   46   47 14008.0400 14007.2262  0.01%   6.1  180s
 60041 32943 14007.4292   30   49 14008.0400 14007.2821  0.01%   5.9  185s
 63026 34238 14007.4559   31   45 14008.0400 14007.2855  0.01%   6.2  190s
 65810 36317 14007.3749   96   32 14008.0400 14007.2855  0.01%   6.2  195s
 82547 43246 14007.6363   51   36 14008.0400 14007.2855  0.01%   6.6  200s
 100915 48127 14007.6789   54   25 14008.0400 14007.3290  0.01%   6.8  205s
 123205 57261 14007.5829   98   30 14008.0400 14007.3563  0.00%   6.9  210s
 142835 64951 14007.5030   69   12 14008.0400 14007.3697  0.00%   6.9  215s
 167132 74307 14007.7168   82   37 14008.0400 14007.3850  0.00%   6.9  220s
 183663 83816 14007.6577   63   44 14008.0400 14007.3929  0.00%   6.9  225s
 200314 94409 14007.9192   62   27 14008.0400 14007.4025  0.00%   7.0  230s
 217324 104895 14007.7300   88   35 14008.0400 14007.4100  0.00%   7.1  235s
 234886 116113 14007.8575   63   34 14008.0400 14007.4179  0.00%   7.3  240s
 255554 128011 14007.7980   91   31 14008.0400 14007.4260  0.00%   7.3  245s
 276195 142483 14007.6802   39   35 14008.0400 14007.4346  0.00%   7.4  250s
 298741 156499 14007.9631   63   35 14008.0400 14007.4428  0.00%   7.4  255s
 315738 164357 14007.9150   85   43 14008.0400 14007.4477  0.00%   7.5  260s
 333313 175968 14007.8058   88   18 14008.0400 14007.4529  0.00%   7.6  265s
 354887 187989     cutoff   90      14008.0400 14007.4592  0.00%   7.7  270s
 373210 199522 14007.5836   49   42 14008.0400 14007.4632  0.00%   7.8  275s
 389306 207369 14007.9241   72   32 14008.0400 14007.4672  0.00%   7.8  280s
 405678 219636 14007.6355   43   33 14008.0400 14007.4711  0.00%   7.8  285s
 427744 232661 14007.9247   77   32 14008.0400 14007.4757  0.00%   7.8  290s
 445790 242929 14007.7020   52   44 14008.0400 14007.4792  0.00%   7.8  295s
 466796 255144 14007.5902   37   43 14008.0400 14007.4836  0.00%   7.8  300s
 489706 268492     cutoff   44      14008.0400 14007.4873  0.00%   7.8  305s
 509089 280243 14007.8122   82   22 14008.0400 14007.4898  0.00%   7.8  310s
 528637 290761 14007.5793   62   46 14008.0400 14007.4924  0.00%   7.9  315s
 551471 304062 14007.9918  116   30 14008.0400 14007.4966  0.00%   7.8  320s
 572005 315239     cutoff   59      14008.0400 14007.4989  0.00%   7.9  325s
 590492 325896 14007.8072   72   37 14008.0400 14007.5015  0.00%   7.9  330s
 613967 339121     cutoff   55      14008.0400 14007.5047  0.00%   7.9  335s
 633194 349719 14007.5748   45   36 14008.0400 14007.5068  0.00%   7.9  340s
 654394 362497 14007.6109   57   43 14008.0400 14007.5087  0.00%   7.9  345s
 678831 375027     cutoff  125      14008.0400 14007.5119  0.00%   7.9  350s
 698961 386059 14007.6527  132   42 14008.0400 14007.5141  0.00%   7.9  355s
 721941 399192     cutoff  100      14008.0400 14007.5163  0.00%   7.8  360s
 742356 409180     cutoff   87      14008.0400 14007.5179  0.00%   7.9  365s
*757154 416285              75    14008.039998 14007.5196  0.00%   7.9  368s
 762406 419410 14007.7368   80   31 14008.0400 14007.5201  0.00%   7.8  370s
 762492 419443 14007.7371   82   31 14008.0400 14007.5202  0.00%   7.8  376s
 770836 425445 14007.5446   59   47 14008.0400 14007.5205  0.00%   7.9  380s
 789112 436301 14007.8590   71   27 14008.0400 14007.5225  0.00%   7.8  385s
 804978 436554 infeasible  102      14008.0400 14007.5233  0.00%   7.9  390s
 818858 442930 14007.8668  122   39 14008.0400 14007.5236  0.00%   7.9  395s
 834480 451005 14007.8473   61   23 14008.0400 14007.5249  0.00%   7.9  400s
 857454 462157 14007.8867  152   45 14008.0400 14007.5264  0.00%   7.9  405s
 875750 471751 14007.6865   47   53 14008.0400 14007.5277  0.00%   7.9  410s
 893610 480255 14007.7572   65   42 14008.0400 14007.5291  0.00%   7.9  415s
 912710 490916     cutoff   68      14008.0400 14007.5307  0.00%   7.9  420s
 935724 501603 14007.6402   43   41 14008.0400 14007.5324  0.00%   7.9  425s
 935885 518917 14007.6425   44   37 14008.0400 14007.5324  0.00%   7.9  433s
 969384 522454 14007.5822   52   27 14008.0400 14007.5347  0.00%   7.8  435s
 995614 535285 14007.5870   46   34 14008.0400 14007.5367  0.00%   7.8  440s
 1014905 545645 14007.7382   78   55 14008.0400 14007.5379  0.00%   7.8  445s
 1038757 558027 14007.6491   96   31 14008.0400 14007.5396  0.00%   7.8  450s
 1059027 567623 14007.7680   77   30 14008.0400 14007.5406  0.00%   7.8  455s
 1061000 584988 14007.6073   41   46 14008.0400 14007.5407  0.00%   7.8  469s
 1093000 585444 14007.8976   45   20 14008.0400 14007.5424  0.00%   7.8  471s
 1102794 590978 14007.7874   90   43 14008.0400 14007.5427  0.00%   7.8  475s
 1114970 597132 infeasible   52      14008.0400 14007.5440  0.00%   7.8  480s
 1138494 607469 14008.0390   56   29 14008.0400 14007.5453  0.00%   7.8  485s
 1160498 618386 14007.7479   71   32 14008.0400 14007.5465  0.00%   7.8  490s
 1181799 629145 14007.7231   50   27 14008.0400 14007.5478  0.00%   7.8  495s
 1199502 637287 14007.7017   81   23 14008.0400 14007.5487  0.00%   7.8  500s
 1218997 647241 14007.5841   52   35 14008.0400 14007.5497  0.00%   7.8  505s
 1237908 656470 14007.9495   75   32 14008.0400 14007.5505  0.00%   7.8  510s
 1255660 664059 14007.6736   69   46 14008.0400 14007.5516  0.00%   7.8  515s
 1276649 673266 14007.7800   87   26 14008.0400 14007.5525  0.00%   7.8  521s
 1295363 682402 14007.9431  104   14 14008.0400 14007.5535  0.00%   7.8  525s
 1313129 692273 14007.7750   98   36 14008.0400 14007.5545  0.00%   7.8  530s
 1337637 704403 14007.7998   48   27 14008.0400 14007.5556  0.00%   7.8  535s
 1356176 712668 infeasible   71      14008.0400 14007.5566  0.00%   7.8  540s
 1374682 721209 14007.7080   87   12 14008.0400 14007.5573  0.00%   7.8  545s
 1393357 730968 14007.6374   60   53 14008.0400 14007.5583  0.00%   7.8  550s
 1414735 740818 14007.8358   71   37 14008.0400 14007.5593  0.00%   7.8  555s
 1433914 750129 14007.9256   76   27 14008.0400 14007.5602  0.00%   7.8  560s
 1456082 761196     cutoff   72      14008.0400 14007.5613  0.00%   7.8  565s
 1478263 770021 14007.6474   77   39 14008.0400 14007.5622  0.00%   7.8  570s
 1497196 779918 14007.7128   75   38 14008.0400 14007.5629  0.00%   7.8  575s
 1513756 787284 14007.7367   47   39 14008.0400 14007.5636  0.00%   7.8  580s
 1537621 798434 14007.6168   33   55 14008.0400 14007.5648  0.00%   7.8  585s
 1555688 806791 14007.7961   62   35 14008.0400 14007.5655  0.00%   7.8  590s
 1578528 817910 14007.8357  100   31 14008.0400 14007.5665  0.00%   7.8  595s
 1599087 827201     cutoff   92      14008.0400 14007.5673  0.00%   7.8  600s

Cutting planes:
  Gomory: 9
  Cover: 114
  MIR: 338
  StrongCG: 273
  Flow cover: 112
  Inf proof: 58

Explored 1601258 nodes (12462245 simplex iterations) in 602.13 seconds (2398.33 work units)
Thread count was 32 (of 32 available processors)

Solution count 7: 14008 14008 14008 ... 15367

Time limit reached
Best objective 1.400803999976e+04, best bound 1.400756731062e+04, gap 0.0034%
Discarded solution information
Set parameter Seed to value 1
Gurobi Optimizer version 13.0.1 build v13.0.1rc0 (linux64 - "CachyOS")

CPU model: 13th Gen Intel(R) Core(TM) i9-13900, instruction set [SSE2|AVX|AVX2]
Thread count: 32 physical cores, 32 logical processors, using up to 32 threads

Non-default parameters:
TimeLimit  600
IntFeasTol  1e-09
MIPGap  1e-09
Seed  1

Academic license 2669763 - for non-commercial use only - registered to bg___@id.uff.br
Optimize a model with 9376 rows, 7653711 columns and 35608192 nonzeros (Min)
Model fingerprint: 0x085fdf2f
Model has 7645330 linear objective coefficients
Variable types: 0 continuous, 7653711 integer (7645330 binary)
Coefficient statistics:
  Matrix range     [1e-02, 1e+02]
  Objective range  [1e+00, 3e+02]
  Bounds range     [1e+00, 1e+00]
  RHS range        [1e+00, 1e+09]

Presolve removed 137 rows and 56832 columns (presolve time = 6s)...
Presolve removed 137 rows and 56832 columns (presolve time = 10s)...
Presolve removed 137 rows and 61188 columns (presolve time = 15s)...
Presolve removed 137 rows and 61188 columns (presolve time = 20s)...
Presolve removed 137 rows and 61188 columns (presolve time = 25s)...
Presolve removed 137 rows and 61188 columns (presolve time = 40s)...
Presolve removed 137 rows and 61188 columns (presolve time = 46s)...
Presolve removed 137 rows and 61188 columns (presolve time = 51s)...
Presolve removed 137 rows and 61188 columns (presolve time = 56s)...
Presolve removed 137 rows and 61188 columns (presolve time = 62s)...
Presolve removed 137 rows and 61188 columns (presolve time = 69s)...
Presolve removed 137 rows and 61188 columns (presolve time = 76s)...
Presolve removed 137 rows and 61188 columns
Presolve time: 78.11s
Presolved: 9239 rows, 7592523 columns, 29046802 nonzeros
Variable types: 0 continuous, 7592523 integer (7584280 binary)
Deterministic concurrent LP optimizer: primal simplex, dual simplex, and barrier
Showing barrier log only...

Root barrier log...

Ordering time: 0.36s

Barrier statistics:
 AA' NZ     : 8.165e+06
 Factor NZ  : 3.872e+07 (roughly 3.4 GB of memory)
 Factor Ops : 2.232e+11 (less than 1 second per iteration)
 Threads    : 30

                  Objective                Residual
Iter       Primal          Dual         Primal    Dual     Compl     Time
   0   1.83817328e+13 -8.86613660e+09  2.34e+10 0.00e+00  1.51e+06   113s
   1   8.04657458e+12 -7.51084920e+09  1.07e+10 9.43e+01  7.05e+05   114s
   2   1.65674690e+12 -2.84971559e+09  2.35e+09 1.30e-10  1.56e+05   116s
   3   4.56372509e+11 -1.13829542e+09  6.47e+08 7.65e-11  4.33e+04   119s

Barrier performed 3 iterations in 118.65 seconds (2018.42 work units)
Barrier solve interrupted - model solved by another algorithm

Concurrent spin time: 3.35s (can be avoided by choosing Method=3)

Solved with dual simplex

Root simplex log...

Iteration    Objective       Primal Inf.    Dual Inf.      Time
   17976    1.4007061e+04   0.000000e+00   0.000000e+00    119s

Root relaxation: objective 1.400706e+04, 17976 iterations, 16.88 seconds (20.93 work units)

    Nodes    |    Current Node    |     Objective Bounds      |     Work
 Expl Unexpl |  Obj  Depth IntInf | Incumbent    BestBd   Gap | It/Node Time

     0     0 14007.0607    0   11          - 14007.0607      -     -  120s
H    0     0                    14558.040000 14007.0607  3.78%     -  137s
H    0     0                    14017.040000 14007.0607  0.07%     -  139s
H    0     0                    14011.040000 14007.0607  0.03%     -  140s
H    0     0                    14009.040000 14007.0607  0.01%     -  142s
H    0     0                    14008.040000 14007.0607  0.01%     -  142s
     0     0 14007.0607    0   22 14008.0400 14007.0607  0.01%     -  157s
     0     0 14007.0607    0    9 14008.0400 14007.0607  0.01%     -  163s
     0     0 14007.0607    0    7 14008.0400 14007.0607  0.01%     -  163s
     0     0 14007.0607    0   21 14008.0400 14007.0607  0.01%     -  163s
     0     0 14007.0607    0   13 14008.0400 14007.0607  0.01%     -  163s
     0     0 14007.0643    0   24 14008.0400 14007.0643  0.01%     -  163s
     0     0 14007.0726    0   35 14008.0400 14007.0726  0.01%     -  163s
     0     0 14007.0726    0   27 14008.0400 14007.0726  0.01%     -  163s
     0     0 14007.0751    0   19 14008.0400 14007.0751  0.01%     -  163s
     0     0 14007.0752    0   35 14008.0400 14007.0752  0.01%     -  163s
     0     0 14007.0756    0   39 14008.0400 14007.0756  0.01%     -  163s
     0     0 14007.0759    0   44 14008.0400 14007.0759  0.01%     -  163s
     0     0 14007.0791    0   22 14008.0400 14007.0791  0.01%     -  163s
     0     0 14007.0797    0   22 14008.0400 14007.0797  0.01%     -  163s
     0     0 14007.0797    0   22 14008.0400 14007.0797  0.01%     -  163s
     0     2 14007.0800    0   22 14008.0400 14007.0800  0.01%     -  163s
   922  2447 14007.1464   29   27 14008.0400 14007.0800  0.01%   7.8  165s
 14594 13818 14007.1863   17   44 14008.0400 14007.1644  0.01%   6.3  170s
 18160 17832 14007.8548  110   27 14008.0400 14007.1833  0.01%   6.3  175s
 41935 25775 14007.5043   42   33 14008.0400 14007.2517  0.01%   6.0  180s
 57200 31192 14007.5516   45   33 14008.0400 14007.2653  0.01%   6.8  185s
 58739 31210 14007.4245   59   65 14008.0400 14007.2657  0.01%   6.8  190s
 62443 34035 14007.6579   80   32 14008.0400 14007.2657  0.01%   7.0  196s
 68834 37188 14007.6453   52   39 14008.0400 14007.2988  0.01%   7.0  200s
*86324 40300              88    14008.039998 14007.3421  0.00%   7.1  204s
 87120 41980 14007.4599   62   52 14008.0400 14007.3453  0.00%   7.1  205s
 89707 46976 14007.5004   82   27 14008.0400 14007.3480  0.00%   7.1  212s
 103174 49276 14007.5944   76   48 14008.0400 14007.3635  0.00%   7.2  215s
 116421 53547 14007.4502   40   54 14008.0400 14007.3816  0.00%   7.3  220s
 130382 59789 14007.7521   55   34 14008.0400 14007.3906  0.00%   7.4  226s
 147332 63801 14007.9155   81   36 14008.0400 14007.4041  0.00%   7.6  230s
 164875 75525 14007.6629   44   29 14008.0400 14007.4140  0.00%   7.8  235s
 183428 87478 14007.9819   75   22 14008.0400 14007.4224  0.00%   8.0  240s
 191272 90655 14007.7165   68   39 14008.0400 14007.4240  0.00%   8.0  245s
 204622 101857 14007.9462   82   36 14008.0400 14007.4283  0.00%   8.1  250s
 228699 116792 14007.5112   36   41 14008.0400 14007.4364  0.00%   8.0  255s
 248541 128867 14007.5622   47   49 14008.0400 14007.4433  0.00%   8.1  260s
 270276 142510 14007.8920  103   40 14008.0400 14007.4493  0.00%   8.1  265s
 290293 153943 14007.5047   35   39 14008.0400 14007.4546  0.00%   8.1  270s
 308143 164049 14007.6201   59   45 14008.0400 14007.4588  0.00%   8.2  275s
 325034 173639 14007.9477   56   36 14008.0400 14007.4627  0.00%   8.2  280s
 340016 183203 14007.7502   64   39 14008.0400 14007.4654  0.00%   8.3  285s
 361234 195983 14007.7374   56   31 14008.0400 14007.4693  0.00%   8.3  291s
 379520 206478 14007.5065   48   46 14008.0400 14007.4721  0.00%   8.4  295s
 399530 217326 14007.5196   63   40 14008.0400 14007.4763  0.00%   8.4  300s
 420629 230294 14007.6249   67   41 14008.0400 14007.4797  0.00%   8.4  305s
 440925 241050 14007.7283   49   37 14008.0400 14007.4830  0.00%   8.5  310s
 462440 253035 14007.7716   63   30 14008.0400 14007.4865  0.00%   8.5  315s
 477198 262323 14007.6490   79   42 14008.0400 14007.4889  0.00%   8.6  321s
 491752 269427 14007.6209   50   43 14008.0400 14007.4912  0.00%   8.7  325s
