Set parameter WLSAccessID
Set parameter WLSSecret
Set parameter LicenseID to value 2669763
Academic license 2669763 - for non-commercial use only - registered to bg___@id.uff.br
jobs=964 types=29  time_budget=3600.0s  per_solve_time_limit=900.0s  n_seed_retries=5  checkpoint=pareto_runs/fedhpc_10min_map_checkpoint.json
pareto-map: resumed from checkpoint — 108 points, 104 box(es) open, 234 prior solves
Set parameter OutputFlag to value 1
Set parameter TimeLimit to value 900
Gurobi Optimizer version 13.0.1 build v13.0.1rc0 (linux64 - "CachyOS")

CPU model: Intel(R) Core(TM) i7-14700KF, instruction set [SSE2|AVX|AVX2]
Thread count: 28 physical cores, 28 logical processors, using up to 28 threads

Non-default parameters:
TimeLimit  900
IntFeasTol  1e-09
MIPGap  1e-09

Academic license 2669763 - for non-commercial use only - registered to bg___@id.uff.br
Optimize a model with 9376 rows, 7653711 columns and 35608192 nonzeros (Min)
Model fingerprint: 0x6371617f
Model has 7645330 linear objective coefficients
Variable types: 0 continuous, 7653711 integer (7645330 binary)
Coefficient statistics:
  Matrix range     [1e-02, 1e+02]
  Objective range  [1e+00, 3e+02]
  Bounds range     [1e+00, 1e+00]
  RHS range        [1e+00, 1e+09]

Presolve removed 52 rows and 20749 columns (presolve time = 5s)...
Presolve removed 137 rows and 20834 columns (presolve time = 10s)...
Presolve removed 137 rows and 25190 columns (presolve time = 15s)...
Presolve removed 137 rows and 25190 columns (presolve time = 20s)...
Presolve removed 137 rows and 25190 columns (presolve time = 25s)...
Presolve removed 137 rows and 25190 columns (presolve time = 30s)...
Presolve removed 137 rows and 25190 columns
Presolve time: 32.33s
Presolved: 9239 rows, 7628521 columns, 29190794 nonzeros
Variable types: 0 continuous, 7628521 integer (7620278 binary)
Deterministic concurrent LP optimizer: primal simplex, dual simplex, and barrier
Showing barrier log only...

Root barrier log...

Ordering time: 0.47s

Barrier statistics:
 AA' NZ     : 8.220e+06
 Factor NZ  : 4.087e+07 (roughly 3.4 GB of memory)
 Factor Ops : 2.440e+11 (less than 1 second per iteration)
 Threads    : 26

                  Objective                Residual
Iter       Primal          Dual         Primal    Dual     Compl     Time
   0   1.85519164e+13 -8.86853658e+09  2.40e+10 0.00e+00  1.52e+06    68s
   1   8.72982031e+12 -7.60252256e+09  1.18e+10 9.48e+01  7.60e+05    69s

Barrier performed 1 iterations in 69.51 seconds (167.76 work units)
Barrier solve interrupted - model solved by another algorithm

Concurrent spin time: 2.30s (can be avoided by choosing Method=3)

Solved with dual simplex

Root simplex log...

Iteration    Objective       Primal Inf.    Dual Inf.      Time
    9937    1.2318152e+04   0.000000e+00   0.000000e+00     70s

Root relaxation: objective 1.231815e+04, 9937 iterations, 13.11 seconds (18.13 work units)

    Nodes    |    Current Node    |     Objective Bounds      |     Work
 Expl Unexpl |  Obj  Depth IntInf | Incumbent    BestBd   Gap | It/Node Time

     0     0 12318.1523    0   10          - 12318.1523      -     -   71s
H    0     0                    12591.040000 12318.1523  2.17%     -   88s
H    0     0                    12320.040000 12318.1523  0.02%     -   89s
H    0     0                    12319.040000 12318.1523  0.01%     -   90s
     0     0 12318.1547    0  210 12319.0400 12318.1547  0.01%     -  105s
     0     0 12318.1547    0   10 12319.0400 12318.1547  0.01%     -  109s
     0     0 12318.1547    0   17 12319.0400 12318.1547  0.01%     -  109s
     0     0 12318.1560    0   12 12319.0400 12318.1560  0.01%     -  109s
     0     0 12318.1570    0   24 12319.0400 12318.1570  0.01%     -  109s
     0     0 12318.1576    0   24 12319.0400 12318.1576  0.01%     -  109s
     0     0 12318.1637    0   34 12319.0400 12318.1637  0.01%     -  109s
     0     0 12318.1728    0   28 12319.0400 12318.1728  0.01%     -  109s
     0     0 12318.1801    0   25 12319.0400 12318.1801  0.01%     -  109s
     0     0 12318.1801    0   25 12319.0400 12318.1801  0.01%     -  109s
     0     0 12318.1801    0   25 12319.0400 12318.1801  0.01%     -  109s
     0     0 12318.1801    0   19 12319.0400 12318.1801  0.01%     -  109s
     0     2 12318.1801    0   18 12319.0400 12318.1801  0.01%     -  109s
   414  1104 12318.2321   20   19 12319.0400 12318.1820  0.01%  12.6  110s
 21249 18096 12318.6161  104   22 12319.0400 12318.2313  0.01%  10.9  115s
 54802 33199 12318.3972   42   28 12319.0400 12318.3578  0.01%  11.4  120s
 56798 33114 12318.4295   50   38 12319.0400 12318.4054  0.01%  11.4  125s
*61607 33969             205    12319.039996 12318.4147  0.01%  11.3  127s
 74652 40803 12318.7253   87   28 12319.0400 12318.4739  0.00%  10.5  130s
 106356 53564 12318.7026  149   18 12319.0400 12318.5403  0.00%   9.4  135s
 145334 73971 12318.9532  144   21 12319.0400 12318.5556  0.00%   8.8  140s
 180329 96313 12318.6243   63   20 12319.0400 12318.5638  0.00%   8.4  145s
 224839 132132 12318.6401   82   19 12319.0400 12318.5708  0.00%   8.2  150s
*229440 134075             182    12319.039992 12318.5713  0.00%   8.2  151s
 231059 154509 12318.6827   60   29 12319.0400 12318.5716  0.00%   8.2  163s
 263493 159290 12318.6049   49   20 12319.0400 12318.5745  0.00%   8.4  165s
 297853 185183 12318.7625   97   12 12319.0400 12318.5769  0.00%   8.4  170s
 332693 212718 12318.7067   82   25 12319.0400 12318.5793  0.00%   8.4  175s
 365428 238153 12318.6605   65   28 12319.0400 12318.5818  0.00%   8.3  180s
 397312 261720 12318.8971  135   22 12319.0400 12318.5840  0.00%   8.3  185s
 436999 291608 12318.8971   98   13 12319.0400 12318.5866  0.00%   8.3  190s
 472920 318248 12318.8686  104   24 12319.0400 12318.5886  0.00%   8.4  195s
 508534 343729 12318.8971   45   22 12319.0400 12318.5906  0.00%   8.5  200s
 541112 366780 12318.8582  116   27 12319.0400 12318.5923  0.00%   8.6  205s
 577352 393320 12318.6769   63   29 12319.0400 12318.5942  0.00%   8.6  210s
 612760 419276 12318.6936   76   30 12319.0400 12318.5958  0.00%   8.6  215s
 643240 441946 12318.9695  100   34 12319.0400 12318.5972  0.00%   8.7  220s
 677918 468003 12319.0173  152   26 12319.0400 12318.5984  0.00%   8.7  225s
 711587 490785 12318.8971  122    5 12319.0400 12318.5999  0.00%   8.8  230s
 746082 517018 12318.7176  108   30 12319.0400 12318.6014  0.00%   8.8  235s
 781415 542403     cutoff  134      12319.0400 12318.6026  0.00%   8.8  240s
 816583 567461 12318.8150   80   19 12319.0400 12318.6038  0.00%   8.8  245s
 848659 589602 12318.8257   62   19 12319.0400 12318.6049  0.00%   8.9  250s
 884432 614692 12318.6235   82   28 12319.0400 12318.6062  0.00%   8.9  255s
 911554 634320     cutoff   99      12319.0400 12318.6071  0.00%   9.0  260s
 941060 656831 12319.0003  107   33 12319.0400 12318.6080  0.00%   9.0  265s
 972995 679227 12318.8858  109   14 12319.0400 12318.6089  0.00%   9.0  270s
 1000960 699437 12318.6825   57   29 12319.0400 12318.6098  0.00%   9.0  275s
 1032883 723668 12318.6260   84   24 12319.0400 12318.6109  0.00%   8.9  280s
 1060784 742918 12318.7543  134   33 12319.0400 12318.6114  0.00%   8.9  285s
 1090572 763692 12318.8322   67   25 12319.0400 12318.6125  0.00%   9.0  290s
 1118859 782559 12318.6325   63   10 12319.0400 12318.6133  0.00%   9.0  295s
 1154830 808680 12318.7681  132   23 12319.0400 12318.6142  0.00%   9.0  300s
 1190732 834481 12318.6859  104   25 12319.0400 12318.6151  0.00%   8.9  305s
 1227520 861706 12318.9785   68   23 12319.0400 12318.6162  0.00%   9.0  310s
 1261441 883431 12318.8971   79   14 12319.0400 12318.6169  0.00%   9.0  315s
 1293179 906506 12318.8257  103   10 12319.0400 12318.6176  0.00%   9.0  320s
 1330299 933143 12318.7543   99   25 12319.0400 12318.6185  0.00%   9.0  325s
 1368657 960245 12318.7419   92   26 12319.0400 12318.6193  0.00%   9.0  330s
 1401625 984248 12318.6901   71   37 12319.0400 12318.6200  0.00%   9.0  335s
 1436627 1008943 12318.6529   84   25 12319.0400 12318.6208  0.00%   9.0  340s
 1475045 1036254 12318.7023   70   34 12319.0400 12318.6217  0.00%   8.9  345s
 1508284 1059556 12318.8523   76   16 12319.0400 12318.6224  0.00%   8.9  350s
 1547186 1087899 12318.7400   87   28 12319.0400 12318.6233  0.00%   8.9  355s
 1582034 1113437 12318.7457   74   23 12319.0400 12318.6240  0.00%   8.9  360s
 1616322 1137229 12318.7184   91   21 12319.0400 12318.6246  0.00%   8.9  365s
 1648079 1159695 12318.8690   65   20 12319.0400 12318.6251  0.00%   9.0  370s
 1683001 1183330 12318.8265   42   38 12319.0400 12318.6257  0.00%   8.9  375s
 1718530 1207581 12318.7347   79   23 12319.0400 12318.6264  0.00%   8.9  380s
 1752330 1231189 12318.6872   45   20 12319.0400 12318.6270  0.00%   9.0  385s
 1788173 1256817 12318.7769   62    4 12319.0400 12318.6276  0.00%   9.0  390s
 1820211 1279894 12318.8686  172   15 12319.0400 12318.6282  0.00%   9.0  395s
 1855204 1304006 12318.6829   89   27 12319.0400 12318.6287  0.00%   8.9  400s
 1890318 1327945 12318.7332   78   18 12319.0400 12318.6293  0.00%   9.0  405s
 1924259 1352136 12318.9235   94   17 12319.0400 12318.6299  0.00%   9.0  410s
 1956052 1373691 infeasible  150      12319.0400 12318.6303  0.00%   9.0  415s
 1991943 1398786 12318.8492  129   12 12319.0400 12318.6310  0.00%   9.0  420s
 2025823 1424266 12318.6486   68   21 12319.0400 12318.6315  0.00%   9.0  425s
 2060793 1448493 infeasible  104      12319.0400 12318.6320  0.00%   9.0  430s
 2091180 1470937 12318.6492   71   23 12319.0400 12318.6324  0.00%   8.9  435s
 2127209 1496991 12318.6667   83   31 12319.0400 12318.6329  0.00%   8.9  440s
 2163766 1523219 12318.7143   66   24 12319.0400 12318.6336  0.00%   8.9  445s
 2201093 1548663 12318.8146   93   11 12319.0400 12318.6341  0.00%   8.9  450s
 2235223 1574643 12318.8172   77   40 12319.0400 12318.6345  0.00%   8.9  455s
 2272930 1603251 12318.8791  169   29 12319.0400 12318.6351  0.00%   8.9  460s
 2307232 1627368 12318.7451  103   28 12319.0400 12318.6354  0.00%   8.9  465s
 2341921 1652983 12318.8146   98   22 12319.0400 12318.6359  0.00%   8.8  470s
 2377763 1678165 12318.6381   49   22 12319.0400 12318.6364  0.00%   8.8  475s
 2411281 1701386 12318.9548   51   20 12319.0400 12318.6368  0.00%   8.8  480s
 2444930 1725718 12318.7948  101   16 12319.0400 12318.6372  0.00%   8.8  485s
 2476889 1749425 12318.6377   90   19 12319.0400 12318.6376  0.00%   8.8  490s
 2507942 1771273 12318.6521  105   18 12319.0400 12318.6380  0.00%   8.8  495s
 2539027 1792445 12318.8174  104   16 12319.0400 12318.6384  0.00%   8.8  500s
 2565774 1810647 12318.9016   66   11 12319.0400 12318.6387  0.00%   8.8  505s
 2590080 1827551 12318.8971  122   29 12319.0400 12318.6390  0.00%   8.8  510s
 2601233 1850742 12318.9191   93   20 12319.0400 12318.6392  0.00%   8.8  515s
 2645688 1865751 12318.6984   87   20 12319.0400 12318.6397  0.00%   8.8  520s
 2675992 1886952 12318.7197   76   27 12319.0400 12318.6401  0.00%   8.8  525s
 2707104 1908700 12318.6684   65   28 12319.0400 12318.6404  0.00%   8.8  530s
 2741779 1933497 12318.7971   74   28 12319.0400 12318.6408  0.00%   8.7  535s
 2773590 1954818 12319.0007  137   18 12319.0400 12318.6412  0.00%   8.7  540s
 2804159 1976742 12318.8257   82   24 12319.0400 12318.6415  0.00%   8.7  545s
 2835129 1997754 12318.9470  102   23 12319.0400 12318.6418  0.00%   8.7  550s
 2863117 2017911 12318.6751   93   20 12319.0400 12318.6421  0.00%   8.7  555s
 2894980 2040414 12318.7728   92   35 12319.0400 12318.6424  0.00%   8.7  560s
 2922613 2058870 12318.6435   77   28 12319.0400 12318.6428  0.00%   8.7  565s
 2954910 2079248 infeasible  105      12319.0400 12318.6430  0.00%   8.7  570s
 2985068 2099169 12318.7209   70   18 12319.0400 12318.6433  0.00%   8.7  575s
 3014578 2119207 infeasible   97      12319.0400 12318.6436  0.00%   8.7  580s
 3027920 2126429 12318.9906   71   26 12319.0400 12318.6437  0.00%   8.7  585s
 3038878 2136648 12318.7543  124   22 12319.0400 12318.6437  0.00%   8.7  590s
 3063305 2152900 12318.7906  110   30 12319.0400 12318.6441  0.00%   8.7  595s
 3079592 2164576 12318.9460   72   29 12319.0400 12318.6443  0.00%   8.6  600s
 3105005 2182540 12318.8283   88   19 12319.0400 12318.6445  0.00%   8.6  605s
 3132040 2200075 12318.7711   82   18 12319.0400 12318.6448  0.00%   8.6  610s
 3160400 2219804 12318.7030   73   21 12319.0400 12318.6451  0.00%   8.6  615s
 3187964 2238014 12318.7253   96   19 12319.0400 12318.6453  0.00%   8.6  620s
 3217200 2257988 12318.7086   86   24 12319.0400 12318.6456  0.00%   8.6  625s
 3240991 2274873     cutoff   96      12319.0400 12318.6458  0.00%   8.6  630s
 3272086 2296707 12318.7943   85   16 12319.0400 12318.6461  0.00%   8.6  635s
 3300463 2315999     cutoff   99      12319.0400 12318.6464  0.00%   8.6  640s
 3327229 2336083 12318.7458   90   27 12319.0400 12318.6466  0.00%   8.6  645s
 3355432 2356038 12319.0117   96   21 12319.0400 12318.6469  0.00%   8.6  650s
 3385082 2376321 12319.0265   86   22 12319.0400 12318.6472  0.00%   8.6  655s
 3416187 2397932 12318.7022   62   23 12319.0400 12318.6475  0.00%   8.6  660s
 3449835 2420493 12318.8055  114   30 12319.0400 12318.6478  0.00%   8.5  665s
 3478416 2440282 12318.9475   52   30 12319.0400 12318.6480  0.00%   8.5  670s
 3510176 2461024 12318.8195  119   19 12319.0400 12318.6483  0.00%   8.5  675s
 3542548 2483699 12318.6642   73   17 12319.0400 12318.6485  0.00%   8.5  680s
 3567339 2500676 12318.8305   68   12 12319.0400 12318.6487  0.00%   8.5  685s
 3600850 2523813 12318.6837   73   17 12319.0400 12318.6490  0.00%   8.5  690s
 3633621 2547708 12318.7543   78   36 12319.0400 12318.6492  0.00%   8.5  695s
 3665377 2570204 12318.8042   96   21 12319.0400 12318.6495  0.00%   8.5  700s
 3698065 2594260 12318.8692  143   26 12319.0400 12318.6497  0.00%   8.5  705s
 3724047 2609802 12318.8696  131   12 12319.0400 12318.6499  0.00%   8.5  710s
 3756070 2632674 12318.9728   64   21 12319.0400 12318.6501  0.00%   8.5  715s
 3786213 2653088 12318.8164  106   20 12319.0400 12318.6503  0.00%   8.5  720s
 3813902 2669910 12318.7718   93   18 12319.0400 12318.6505  0.00%   8.5  725s
 3841888 2689502 12318.8187  129    4 12319.0400 12318.6507  0.00%   8.5  730s
 3875645 2713835 12318.6973   72   31 12319.0400 12318.6509  0.00%   8.4  735s
 3905093 2733933 12318.8123   54   26 12319.0400 12318.6511  0.00%   8.4  740s
 3933524 2753350 12318.7257   81   19 12319.0400 12318.6513  0.00%   8.4  745s
 3964624 2776327 12318.7062  108   26 12319.0400 12318.6515  0.00%   8.4  750s
 3995993 2798663 12319.0172  139   16 12319.0400 12318.6517  0.00%   8.4  755s
 4027113 2819700 12318.6774   77   18 12319.0400 12318.6519  0.00%   8.4  760s
 4054733 2836847 12318.7974   71   15 12319.0400 12318.6521  0.00%   8.4  765s
 4086995 2860788 12318.7543   93   27 12319.0400 12318.6523  0.00%   8.4  770s
 4117645 2882102 12318.7517  129   24 12319.0400 12318.6526  0.00%   8.4  775s
 4150659 2905254 12318.9275   68   23 12319.0400 12318.6528  0.00%   8.4  780s
 4177228 2923597 12318.7769   89   27 12319.0400 12318.6529  0.00%   8.4  785s
 4205621 2942820 12318.7488   81   29 12319.0400 12318.6531  0.00%   8.4  790s
 4238234 2965875 12318.7367  134   23 12319.0400 12318.6533  0.00%   8.4  795s
 4269754 2988205 12318.7010   65   33 12319.0400 12318.6535  0.00%   8.3  800s
 4302553 3011213 12318.6781   83   29 12319.0400 12318.6537  0.00%   8.3  805s
 4331030 3031045 12318.7846  114    4 12319.0400 12318.6539  0.00%   8.3  810s
 4359445 3051543 12318.7125   48   29 12319.0400 12318.6541  0.00%   8.3  815s
 4390856 3072525 12318.6829   49   16 12319.0400 12318.6544  0.00%   8.3  820s
 4418019 3091791 12318.7787   73   37 12319.0400 12318.6545  0.00%   8.3  825s
 4443858 3109605 12319.0396  155   23 12319.0400 12318.6546  0.00%   8.3  830s
 4468265 3124598 12318.8229  148   23 12319.0400 12318.6548  0.00%   8.3  835s
 4492987 3142210 12318.8328   48   23 12319.0400 12318.6549  0.00%   8.3  840s
 4523201 3162719 12318.7237   92   26 12319.0400 12318.6551  0.00%   8.3  845s
 4547825 3179127 12318.8310  121   21 12319.0400 12318.6552  0.00%   8.3  850s
 4579620 3200695 12318.6620   58    4 12319.0400 12318.6554  0.00%   8.3  855s
 4607725 3220472 12318.9309   86   21 12319.0400 12318.6556  0.00%   8.3  860s
 4635017 3238709 12318.8686   93   19 12319.0400 12318.6558  0.00%   8.3  865s
 4662097 3258197 12318.6998   54   19 12319.0400 12318.6560  0.00%   8.3  870s
 4687985 3275201 12318.7750  129   20 12319.0400 12318.6561  0.00%   8.3  875s
 4715657 3294571 12318.6675   59   15 12319.0400 12318.6563  0.00%   8.3  880s
 4740076 3310072     cutoff  148      12319.0400 12318.6564  0.00%   8.3  885s
 4766657 3327716 12318.6593   88   29 12319.0400 12318.6566  0.00%   8.3  890s
 4796441 3348022 12318.7746  107   24 12319.0400 12318.6567  0.00%   8.3  895s
 4822784 3364242 infeasible   87      12319.0400 12318.6568  0.00%   8.2  900s

Cutting planes:
  Gomory: 6
  Cover: 186
  MIR: 167
  StrongCG: 98
  Flow cover: 40
  GUB cover: 1
  Inf proof: 10

Explored 4824307 nodes (39791483 simplex iterations) in 901.69 seconds (978.75 work units)
Thread count was 28 (of 28 available processors)

Solution count 6: 12319 12319 12319 ... 12591

Time limit reached
Best objective 1.231903999976e+04, best bound 1.231865683453e+04, gap 0.0031%
Discarded solution information
Set parameter Seed to value 1
Gurobi Optimizer version 13.0.1 build v13.0.1rc0 (linux64 - "CachyOS")

CPU model: Intel(R) Core(TM) i7-14700KF, instruction set [SSE2|AVX|AVX2]
Thread count: 28 physical cores, 28 logical processors, using up to 28 threads

Non-default parameters:
TimeLimit  900
IntFeasTol  1e-09
MIPGap  1e-09
Seed  1

Academic license 2669763 - for non-commercial use only - registered to bg___@id.uff.br
Optimize a model with 9376 rows, 7653711 columns and 35608192 nonzeros (Min)
Model fingerprint: 0x6371617f
Model has 7645330 linear objective coefficients
Variable types: 0 continuous, 7653711 integer (7645330 binary)
Coefficient statistics:
  Matrix range     [1e-02, 1e+02]
  Objective range  [1e+00, 3e+02]
  Bounds range     [1e+00, 1e+00]
  RHS range        [1e+00, 1e+09]

Presolve removed 52 rows and 20749 columns (presolve time = 5s)...
Presolve removed 137 rows and 20834 columns (presolve time = 10s)...
Presolve removed 137 rows and 25190 columns (presolve time = 15s)...
Presolve removed 137 rows and 25190 columns (presolve time = 20s)...
Presolve removed 137 rows and 25190 columns (presolve time = 25s)...
Presolve removed 137 rows and 25190 columns (presolve time = 31s)...
Presolve removed 137 rows and 25190 columns
Presolve time: 32.46s
Presolved: 9239 rows, 7628521 columns, 29190794 nonzeros
Variable types: 0 continuous, 7628521 integer (7620278 binary)
Deterministic concurrent LP optimizer: primal simplex, dual simplex, and barrier
Showing barrier log only...

Root barrier log...

Ordering time: 0.41s

Barrier statistics:
 AA' NZ     : 8.220e+06
 Factor NZ  : 4.087e+07 (roughly 3.4 GB of memory)
 Factor Ops : 2.440e+11 (less than 1 second per iteration)
 Threads    : 26

                  Objective                Residual
Iter       Primal          Dual         Primal    Dual     Compl     Time
   0   1.85519408e+13 -8.86853576e+09  2.40e+10 0.00e+00  1.52e+06    67s
   1   8.73080592e+12 -7.60068447e+09  1.18e+10 9.48e+01  7.60e+05    69s

Barrier performed 1 iterations in 68.67 seconds (167.47 work units)
Barrier solve interrupted - model solved by another algorithm

Concurrent spin time: 1.83s (can be avoided by choosing Method=3)

Solved with dual simplex

Root simplex log...

Iteration    Objective       Primal Inf.    Dual Inf.      Time
   10004    1.2318152e+04   0.000000e+00   0.000000e+00     69s

Root relaxation: objective 1.231815e+04, 10004 iterations, 12.59 seconds (18.22 work units)

    Nodes    |    Current Node    |     Objective Bounds      |     Work
 Expl Unexpl |  Obj  Depth IntInf | Incumbent    BestBd   Gap | It/Node Time

     0     0 12318.1523    0   12          - 12318.1523      -     -   70s
H    0     0                    12864.040000 12318.1523  4.24%     -   87s
H    0     0                    12324.040000 12318.1523  0.05%     -   89s
H    0     0                    12319.040000 12318.1523  0.01%     -   90s
     0     0 12318.1547    0   26 12319.0400 12318.1547  0.01%     -  105s
     0     0 12318.1547    0    7 12319.0400 12318.1547  0.01%     -  109s
     0     0 12318.1547    0   11 12319.0400 12318.1547  0.01%     -  109s
     0     0 12318.1561    0   11 12319.0400 12318.1561  0.01%     -  109s
     0     0 12318.1570    0   15 12319.0400 12318.1570  0.01%     -  109s
     0     0 12318.1580    0   15 12319.0400 12318.1580  0.01%     -  109s
     0     0 12318.1618    0   15 12319.0400 12318.1618  0.01%     -  109s
     0     0 12318.1620    0   17 12319.0400 12318.1620  0.01%     -  109s
     0     0 12318.1620    0   19 12319.0400 12318.1620  0.01%     -  109s
     0     0 12318.1625    0   19 12319.0400 12318.1625  0.01%     -  109s
     0     0 12318.1625    0   19 12319.0400 12318.1625  0.01%     -  109s
     0     0 12318.1625    0   14 12319.0400 12318.1625  0.01%     -  109s
     0     2 12318.1643    0   14 12319.0400 12318.1643  0.01%     -  109s
   571  2445 12318.1643   21   42 12319.0400 12318.1643  0.01%  18.2  110s
 17761 19903 12318.4087   67   11 12319.0400 12318.2120  0.01%  10.9  115s
 48565 30769 12318.7843   81   22 12319.0400 12318.3145  0.01%  11.5  120s
 57194 34384 infeasible   62      12319.0400 12318.4198  0.01%  11.3  125s
 85662 46080 12318.6688   62   25 12319.0400 12318.5400  0.00%  10.9  130s
 109000 54396 12318.5577   80   22 12319.0400 12318.5400  0.00%  12.5  135s
 136804 67113 12318.7527  116   27 12319.0400 12318.5400  0.00%  12.7  140s
 157156 76351 12318.5999   90   20 12319.0400 12318.5400  0.00%  13.5  145s
 184141 94833 12318.7141  143   21 12319.0400 12318.5400  0.00%  13.6  150s
 210209 112674 12318.6940   84   20 12319.0400 12318.5400  0.00%  13.6  155s
 238046 132200     cutoff  137      12319.0400 12318.5400  0.00%  13.7  160s
 268292 155032 12318.5400   60   29 12319.0400 12318.5400  0.00%  13.6  165s
 297093 175339 12318.9520   72    9 12319.0400 12318.5400  0.00%  13.5  170s
 322742 193078 12318.5422   73   23 12319.0400 12318.5400  0.00%  13.8  175s
 351614 214281 12318.5400  120   30 12319.0400 12318.5400  0.00%  13.9  180s
 379119 233358 infeasible   69      12319.0400 12318.5429  0.00%  13.9  185s
 412888 256329 12318.7896  112   20 12319.0400 12318.5492  0.00%  13.6  190s
 444254 279562 12318.7423   88   16 12319.0400 12318.5537  0.00%  13.4  195s
 471498 295087 12318.6637   93   14 12319.0400 12318.5560  0.00%  13.3  200s
 486172 300706     cutoff   63      12319.0400 12318.5574  0.00%  13.5  205s
 491631 296817 infeasible   50      12319.0400 12318.5622  0.00%  14.5  211s
 497094 296068 infeasible  121      12319.0400 12318.5673  0.00%  15.1  215s
 503541 296654 infeasible   78      12319.0400 12318.5716  0.00%  15.5  220s
 513117 295787 infeasible   57      12319.0400 12318.5809  0.00%  16.0  225s
 521507 294862 12318.9490  105   25 12319.0400 12318.5878  0.00%  16.5  231s
 529508 293613 infeasible   68      12319.0400 12318.5937  0.00%  16.9  236s
 537703 291384 infeasible   53      12319.0400 12318.6010  0.00%  17.5  241s
 543230 289548 infeasible   98      12319.0400 12318.6052  0.00%  17.9  245s
 551013 285800 12318.9490   88   20 12319.0400 12318.6120  0.00%  18.5  251s
 556455 283033 12318.9217   61   34 12319.0400 12318.6180  0.00%  19.0  256s
 562385 280415     cutoff  111      12319.0400 12318.6233  0.00%  19.4  261s
 568543 277352     cutoff   72      12319.0400 12318.6281  0.00%  19.9  266s
 575108 274152     cutoff   89      12319.0400 12318.6343  0.00%  20.3  271s
 582872 270312 infeasible   69      12319.0400 12318.6403  0.00%  20.8  277s
 586426 268112 12318.9684   52   30 12319.0400 12318.6411  0.00%  21.1  280s
 594933 264303 12318.9490   62   22 12319.0400 12318.6523  0.00%  21.6  286s
 599345 261902 infeasible   90      12319.0400 12318.6568  0.00%  21.9  290s
 608145 256854 infeasible   57      12319.0400 12318.6660  0.00%  22.4  297s
 612630 254087 infeasible   77      12319.0400 12318.6702  0.00%  22.7  300s
 620092 247844 infeasible   87      12319.0400 12318.6742  0.00%  23.4  308s
 624647 244287 infeasible   74      12319.0400 12318.6772  0.00%  23.7  312s
 629039 244389 infeasible   78      12319.0400 12318.6797  0.00%  24.0  315s
 638842 243633 12319.0106   50   30 12319.0400 12318.6822  0.00%  24.2  320s
 647933 238172 12319.0106   37   39 12319.0400 12318.6864  0.00%  24.7  327s
 652812 235252 infeasible   87      12319.0400 12318.6911  0.00%  25.0  331s
 657712 232163 12319.0106   58   32 12319.0400 12318.6957  0.00%  25.2  335s
 669144 223169     cutoff  115      12319.0400 12318.7067  0.00%  25.6  342s
 676207 219936 infeasible  111      12319.0400 12318.7067  0.00%  25.7  346s
 681850 216676     cutoff   60      12319.0400 12318.7133  0.00%  25.9  350s
 692683 205831 12319.0106   76   33 12319.0400 12318.7242  0.00%  26.4  360s
 700244 198835     cutoff   84      12319.0400 12318.7304  0.00%  26.7  366s
 708219 192059 infeasible  101      12319.0400 12318.7344  0.00%  27.0  372s
 716431 183178     cutoff   61      12319.0400 12318.7384  0.00%  27.3  379s
 725376 175785 infeasible  104      12319.0400 12318.7506  0.00%  27.6  386s
 736415 165946 infeasible  103      12319.0400 12318.7573  0.00%  27.9  394s
 746337 155068 infeasible   92      12319.0400 12318.7760  0.00%  28.1  402s
 757288 143130 infeasible   90      12319.0400 12318.7921  0.00%  28.4  410s
 769429 129920 infeasible   69      12319.0400 12318.8115  0.00%  28.5  418s
 782796 117156 12318.9905   48   36 12319.0400 12318.8272  0.00%  28.7  427s
 796008 105944     cutoff  126      12319.0400 12318.8465  0.00%  28.8  438s
 813640 100428     cutoff   46      12319.0400 12318.8699  0.00%  28.8  445s
 827273 94950 infeasible   62      12319.0400 12318.8859  0.00%  28.7  452s
 841376 93712 12318.9643   52   36 12319.0400 12318.8930  0.00%  28.7  461s
 861666 95693 12319.0332   62   31 12319.0400 12318.9056  0.00%  28.4  467s
 879425 96132 12318.9341   50   38 12319.0400 12318.9105  0.00%  28.2  473s
 897471 92492     cutoff   61      12319.0400 12318.9185  0.00%  27.9  480s
 913008 87032 infeasible  154      12319.0400 12318.9224  0.00%  27.9  485s
 919885 81561 12319.0297   56   31 12319.0400 12318.9263  0.00%  28.2  494s
 939183 81561 12318.9381   45   41 12319.0400 12318.9263  0.00%  28.0  495s
 941628 77159 infeasible   55      12319.0400 12318.9351  0.00%  27.9  503s
 959501 70931 infeasible   63      12319.0400 12318.9475  0.00%  27.7  508s
 965970 63442 12318.9648   47   26 12319.0400 12318.9490  0.00%  28.0  517s
 982871 58371     cutoff   60      12319.0400 12318.9573  0.00%  28.0  526s
 1000248 54005 12318.9774   49   28 12319.0400 12318.9684  0.00%  27.9  534s
 1017304 48638     cutoff  123      12319.0400 12318.9769  0.00%  27.7  541s
 1029191 43134 12319.0019   60   38 12319.0400 12318.9847  0.00%  27.8  551s
 1052685 39444 12319.0189   59   33 12319.0400 12318.9943  0.00%  27.5  559s
 1069559 36229     cutoff   93      12319.0400 12319.0027  0.00%  27.3  563s
 1073867 32497 infeasible   62      12319.0400 12319.0043  0.00%  27.5  571s
 1090957 29694 12319.0145   55   25 12319.0400 12319.0060  0.00%  27.4  577s
 1105357 30166 infeasible   56      12319.0400 12319.0106  0.00%  27.4  584s
 1123464 30963 12319.0248   73   28 12319.0400 12319.0106  0.00%  27.3  590s
 1137730 31422 12319.0106   68   40 12319.0400 12319.0106  0.00%  27.3  597s
 1157159 31577 12319.0106   58   36 12319.0400 12319.0106  0.00%  27.2  604s
 1175243 31132 12319.0106   84   32 12319.0400 12319.0106  0.00%  27.2  609s
 1187680 30532     cutoff   49      12319.0400 12319.0106  0.00%  27.1  615s
 1202761 29246 12319.0106   65   20 12319.0400 12319.0106  0.00%  27.1  621s
 1217894 28534     cutoff   55      12319.0400 12319.0106  0.00%  27.1  626s
 1226895 25831 infeasible   76      12319.0400 12319.0106  0.00%  27.1  633s
 1241579 18418     cutoff   66      12319.0400 12319.0106  0.00%  27.0  643s
 1262255 10990 12319.0247   57   37 12319.0400 12319.0184  0.00%  26.9  653s
 1282555  6415 12319.0309   58   40 12319.0400 12319.0270  0.00%  26.6  656s
 1287959  1068 12319.0312   56   24 12319.0400 12319.0287  0.00%  26.7  661s

Cutting planes:
  Gomory: 1
  Lift-and-project: 2
  Cover: 64
  MIR: 179
  StrongCG: 140
  Flow cover: 58
  GUB cover: 1
  Inf proof: 25

Explored 1298682 nodes (34573213 simplex iterations) in 665.40 seconds (682.49 work units)
Thread count was 28 (of 28 available processors)

Solution count 3: 12319 12324 12864 

Optimal solution found (tolerance 1.00e-09)
Best objective 1.231903999976e+04, best bound 1.231903999976e+04, gap 0.0000%
Set parameter Seed to value 0
Gurobi Optimizer version 13.0.1 build v13.0.1rc0 (linux64 - "CachyOS")

CPU model: Intel(R) Core(TM) i7-14700KF, instruction set [SSE2|AVX|AVX2]
Thread count: 28 physical cores, 28 logical processors, using up to 28 threads

Non-default parameters:
TimeLimit  900
IntFeasTol  1e-09
MIPGap  1e-09

Academic license 2669763 - for non-commercial use only - registered to bg___@id.uff.br
Optimize a model with 9377 rows, 7653711 columns and 43253522 nonzeros (Min)
Model fingerprint: 0xe8e9145f
Model has 6327720 linear objective coefficients
Variable types: 0 continuous, 7653711 integer (7645330 binary)
Coefficient statistics:
  Matrix range     [1e-02, 3e+02]
  Objective range  [1e-02, 1e+02]
  Bounds range     [1e+00, 1e+00]
  RHS range        [1e+00, 1e+09]

Loaded MIP start from previous solve with objective 185.901

Presolve removed 52 rows and 20749 columns (presolve time = 5s)...
Presolve removed 137 rows and 20834 columns (presolve time = 10s)...
Presolve removed 137 rows and 21779 columns (presolve time = 15s)...
Presolve removed 137 rows and 21779 columns (presolve time = 20s)...
Presolve removed 137 rows and 21779 columns (presolve time = 25s)...
Presolve removed 137 rows and 21779 columns (presolve time = 30s)...
Presolve removed 137 rows and 21779 columns (presolve time = 35s)...
Presolve removed 137 rows and 21779 columns
Presolve time: 37.59s
Presolved: 9240 rows, 7631932 columns, 36796625 nonzeros
Variable types: 0 continuous, 7631932 integer (7623689 binary)
Deterministic concurrent LP optimizer: primal simplex, dual simplex, and barrier
Showing barrier log only...

Root barrier log...

Ordering time: 0.50s

Barrier statistics:
 AA' NZ     : 8.229e+06
 Factor NZ  : 4.088e+07 (roughly 3.4 GB of memory)
 Factor Ops : 2.441e+11 (less than 1 second per iteration)
 Threads    : 26

                  Objective                Residual
Iter       Primal          Dual         Primal    Dual     Compl     Time
   0   7.32867760e+10 -2.23139728e+08  6.79e+10 0.00e+00  1.54e+04    51s
   1   4.59886857e+10 -1.62455534e+08  4.26e+10 8.11e-01  9.85e+03    53s
   2   2.42121062e+10 -1.51929974e+08  2.24e+10 8.44e-01  5.23e+03    57s
   3   6.96490692e+09 -7.24187438e+07  6.46e+09 1.16e-01  1.55e+03    59s

Barrier performed 3 iterations in 59.17 seconds (191.41 work units)
Barrier solve interrupted - model solved by another algorithm

Concurrent spin time: 1.86s (can be avoided by choosing Method=3)

Solved with primal simplex

Root relaxation: cutoff, 28424 iterations, 19.47 seconds (26.57 work units)

    Nodes    |    Current Node    |     Objective Bounds      |     Work
 Expl Unexpl |  Obj  Depth IntInf | Incumbent    BestBd   Gap | It/Node Time

     0     0     cutoff    0       185.90099  185.90099  0.00%     -   59s

Explored 1 nodes (28424 simplex iterations) in 59.51 seconds (193.55 work units)
Thread count was 28 (of 28 available processors)

Solution count 1: 185.901 

Optimal solution found (tolerance 1.00e-09)
Best objective 1.859009888911e+02, best bound 1.859009888911e+02, gap 0.0000%
pareto-map: box [11843.0400,12853.0400] (f2, f2<=186)  → new point f1=12319.0400 f2=185.901
Set parameter OutputFlag to value 1
Set parameter TimeLimit to value 900
Gurobi Optimizer version 13.0.1 build v13.0.1rc0 (linux64 - "CachyOS")

CPU model: Intel(R) Core(TM) i7-14700KF, instruction set [SSE2|AVX|AVX2]
Thread count: 28 physical cores, 28 logical processors, using up to 28 threads

Non-default parameters:
TimeLimit  900
IntFeasTol  1e-09
MIPGap  1e-09

Academic license 2669763 - for non-commercial use only - registered to bg___@id.uff.br
Optimize a model with 9376 rows, 7653711 columns and 36925802 nonzeros (Min)
Model fingerprint: 0xad7c1f27
Model has 6327720 linear objective coefficients
Variable types: 0 continuous, 7653711 integer (7645330 binary)
Coefficient statistics:
  Matrix range     [1e-02, 3e+02]
  Objective range  [1e-02, 1e+02]
  Bounds range     [1e+00, 1e+00]
  RHS range        [1e+00, 1e+09]

Presolve removed 52 rows and 20758 columns (presolve time = 5s)...
Presolve removed 137 rows and 20843 columns (presolve time = 10s)...
Presolve removed 137 rows and 29835 columns (presolve time = 15s)...
Presolve removed 137 rows and 29835 columns (presolve time = 20s)...
Presolve removed 137 rows and 29835 columns (presolve time = 25s)...
Presolve removed 137 rows and 29835 columns (presolve time = 30s)...
Presolve removed 137 rows and 29835 columns
Presolve time: 33.76s
Presolved: 9239 rows, 7623876 columns, 30455992 nonzeros
Variable types: 0 continuous, 7623876 integer (7615633 binary)
Found heuristic solution: objective 361.9629500
Deterministic concurrent LP optimizer: primal simplex, dual simplex, and barrier
Showing barrier log only...

Root barrier log...

Ordering time: 0.49s

Barrier statistics:
 AA' NZ     : 8.221e+06
 Factor NZ  : 4.087e+07 (roughly 3.4 GB of memory)
 Factor Ops : 2.440e+11 (less than 1 second per iteration)
 Threads    : 26

                  Objective                Residual
Iter       Primal          Dual         Primal    Dual     Compl     Time
   0   9.97948321e+10 -4.82898953e+08  6.96e+10 0.00e+00  2.99e+04    61s
   1   5.37850753e+10 -3.59547142e+08  3.75e+10 1.81e+00  1.62e+04    63s
   2   3.68926649e+10 -3.05489670e+08  2.57e+10 8.73e-01  1.13e+04    67s
   3   5.27946737e+09 -1.10930443e+08  3.70e+09 1.19e-01  1.66e+03    70s

Barrier performed 3 iterations in 70.05 seconds (176.21 work units)
Barrier solve interrupted - model solved by another algorithm

Concurrent spin time: 3.41s (can be avoided by choosing Method=3)

Solved with primal simplex

Root simplex log...

Iteration    Objective       Primal Inf.    Dual Inf.      Time
   40628    1.6654469e+02   0.000000e+00   0.000000e+00     70s

Root relaxation: objective 1.665447e+02, 40628 iterations, 19.39 seconds (23.35 work units)

    Nodes    |    Current Node    |     Objective Bounds      |     Work
 Expl Unexpl |  Obj  Depth IntInf | Incumbent    BestBd   Gap | It/Node Time

     0     0  166.54469    0   13  361.96295  166.54469  54.0%     -   72s
H    0     0                     167.0377806  166.54469  0.30%     -   78s
H    0     0                     166.6802222  166.54469  0.08%     -   79s
H    0     0                     166.6142389  166.54469  0.04%     -   79s
H    0     0                     166.5936528  166.54469  0.03%     -   80s
H    0     0                     166.5712223  166.54469  0.02%     -   81s
H    0     0                     166.5678722  166.54469  0.01%     -   82s
H    0     0                     166.5470667  166.54469  0.00%     -   82s
H    0     0                     166.5458778  166.54469  0.00%     -   83s
     0     0  166.54469    0  164  166.54588  166.54469  0.00%     -   97s
     0     0  166.54469    0    9  166.54588  166.54469  0.00%     -  102s
     0     0 infeasible    0       166.54588  166.54588  0.00%     -  102s

Cutting planes:
  Gomory: 1
  Cover: 2
  MIR: 1
  GUB cover: 1
  Zero half: 1

Explored 1 nodes (45114 simplex iterations) in 102.45 seconds (205.46 work units)
Thread count was 28 (of 28 available processors)

Solution count 10: 166.546 166.546 166.547 ... 361.963

Optimal solution found (tolerance 1.00e-09)
Best objective 1.665458778011e+02, best bound 1.665458778011e+02, gap 0.0000%
Set parameter Seed to value 0
Gurobi Optimizer version 13.0.1 build v13.0.1rc0 (linux64 - "CachyOS")

CPU model: Intel(R) Core(TM) i7-14700KF, instruction set [SSE2|AVX|AVX2]
Thread count: 28 physical cores, 28 logical processors, using up to 28 threads

Non-default parameters:
TimeLimit  900
IntFeasTol  1e-09
MIPGap  1e-09

Academic license 2669763 - for non-commercial use only - registered to bg___@id.uff.br
Optimize a model with 9377 rows, 7653711 columns and 43253522 nonzeros (Min)
Model fingerprint: 0x9a56f5f0
Model has 7645330 linear objective coefficients
Variable types: 0 continuous, 7653711 integer (7645330 binary)
Coefficient statistics:
  Matrix range     [1e-02, 3e+02]
  Objective range  [1e+00, 3e+02]
  Bounds range     [1e+00, 1e+00]
  RHS range        [1e+00, 1e+09]

Loaded MIP start from previous solve with objective 12586

Presolve removed 52 rows and 20749 columns (presolve time = 5s)...
Presolve removed 137 rows and 20834 columns (presolve time = 10s)...
Presolve removed 137 rows and 21602 columns (presolve time = 15s)...
Presolve removed 137 rows and 21602 columns (presolve time = 20s)...
Presolve removed 137 rows and 21602 columns (presolve time = 25s)...
Presolve removed 137 rows and 21602 columns (presolve time = 30s)...
Presolve removed 137 rows and 21602 columns (presolve time = 35s)...
Presolve removed 137 rows and 21602 columns
Presolve time: 37.95s
Presolved: 9240 rows, 7632109 columns, 36797292 nonzeros
Variable types: 0 continuous, 7632109 integer (7623866 binary)
Deterministic concurrent LP optimizer: primal simplex, dual simplex, and barrier
Showing barrier log only...

Root barrier log...

Ordering time: 0.46s

Barrier statistics:
 AA' NZ     : 8.229e+06
 Factor NZ  : 4.088e+07 (roughly 3.4 GB of memory)
 Factor Ops : 2.441e+11 (less than 1 second per iteration)
 Threads    : 26

                  Objective                Residual
Iter       Primal          Dual         Primal    Dual     Compl     Time
   0   1.26921920e+12 -1.64798059e+09  6.78e+10 0.00e+00  1.26e+05    54s
   1   6.20306842e+11 -1.06315365e+09  3.31e+10 3.83e+00  6.18e+04    56s

Barrier performed 1 iterations in 55.78 seconds (199.04 work units)
Barrier solve interrupted - model solved by another algorithm

Concurrent spin time: 2.32s (can be avoided by choosing Method=3)

Solved with dual simplex

Root simplex log...

Iteration    Objective       Primal Inf.    Dual Inf.      Time
   13055    1.2586022e+04   0.000000e+00   0.000000e+00     57s

Root relaxation: objective 1.258602e+04, 13055 iterations, 16.51 seconds (28.49 work units)

    Nodes    |    Current Node    |     Objective Bounds      |     Work
 Expl Unexpl |  Obj  Depth IntInf | Incumbent    BestBd   Gap | It/Node Time

     0     0 12586.0217    0   13 12586.0400 12586.0217  0.00%     -   59s
     0     0 12586.0290    0  129 12586.0400 12586.0290  0.00%     -   73s
     0     0     cutoff    0      12586.0400 12586.0400  0.00%     -   78s

Explored 1 nodes (15990 simplex iterations) in 78.69 seconds (221.42 work units)
Thread count was 28 (of 28 available processors)

Solution count 1: 12586 

Optimal solution found (tolerance 1.00e-09)
Best objective 1.258603999976e+04, best bound 1.258603999976e+04, gap 0.0000%
pareto-map: box [12319.0400,12853.0400] (f1, f1<=12586)  → new point f1=12586.0400 f2=166.546
Set parameter OutputFlag to value 1
Set parameter TimeLimit to value 900
Gurobi Optimizer version 13.0.1 build v13.0.1rc0 (linux64 - "CachyOS")

CPU model: Intel(R) Core(TM) i7-14700KF, instruction set [SSE2|AVX|AVX2]
Thread count: 28 physical cores, 28 logical processors, using up to 28 threads

Non-default parameters:
TimeLimit  900
IntFeasTol  1e-09
MIPGap  1e-09

Academic license 2669763 - for non-commercial use only - registered to bg___@id.uff.br
Optimize a model with 9376 rows, 7653711 columns and 35608192 nonzeros (Min)
Model fingerprint: 0xecc6fa04
Model has 7645330 linear objective coefficients
Variable types: 0 continuous, 7653711 integer (7645330 binary)
Coefficient statistics:
  Matrix range     [1e-02, 1e+02]
  Objective range  [1e+00, 3e+02]
  Bounds range     [1e+00, 1e+00]
  RHS range        [1e+00, 1e+09]

Presolve removed 52 rows and 20749 columns (presolve time = 5s)...
Presolve removed 137 rows and 20834 columns (presolve time = 10s)...
Presolve removed 137 rows and 25190 columns (presolve time = 15s)...
Presolve removed 137 rows and 25190 columns (presolve time = 20s)...
Presolve removed 137 rows and 25190 columns (presolve time = 25s)...
Presolve removed 137 rows and 25190 columns (presolve time = 30s)...
Presolve removed 137 rows and 25190 columns
Presolve time: 34.56s
Presolved: 9239 rows, 7628521 columns, 29190794 nonzeros
Variable types: 0 continuous, 7628521 integer (7620278 binary)
Deterministic concurrent LP optimizer: primal simplex, dual simplex, and barrier
Showing barrier log only...

Root barrier log...

Ordering time: 0.47s

Barrier statistics:
 AA' NZ     : 8.220e+06
 Factor NZ  : 4.087e+07 (roughly 3.4 GB of memory)
 Factor Ops : 2.440e+11 (less than 1 second per iteration)
 Threads    : 26

                  Objective                Residual
Iter       Primal          Dual         Primal    Dual     Compl     Time
   0   1.85519250e+13 -8.86854396e+09  2.40e+10 0.00e+00  1.52e+06    70s
   1   8.72898958e+12 -7.60128253e+09  1.18e+10 9.48e+01  7.60e+05    71s
   2   1.79281417e+12 -2.97674800e+09  2.58e+09 3.42e-11  1.71e+05    73s

Barrier performed 2 iterations in 73.51 seconds (169.52 work units)
Barrier solve interrupted - model solved by another algorithm

Concurrent spin time: 4.00s (can be avoided by choosing Method=3)

Solved with dual simplex

Root simplex log...

Iteration    Objective       Primal Inf.    Dual Inf.      Time
   11154    1.1562391e+04   0.000000e+00   0.000000e+00     74s

Root relaxation: objective 1.156239e+04, 11154 iterations, 15.47 seconds (19.13 work units)

    Nodes    |    Current Node    |     Objective Bounds      |     Work
 Expl Unexpl |  Obj  Depth IntInf | Incumbent    BestBd   Gap | It/Node Time

     0     0 11562.3908    0   16          - 11562.3908      -     -   75s
H    0     0                    11838.040000 11562.3908  2.33%     -   92s
H    0     0                    11568.040000 11562.3908  0.05%     -   94s
H    0     0                    11566.040000 11562.3908  0.03%     -   94s
H    0     0                    11563.040000 11562.3908  0.01%     -   96s
     0     0 11562.3995    0   20 11563.0400 11562.3995  0.01%     -  110s
     0     0 11562.3995    0    5 11563.0400 11562.3995  0.01%     -  114s
     0     0 11562.4001    0   13 11563.0400 11562.4001  0.01%     -  114s
     0     0 11562.4049    0   13 11563.0400 11562.4049  0.01%     -  114s
     0     0 11562.4126    0   21 11563.0400 11562.4126  0.01%     -  114s
     0     0 11562.4253    0   13 11563.0400 11562.4253  0.01%     -  114s
     0     0 11562.4272    0   17 11563.0400 11562.4272  0.01%     -  114s
     0     0 11562.4299    0   18 11563.0400 11562.4299  0.01%     -  115s
     0     0 11562.4299    0   18 11563.0400 11562.4299  0.01%     -  115s
     0     0 11562.4299    0   18 11563.0400 11562.4299  0.01%     -  115s
     0     2 11562.4327    0   18 11563.0400 11562.4327  0.01%     -  115s

Cutting planes:
  Gomory: 3
  Cover: 10
  MIR: 7
  StrongCG: 3
  GUB cover: 1
  Inf proof: 2
  Zero half: 3

Explored 14147 nodes (89824 simplex iterations) in 116.85 seconds (202.29 work units)
Thread count was 28 (of 28 available processors)

Solution count 4: 11563 11566 11568 11838 

Optimal solution found (tolerance 1.00e-09)
Best objective 1.156303999976e+04, best bound 1.156303999976e+04, gap 0.0000%
Set parameter Seed to value 0
Gurobi Optimizer version 13.0.1 build v13.0.1rc0 (linux64 - "CachyOS")

CPU model: Intel(R) Core(TM) i7-14700KF, instruction set [SSE2|AVX|AVX2]
Thread count: 28 physical cores, 28 logical processors, using up to 28 threads

Non-default parameters:
TimeLimit  900
IntFeasTol  1e-09
MIPGap  1e-09

Academic license 2669763 - for non-commercial use only - registered to bg___@id.uff.br
Optimize a model with 9377 rows, 7653711 columns and 43253522 nonzeros (Min)
Model fingerprint: 0x66c7b322
Model has 6327720 linear objective coefficients
Variable types: 0 continuous, 7653711 integer (7645330 binary)
Coefficient statistics:
  Matrix range     [1e-02, 3e+02]
  Objective range  [1e-02, 1e+02]
  Bounds range     [1e+00, 1e+00]
  RHS range        [1e+00, 1e+09]

Loaded MIP start from previous solve with objective 257.854

Presolve removed 52 rows and 20749 columns (presolve time = 5s)...
Presolve removed 137 rows and 20834 columns (presolve time = 10s)...
Presolve removed 137 rows and 21691 columns (presolve time = 15s)...
Presolve removed 137 rows and 21779 columns (presolve time = 20s)...
Presolve removed 137 rows and 21779 columns (presolve time = 25s)...
Presolve removed 137 rows and 21779 columns (presolve time = 30s)...
Presolve removed 137 rows and 21779 columns (presolve time = 35s)...
Presolve removed 137 rows and 21779 columns (presolve time = 492s)...
Presolve removed 137 rows and 21779 columns (presolve time = 497s)...
Presolve removed 137 rows and 21779 columns (presolve time = 502s)...
Presolve removed 137 rows and 21779 columns (presolve time = 508s)...
Presolve removed 137 rows and 21779 columns (presolve time = 513s)...
Presolve removed 137 rows and 21779 columns (presolve time = 522s)...
Presolve removed 137 rows and 21779 columns (presolve time = 527s)...
Presolve removed 137 rows and 21779 columns (presolve time = 532s)...
Presolve removed 137 rows and 21779 columns (presolve time = 537s)...
Presolve removed 137 rows and 21779 columns (presolve time = 543s)...
Presolve removed 137 rows and 21779 columns (presolve time = 548s)...
Presolve removed 137 rows and 21779 columns (presolve time = 553s)...
Presolve removed 137 rows and 21779 columns (presolve time = 558s)...
Presolve removed 137 rows and 21779 columns (presolve time = 564s)...
Presolve removed 137 rows and 21779 columns (presolve time = 569s)...
Presolve removed 137 rows and 21779 columns (presolve time = 574s)...
Presolve removed 137 rows and 21779 columns (presolve time = 580s)...
Presolve removed 137 rows and 21779 columns (presolve time = 585s)...
Presolve removed 137 rows and 21779 columns (presolve time = 590s)...
Presolve removed 137 rows and 21779 columns (presolve time = 595s)...
Presolve removed 137 rows and 21779 columns (presolve time = 601s)...
Presolve removed 137 rows and 21779 columns (presolve time = 606s)...
Presolve removed 137 rows and 21779 columns (presolve time = 611s)...
Presolve removed 137 rows and 21779 columns (presolve time = 616s)...
Presolve removed 137 rows and 21779 columns (presolve time = 622s)...
Presolve removed 137 rows and 21779 columns (presolve time = 627s)...
Presolve removed 137 rows and 21779 columns (presolve time = 632s)...
Presolve removed 137 rows and 21779 columns (presolve time = 638s)...
Presolve removed 137 rows and 21779 columns (presolve time = 643s)...
Presolve removed 137 rows and 21779 columns (presolve time = 648s)...
Presolve removed 137 rows and 21779 columns (presolve time = 653s)...
Presolve removed 137 rows and 21779 columns (presolve time = 659s)...
Presolve removed 137 rows and 21779 columns (presolve time = 663s)...
Presolve removed 137 rows and 21779 columns
Presolve time: 664.84s
Presolved: 9240 rows, 7631932 columns, 36796625 nonzeros
Variable types: 0 continuous, 7631932 integer (7623689 binary)
Deterministic concurrent LP optimizer: primal simplex, dual simplex, and barrier
Showing barrier log only...

Root barrier log...

Ordering time: 0.50s

Barrier statistics:
 AA' NZ     : 8.229e+06
 Factor NZ  : 4.088e+07 (roughly 3.4 GB of memory)
 Factor Ops : 2.441e+11 (less than 1 second per iteration)
 Threads    : 26

                  Objective                Residual
Iter       Primal          Dual         Primal    Dual     Compl     Time
   0   7.32867651e+10 -2.23139922e+08  6.79e+10 0.00e+00  1.54e+04   679s
   1   4.59882548e+10 -1.62454460e+08  4.26e+10 8.11e-01  9.85e+03   681s
   2   2.42122315e+10 -1.51935992e+08  2.24e+10 8.45e-01  5.23e+03   684s
   3   6.96399650e+09 -7.24228089e+07  6.46e+09 1.16e-01  1.55e+03   687s

Barrier performed 3 iterations in 687.42 seconds (17704.68 work units)
Barrier solve interrupted - model solved by another algorithm

Concurrent spin time: 4.36s (can be avoided by choosing Method=3)

Solved with primal simplex

Root simplex log...

Iteration    Objective       Primal Inf.    Dual Inf.      Time
   14858    2.5784679e+02   0.000000e+00   0.000000e+00    688s

Root relaxation: objective 2.578468e+02, 14858 iterations, 20.34 seconds (24.70 work units)

    Nodes    |    Current Node    |     Objective Bounds      |     Work
 Expl Unexpl |  Obj  Depth IntInf | Incumbent    BestBd   Gap | It/Node Time

     0     0  257.84679    0   17  257.85373  257.84679  0.00%     -  689s
     0     0  257.84762    0  121  257.85373  257.84762  0.00%     -  709s
     0     0  257.84762    0    5  257.85373  257.84762  0.00%     -  714s
H    0     0                     257.8486806  257.84762  0.00%     -  714s

Cutting planes:
  MIR: 1
  StrongCG: 1
  GUB cover: 1

Explored 1 nodes (15583 simplex iterations) in 715.01 seconds (17730.66 work units)
Thread count was 28 (of 28 available processors)

Solution count 3: 257.849 257.854 257.854 

Optimal solution found (tolerance 1.00e-09)
Best objective 2.578486805649e+02, best bound 2.578486805649e+02, gap 0.0000%
pareto-map: box [11367.0400,11843.0400] (f2, f2<=257.9)  → new point f1=11563.0400 f2=257.849
Set parameter OutputFlag to value 1
Set parameter TimeLimit to value 900
Gurobi Optimizer version 13.0.1 build v13.0.1rc0 (linux64 - "CachyOS")

CPU model: Intel(R) Core(TM) i7-14700KF, instruction set [SSE2|AVX|AVX2]
Thread count: 28 physical cores, 28 logical processors, using up to 28 threads

Non-default parameters:
TimeLimit  900
IntFeasTol  1e-09
MIPGap  1e-09

Academic license 2669763 - for non-commercial use only - registered to bg___@id.uff.br
Optimize a model with 9376 rows, 7653711 columns and 36925802 nonzeros (Min)
Model fingerprint: 0xbe2c808b
Model has 6327720 linear objective coefficients
Variable types: 0 continuous, 7653711 integer (7645330 binary)
Coefficient statistics:
  Matrix range     [1e-02, 3e+02]
  Objective range  [1e-02, 1e+02]
  Bounds range     [1e+00, 1e+00]
  RHS range        [1e+00, 1e+09]

Presolve removed 52 rows and 20758 columns (presolve time = 5s)...
Presolve removed 137 rows and 20843 columns (presolve time = 10s)...
Presolve removed 137 rows and 29835 columns (presolve time = 15s)...
Presolve removed 137 rows and 29835 columns (presolve time = 20s)...
Presolve removed 137 rows and 29835 columns (presolve time = 25s)...
Presolve removed 137 rows and 29835 columns (presolve time = 30s)...
Presolve removed 137 rows and 29835 columns
Presolve time: 32.55s
Presolved: 9239 rows, 7623876 columns, 30455992 nonzeros
Variable types: 0 continuous, 7623876 integer (7615633 binary)
Found heuristic solution: objective 361.9629500
Deterministic concurrent LP optimizer: primal simplex, dual simplex, and barrier
Showing barrier log only...

Root barrier log...

Ordering time: 0.50s

Barrier statistics:
 AA' NZ     : 8.221e+06
 Factor NZ  : 4.087e+07 (roughly 3.4 GB of memory)
 Factor Ops : 2.440e+11 (less than 1 second per iteration)
 Threads    : 26

                  Objective                Residual
Iter       Primal          Dual         Primal    Dual     Compl     Time
   0   9.97948335e+10 -4.82898953e+08  6.96e+10 0.00e+00  2.99e+04    60s
   1   5.37876628e+10 -3.59559649e+08  3.75e+10 1.81e+00  1.62e+04    62s
   2   3.68924062e+10 -3.05505569e+08  2.57e+10 8.72e-01  1.13e+04    65s
   3   5.27701861e+09 -1.10919722e+08  3.70e+09 1.19e-01  1.66e+03    68s

Barrier performed 3 iterations in 68.28 seconds (176.03 work units)
Barrier solve interrupted - model solved by another algorithm

Concurrent spin time: 3.67s (can be avoided by choosing Method=3)

Solved with primal simplex

Root simplex log...

Iteration    Objective       Primal Inf.    Dual Inf.      Time
   37619    2.0382408e+02   0.000000e+00   0.000000e+00     68s

Root relaxation: objective 2.038241e+02, 37619 iterations, 19.02 seconds (22.26 work units)

    Nodes    |    Current Node    |     Objective Bounds      |     Work
 Expl Unexpl |  Obj  Depth IntInf | Incumbent    BestBd   Gap | It/Node Time

*    0     0               0     203.8240833  203.82408  0.00%     -   68s

Explored 1 nodes (37619 simplex iterations) in 68.84 seconds (177.04 work units)
Thread count was 28 (of 28 available processors)

Solution count 2: 203.824 361.963 

Optimal solution found (tolerance 1.00e-09)
Best objective 2.038240833406e+02, best bound 2.038240833406e+02, gap 0.0000%
Set parameter Seed to value 0
Gurobi Optimizer version 13.0.1 build v13.0.1rc0 (linux64 - "CachyOS")

CPU model: Intel(R) Core(TM) i7-14700KF, instruction set [SSE2|AVX|AVX2]
Thread count: 28 physical cores, 28 logical processors, using up to 28 threads

Non-default parameters:
TimeLimit  900
IntFeasTol  1e-09
MIPGap  1e-09

Academic license 2669763 - for non-commercial use only - registered to bg___@id.uff.br
Optimize a model with 9377 rows, 7653711 columns and 43253522 nonzeros (Min)
Model fingerprint: 0x50db690c
Model has 7645330 linear objective coefficients
Variable types: 0 continuous, 7653711 integer (7645330 binary)
Coefficient statistics:
  Matrix range     [1e-02, 3e+02]
  Objective range  [1e+00, 3e+02]
  Bounds range     [1e+00, 1e+00]
  RHS range        [1e+00, 1e+09]

Loaded MIP start from previous solve with objective 12081

Presolve removed 52 rows and 20749 columns (presolve time = 5s)...
Presolve removed 137 rows and 20834 columns (presolve time = 10s)...
Presolve removed 137 rows and 21602 columns (presolve time = 15s)...
Presolve removed 137 rows and 21602 columns (presolve time = 20s)...
Presolve removed 137 rows and 21602 columns (presolve time = 25s)...
Presolve removed 137 rows and 21602 columns (presolve time = 30s)...
Presolve removed 137 rows and 21602 columns (presolve time = 35s)...
Presolve removed 137 rows and 21602 columns (presolve time = 40s)...
Presolve removed 137 rows and 21602 columns
Presolve time: 40.31s
Presolved: 9240 rows, 7632109 columns, 36797292 nonzeros
Variable types: 0 continuous, 7632109 integer (7623866 binary)
Deterministic concurrent LP optimizer: primal simplex, dual simplex, and barrier
Showing barrier log only...

Root barrier log...

Ordering time: 0.46s

Barrier statistics:
 AA' NZ     : 8.229e+06
 Factor NZ  : 4.088e+07 (roughly 3.4 GB of memory)
 Factor Ops : 2.441e+11 (less than 1 second per iteration)
 Threads    : 26

                  Objective                Residual
Iter       Primal          Dual         Primal    Dual     Compl     Time
   0   1.26921899e+12 -1.64798059e+09  6.78e+10 0.00e+00  1.26e+05    56s
   1   6.20317150e+11 -1.06315241e+09  3.31e+10 3.83e+00  6.18e+04    58s

Barrier performed 1 iterations in 57.73 seconds (190.17 work units)
Barrier solve interrupted - model solved by another algorithm

Concurrent spin time: 1.71s (can be avoided by choosing Method=3)

Solved with dual simplex

Root simplex log...

Iteration    Objective       Primal Inf.    Dual Inf.      Time
   14385    1.2081039e+04   0.000000e+00   0.000000e+00     59s

Root relaxation: objective 1.208104e+04, 14385 iterations, 16.07 seconds (28.72 work units)

    Nodes    |    Current Node    |     Objective Bounds      |     Work
 Expl Unexpl |  Obj  Depth IntInf | Incumbent    BestBd   Gap | It/Node Time

     0     0 12081.0387    0   22 12081.0400 12081.0387  0.00%     -   60s
     0     0     cutoff    0      12081.0400 12081.0400  0.00%     -   60s

Explored 1 nodes (14994 simplex iterations) in 61.17 seconds (195.34 work units)
Thread count was 28 (of 28 available processors)

Solution count 1: 12081 

Optimal solution found (tolerance 1.00e-09)
Best objective 1.208103999976e+04, best bound 1.208103999976e+04, gap 0.0000%
pareto-map: box [11843.0400,12319.0400] (f1, f1<=12081)  → new point f1=12081.0400 f2=203.824
Set parameter OutputFlag to value 1
Set parameter TimeLimit to value 900
Gurobi Optimizer version 13.0.1 build v13.0.1rc0 (linux64 - "CachyOS")

CPU model: Intel(R) Core(TM) i7-14700KF, instruction set [SSE2|AVX|AVX2]
Thread count: 28 physical cores, 28 logical processors, using up to 28 threads

Non-default parameters:
TimeLimit  900
IntFeasTol  1e-09
MIPGap  1e-09

Academic license 2669763 - for non-commercial use only - registered to bg___@id.uff.br
Optimize a model with 9376 rows, 7653711 columns and 35608192 nonzeros (Min)
Model fingerprint: 0x9e476270
Model has 7645330 linear objective coefficients
Variable types: 0 continuous, 7653711 integer (7645330 binary)
Coefficient statistics:
  Matrix range     [1e-02, 1e+02]
  Objective range  [1e+00, 3e+02]
  Bounds range     [1e+00, 1e+00]
  RHS range        [1e+00, 1e+09]

Presolve removed 137 rows and 20834 columns (presolve time = 6s)...
Presolve removed 137 rows and 20834 columns (presolve time = 10s)...
Presolve removed 137 rows and 25190 columns (presolve time = 15s)...
Presolve removed 137 rows and 25190 columns (presolve time = 20s)...
Presolve removed 137 rows and 25190 columns (presolve time = 25s)...
Presolve removed 137 rows and 25190 columns (presolve time = 30s)...
Presolve removed 137 rows and 25190 columns
Presolve time: 31.01s
Presolved: 9239 rows, 7628521 columns, 29190794 nonzeros
Variable types: 0 continuous, 7628521 integer (7620278 binary)
Deterministic concurrent LP optimizer: primal simplex, dual simplex, and barrier
Showing barrier log only...

Root barrier log...

Ordering time: 0.46s

Barrier statistics:
 AA' NZ     : 8.220e+06
 Factor NZ  : 4.087e+07 (roughly 3.4 GB of memory)
 Factor Ops : 2.440e+11 (less than 1 second per iteration)
 Threads    : 26

                  Objective                Residual
Iter       Primal          Dual         Primal    Dual     Compl     Time
   0   1.85519246e+13 -8.86854395e+09  2.40e+10 0.00e+00  1.52e+06    66s
   1   8.72824769e+12 -7.60074313e+09  1.18e+10 9.48e+01  7.60e+05    67s
   2   1.79251791e+12 -2.97653011e+09  2.57e+09 1.21e-10  1.71e+05    70s

Barrier performed 2 iterations in 70.28 seconds (169.69 work units)
Barrier solve interrupted - model solved by another algorithm

Concurrent spin time: 1.88s (can be avoided by choosing Method=3)

Solved with dual simplex

Root simplex log...

Iteration    Objective       Primal Inf.    Dual Inf.      Time
   12156    1.1457813e+04   0.000000e+00   0.000000e+00     71s

Root relaxation: objective 1.145781e+04, 12156 iterations, 15.59 seconds (19.10 work units)

    Nodes    |    Current Node    |     Objective Bounds      |     Work
 Expl Unexpl |  Obj  Depth IntInf | Incumbent    BestBd   Gap | It/Node Time

     0     0 11457.8133    0   12          - 11457.8133      -     -   72s
H    0     0                    12009.040000 11457.8133  4.59%     -   89s
H    0     0                    11467.040000 11457.8133  0.08%     -   91s
H    0     0                    11459.040000 11457.8133  0.01%     -   92s
H    0     0                    11458.040000 11457.8133  0.00%     -   93s
     0     0 11457.8275    0   18 11458.0400 11457.8275  0.00%     -  107s
     0     0 11457.8275    0    8 11458.0400 11457.8275  0.00%     -  111s
     0     0 11457.8275    0   10 11458.0400 11457.8275  0.00%     -  111s
     0     0 11457.8286    0   14 11458.0400 11457.8286  0.00%     -  111s
     0     0 11457.8291    0   16 11458.0400 11457.8291  0.00%     -  111s
     0     0 11457.8375    0    7 11458.0400 11457.8375  0.00%     -  111s
     0     0 11457.8400    0    5 11458.0400 11457.8400  0.00%     -  111s
     0     0 11457.8417    0   21 11458.0400 11457.8417  0.00%     -  111s
     0     0     cutoff    0      11458.0400 11458.0400  0.00%     -  111s

Cutting planes:
  Gomory: 1
  Cover: 2
  MIR: 3

Explored 1 nodes (13030 simplex iterations) in 111.89 seconds (200.00 work units)
Thread count was 28 (of 28 available processors)

Solution count 4: 11458 11459 11467 12009 

Optimal solution found (tolerance 1.00e-09)
Best objective 1.145803999976e+04, best bound 1.145803999976e+04, gap 0.0000%
Set parameter Seed to value 0
Gurobi Optimizer version 13.0.1 build v13.0.1rc0 (linux64 - "CachyOS")

CPU model: Intel(R) Core(TM) i7-14700KF, instruction set [SSE2|AVX|AVX2]
Thread count: 28 physical cores, 28 logical processors, using up to 28 threads

Non-default parameters:
TimeLimit  900
IntFeasTol  1e-09
MIPGap  1e-09

Academic license 2669763 - for non-commercial use only - registered to bg___@id.uff.br
Optimize a model with 9377 rows, 7653711 columns and 43253522 nonzeros (Min)
Model fingerprint: 0x5b8de1ac
Model has 6327720 linear objective coefficients
Variable types: 0 continuous, 7653711 integer (7645330 binary)
Coefficient statistics:
  Matrix range     [1e-02, 3e+02]
  Objective range  [1e-02, 1e+02]
  Bounds range     [1e+00, 1e+00]
  RHS range        [1e+00, 1e+09]

Loaded MIP start from previous solve with objective 275.124

Presolve removed 52 rows and 20749 columns (presolve time = 5s)...
Presolve removed 137 rows and 20834 columns (presolve time = 10s)...
Presolve removed 137 rows and 21691 columns (presolve time = 15s)...
Presolve removed 137 rows and 21779 columns (presolve time = 20s)...
Presolve removed 137 rows and 21779 columns (presolve time = 25s)...
Presolve removed 137 rows and 21779 columns (presolve time = 30s)...
Presolve removed 137 rows and 21779 columns (presolve time = 2366s)...
Presolve removed 137 rows and 21779 columns (presolve time = 2371s)...
Presolve removed 137 rows and 21779 columns (presolve time = 2377s)...
Presolve removed 137 rows and 21779 columns (presolve time = 2382s)...
Presolve removed 137 rows and 21779 columns (presolve time = 2387s)...
Presolve removed 137 rows and 21779 columns (presolve time = 2392s)...
Presolve removed 137 rows and 21779 columns (presolve time = 2398s)...
Presolve removed 137 rows and 21779 columns (presolve time = 2403s)...
Presolve removed 137 rows and 21779 columns (presolve time = 2408s)...
Presolve removed 137 rows and 21779 columns (presolve time = 2414s)...
Presolve removed 137 rows and 21779 columns (presolve time = 2419s)...
Presolve removed 137 rows and 21779 columns (presolve time = 2424s)...
Presolve removed 137 rows and 21779 columns (presolve time = 2430s)...
Presolve removed 137 rows and 21779 columns (presolve time = 2435s)...
Presolve removed 137 rows and 21779 columns (presolve time = 2440s)...
Presolve removed 137 rows and 21779 columns (presolve time = 2445s)...
Presolve removed 137 rows and 21779 columns (presolve time = 2451s)...
Presolve removed 137 rows and 21779 columns (presolve time = 2456s)...
Presolve removed 137 rows and 21779 columns (presolve time = 2461s)...
Presolve removed 137 rows and 21779 columns (presolve time = 2467s)...
Presolve removed 137 rows and 21779 columns (presolve time = 2472s)...
Presolve removed 137 rows and 21779 columns (presolve time = 2477s)...
Presolve removed 137 rows and 21779 columns (presolve time = 2482s)...
Presolve removed 137 rows and 21779 columns (presolve time = 2488s)...
Presolve removed 137 rows and 21779 columns (presolve time = 2493s)...
Presolve removed 137 rows and 21779 columns (presolve time = 2498s)...
Presolve removed 137 rows and 21779 columns (presolve time = 2504s)...
Presolve removed 137 rows and 21779 columns (presolve time = 2509s)...
Presolve removed 137 rows and 21779 columns (presolve time = 2514s)...
Presolve removed 137 rows and 21779 columns (presolve time = 2519s)...
Presolve removed 137 rows and 21779 columns (presolve time = 2525s)...
Presolve removed 137 rows and 21779 columns (presolve time = 2530s)...
Presolve removed 137 rows and 21779 columns (presolve time = 2535s)...
Presolve removed 137 rows and 21779 columns (presolve time = 2541s)...
Presolve removed 137 rows and 21779 columns (presolve time = 2546s)...
Presolve removed 137 rows and 21779 columns (presolve time = 2552s)...
Presolve removed 137 rows and 21779 columns (presolve time = 2557s)...
Presolve removed 137 rows and 21779 columns (presolve time = 2563s)...
Presolve removed 137 rows and 21779 columns (presolve time = 2568s)...
Presolve removed 137 rows and 21779 columns (presolve time = 2573s)...
Presolve removed 137 rows and 21779 columns (presolve time = 2578s)...
Presolve removed 137 rows and 21779 columns (presolve time = 2584s)...
Presolve removed 137 rows and 21779 columns (presolve time = 2589s)...
Presolve removed 137 rows and 21779 columns (presolve time = 2594s)...
Presolve removed 137 rows and 21779 columns (presolve time = 2600s)...
Presolve removed 137 rows and 21779 columns (presolve time = 2605s)...
Presolve removed 137 rows and 21779 columns (presolve time = 2610s)...
Presolve removed 137 rows and 21779 columns (presolve time = 2615s)...
Presolve removed 137 rows and 21779 columns (presolve time = 2621s)...
Presolve removed 137 rows and 21779 columns (presolve time = 2626s)...
Presolve removed 137 rows and 21779 columns (presolve time = 2631s)...
Presolve removed 137 rows and 21779 columns (presolve time = 2636s)...
Presolve removed 137 rows and 21779 columns (presolve time = 2642s)...
Presolve removed 137 rows and 21779 columns (presolve time = 2647s)...
Presolve removed 137 rows and 21779 columns
Presolve time: 2651.76s

Explored 0 nodes (0 simplex iterations) in 2652.25 seconds (51413.34 work units)
Thread count was 1 (of 28 available processors)

Solution count 1: 275.124 

Time limit reached
Best objective 2.751244250007e+02, best bound -, gap -
Discarded solution information
Set parameter Seed to value 1
Gurobi Optimizer version 13.0.1 build v13.0.1rc0 (linux64 - "CachyOS")

CPU model: Intel(R) Core(TM) i7-14700KF, instruction set [SSE2|AVX|AVX2]
Thread count: 28 physical cores, 28 logical processors, using up to 28 threads

Non-default parameters:
TimeLimit  900
IntFeasTol  1e-09
MIPGap  1e-09
Seed  1

Academic license 2669763 - for non-commercial use only - registered to bg___@id.uff.br
Optimize a model with 9377 rows, 7653711 columns and 43253522 nonzeros (Min)
Model fingerprint: 0x5b8de1ac
Model has 6327720 linear objective coefficients
Variable types: 0 continuous, 7653711 integer (7645330 binary)
Coefficient statistics:
  Matrix range     [1e-02, 3e+02]
  Objective range  [1e-02, 1e+02]
  Bounds range     [1e+00, 1e+00]
  RHS range        [1e+00, 1e+09]

Presolve removed 52 rows and 20749 columns (presolve time = 5s)...
Presolve removed 137 rows and 20834 columns (presolve time = 10s)...
Presolve removed 137 rows and 20929 columns (presolve time = 15s)...
Presolve removed 137 rows and 21779 columns (presolve time = 20s)...
Presolve removed 137 rows and 21779 columns (presolve time = 25s)...
Presolve removed 137 rows and 21779 columns (presolve time = 30s)...
Presolve removed 137 rows and 21779 columns (presolve time = 35s)...
Presolve removed 137 rows and 21779 columns (presolve time = 2246s)...
Presolve removed 137 rows and 21779 columns (presolve time = 2251s)...
Presolve removed 137 rows and 21779 columns (presolve time = 2256s)...
Presolve removed 137 rows and 21779 columns (presolve time = 2261s)...
Presolve removed 137 rows and 21779 columns (presolve time = 2267s)...
Presolve removed 137 rows and 21779 columns (presolve time = 2272s)...
Presolve removed 137 rows and 21779 columns (presolve time = 2277s)...
Presolve removed 137 rows and 21779 columns (presolve time = 2283s)...
Presolve removed 137 rows and 21779 columns (presolve time = 2288s)...
Presolve removed 137 rows and 21779 columns (presolve time = 2293s)...
Presolve removed 137 rows and 21779 columns (presolve time = 2299s)...
Presolve removed 137 rows and 21779 columns (presolve time = 2304s)...
Presolve removed 137 rows and 21779 columns (presolve time = 2309s)...
Presolve removed 137 rows and 21779 columns (presolve time = 2314s)...
Presolve removed 137 rows and 21779 columns (presolve time = 2320s)...
Presolve removed 137 rows and 21779 columns (presolve time = 2325s)...
Presolve removed 137 rows and 21779 columns (presolve time = 2330s)...
Presolve removed 137 rows and 21779 columns (presolve time = 2336s)...
Presolve removed 137 rows and 21779 columns (presolve time = 2341s)...
Presolve removed 137 rows and 21779 columns (presolve time = 2346s)...
Presolve removed 137 rows and 21779 columns (presolve time = 2351s)...
Presolve removed 137 rows and 21779 columns (presolve time = 2357s)...
Presolve removed 137 rows and 21779 columns (presolve time = 2362s)...
Presolve removed 137 rows and 21779 columns (presolve time = 2367s)...
Presolve removed 137 rows and 21779 columns (presolve time = 2373s)...
Presolve removed 137 rows and 21779 columns (presolve time = 2378s)...
Presolve removed 137 rows and 21779 columns (presolve time = 2383s)...
Presolve removed 137 rows and 21779 columns (presolve time = 2388s)...
Presolve removed 137 rows and 21779 columns (presolve time = 2394s)...
Presolve removed 137 rows and 21779 columns (presolve time = 2399s)...
Presolve removed 137 rows and 21779 columns (presolve time = 2404s)...
Presolve removed 137 rows and 21779 columns (presolve time = 2410s)...
Presolve removed 137 rows and 21779 columns (presolve time = 2415s)...
Presolve removed 137 rows and 21779 columns (presolve time = 2420s)...
Presolve removed 137 rows and 21779 columns (presolve time = 2431s)...
Presolve removed 137 rows and 21779 columns (presolve time = 2436s)...
Presolve removed 137 rows and 21779 columns (presolve time = 2441s)...
Presolve removed 137 rows and 21779 columns (presolve time = 2446s)...
Presolve removed 137 rows and 21779 columns (presolve time = 2452s)...
Presolve removed 137 rows and 21779 columns (presolve time = 2457s)...
Presolve removed 137 rows and 21779 columns (presolve time = 2462s)...
Presolve removed 137 rows and 21779 columns (presolve time = 2468s)...
Presolve removed 137 rows and 21779 columns (presolve time = 2473s)...
Presolve removed 137 rows and 21779 columns (presolve time = 2478s)...
Presolve removed 137 rows and 21779 columns (presolve time = 2483s)...
Presolve removed 137 rows and 21779 columns (presolve time = 2489s)...
Presolve removed 137 rows and 21779 columns (presolve time = 2494s)...
Presolve removed 137 rows and 21779 columns (presolve time = 2499s)...
Presolve removed 137 rows and 21779 columns (presolve time = 2505s)...
Presolve removed 137 rows and 21779 columns (presolve time = 2510s)...
Presolve removed 137 rows and 21779 columns (presolve time = 2515s)...
Presolve removed 137 rows and 21779 columns (presolve time = 2520s)...
Presolve removed 137 rows and 21779 columns (presolve time = 2526s)...
Presolve removed 137 rows and 21779 columns (presolve time = 2531s)...
Presolve removed 137 rows and 21779 columns (presolve time = 2536s)...
Presolve removed 137 rows and 21779 columns (presolve time = 2541s)...
Presolve removed 137 rows and 21779 columns (presolve time = 2547s)...
Presolve removed 137 rows and 21779 columns (presolve time = 2552s)...
Presolve removed 137 rows and 21779 columns (presolve time = 2557s)...
Presolve removed 137 rows and 21779 columns (presolve time = 2563s)...
Presolve removed 137 rows and 21779 columns (presolve time = 2568s)...
Presolve removed 137 rows and 21779 columns (presolve time = 2573s)...
Presolve removed 137 rows and 21779 columns (presolve time = 2578s)...
Presolve removed 137 rows and 21779 columns (presolve time = 2584s)...
Presolve removed 137 rows and 21779 columns (presolve time = 2589s)...
Presolve removed 137 rows and 21779 columns (presolve time = 2594s)...
Presolve removed 137 rows and 21779 columns (presolve time = 2599s)...
Presolve removed 137 rows and 21779 columns (presolve time = 2605s)...
Presolve removed 137 rows and 21779 columns (presolve time = 2609s)...
Presolve removed 137 rows and 21779 columns
Presolve time: 2608.88s

Explored 0 nodes (0 simplex iterations) in 2611.79 seconds (51418.66 work units)
Thread count was 1 (of 28 available processors)

Solution count 0

Time limit reached
Best objective -, best bound -, gap -
Discarded solution information
Set parameter Seed to value 2
Gurobi Optimizer version 13.0.1 build v13.0.1rc0 (linux64 - "CachyOS")

CPU model: Intel(R) Core(TM) i7-14700KF, instruction set [SSE2|AVX|AVX2]
Thread count: 28 physical cores, 28 logical processors, using up to 28 threads

Non-default parameters:
TimeLimit  900
IntFeasTol  1e-09
MIPGap  1e-09
Seed  2

Academic license 2669763 - for non-commercial use only - registered to bg___@id.uff.br
Optimize a model with 9377 rows, 7653711 columns and 43253522 nonzeros (Min)
Model fingerprint: 0x5b8de1ac
Model has 6327720 linear objective coefficients
Variable types: 0 continuous, 7653711 integer (7645330 binary)
Coefficient statistics:
  Matrix range     [1e-02, 3e+02]
  Objective range  [1e-02, 1e+02]
  Bounds range     [1e+00, 1e+00]
  RHS range        [1e+00, 1e+09]

Presolve removed 52 rows and 20749 columns (presolve time = 6s)...
Presolve removed 137 rows and 20834 columns (presolve time = 10s)...
Presolve removed 137 rows and 21691 columns (presolve time = 15s)...
Presolve removed 137 rows and 21779 columns (presolve time = 20s)...
Presolve removed 137 rows and 21779 columns (presolve time = 25s)...
Presolve removed 137 rows and 21779 columns (presolve time = 30s)...
Presolve removed 137 rows and 21779 columns (presolve time = 35s)...
Presolve removed 137 rows and 21779 columns (presolve time = 2664s)...
Presolve removed 137 rows and 21779 columns (presolve time = 2669s)...
Presolve removed 137 rows and 21779 columns (presolve time = 2675s)...
Presolve removed 137 rows and 21779 columns (presolve time = 2680s)...
Presolve removed 137 rows and 21779 columns (presolve time = 2685s)...
Presolve removed 137 rows and 21779 columns (presolve time = 2690s)...
Presolve removed 137 rows and 21779 columns (presolve time = 2696s)...
Presolve removed 137 rows and 21779 columns (presolve time = 2701s)...
Presolve removed 137 rows and 21779 columns (presolve time = 2706s)...
Presolve removed 137 rows and 21779 columns (presolve time = 2711s)...
Presolve removed 137 rows and 21779 columns (presolve time = 2717s)...
Presolve removed 137 rows and 21779 columns (presolve time = 2722s)...
Presolve removed 137 rows and 21779 columns (presolve time = 2727s)...
Presolve removed 137 rows and 21779 columns (presolve time = 2733s)...
Presolve removed 137 rows and 21779 columns (presolve time = 2738s)...
Presolve removed 137 rows and 21779 columns (presolve time = 2743s)...
Presolve removed 137 rows and 21779 columns (presolve time = 2748s)...
Presolve removed 137 rows and 21779 columns (presolve time = 2754s)...
Presolve removed 137 rows and 21779 columns (presolve time = 2759s)...
Presolve removed 137 rows and 21779 columns (presolve time = 2764s)...
Presolve removed 137 rows and 21779 columns (presolve time = 2769s)...
Presolve removed 137 rows and 21779 columns (presolve time = 2775s)...
Presolve removed 137 rows and 21779 columns (presolve time = 2780s)...
Presolve removed 137 rows and 21779 columns (presolve time = 2785s)...
Presolve removed 137 rows and 21779 columns (presolve time = 2790s)...
Presolve removed 137 rows and 21779 columns (presolve time = 2796s)...
Presolve removed 137 rows and 21779 columns (presolve time = 2801s)...
Presolve removed 137 rows and 21779 columns (presolve time = 2806s)...
Presolve removed 137 rows and 21779 columns (presolve time = 2812s)...
Presolve removed 137 rows and 21779 columns (presolve time = 2817s)...
Presolve removed 137 rows and 21779 columns (presolve time = 2822s)...
Presolve removed 137 rows and 21779 columns
Presolve time: 2824.03s

Explored 0 nodes (0 simplex iterations) in 2826.71 seconds (51418.69 work units)
Thread count was 1 (of 28 available processors)

Solution count 0

Time limit reached
Best objective -, best bound -, gap -
Discarded solution information
Set parameter Seed to value 3
Gurobi Optimizer version 13.0.1 build v13.0.1rc0 (linux64 - "CachyOS")

CPU model: Intel(R) Core(TM) i7-14700KF, instruction set [SSE2|AVX|AVX2]
Thread count: 28 physical cores, 28 logical processors, using up to 28 threads

Non-default parameters:
TimeLimit  900
IntFeasTol  1e-09
MIPGap  1e-09
Seed  3

Academic license 2669763 - for non-commercial use only - registered to bg___@id.uff.br
Optimize a model with 9377 rows, 7653711 columns and 43253522 nonzeros (Min)
Model fingerprint: 0x5b8de1ac
Model has 6327720 linear objective coefficients
Variable types: 0 continuous, 7653711 integer (7645330 binary)
Coefficient statistics:
  Matrix range     [1e-02, 3e+02]
  Objective range  [1e-02, 1e+02]
  Bounds range     [1e+00, 1e+00]
  RHS range        [1e+00, 1e+09]

Presolve removed 52 rows and 20749 columns (presolve time = 5s)...
Presolve removed 137 rows and 20834 columns (presolve time = 10s)...
Presolve removed 137 rows and 21691 columns (presolve time = 15s)...
Presolve removed 137 rows and 21779 columns (presolve time = 20s)...
Presolve removed 137 rows and 21779 columns (presolve time = 25s)...
Presolve removed 137 rows and 21779 columns (presolve time = 30s)...
Presolve removed 137 rows and 21779 columns (presolve time = 35s)...
Presolve removed 137 rows and 21779 columns (presolve time = 2465s)...
Presolve removed 137 rows and 21779 columns (presolve time = 2470s)...
Presolve removed 137 rows and 21779 columns (presolve time = 2475s)...
Presolve removed 137 rows and 21779 columns (presolve time = 2481s)...
Presolve removed 137 rows and 21779 columns (presolve time = 2486s)...
Presolve removed 137 rows and 21779 columns (presolve time = 2491s)...
Presolve removed 137 rows and 21779 columns (presolve time = 2496s)...
Presolve removed 137 rows and 21779 columns (presolve time = 2502s)...
Presolve removed 137 rows and 21779 columns (presolve time = 2507s)...
Presolve removed 137 rows and 21779 columns (presolve time = 2512s)...
Presolve removed 137 rows and 21779 columns (presolve time = 2517s)...
Presolve removed 137 rows and 21779 columns (presolve time = 2523s)...
Presolve removed 137 rows and 21779 columns (presolve time = 2528s)...
Presolve removed 137 rows and 21779 columns (presolve time = 2536s)...
Presolve removed 137 rows and 21779 columns (presolve time = 2542s)...
Presolve removed 137 rows and 21779 columns (presolve time = 2547s)...
Presolve removed 137 rows and 21779 columns (presolve time = 2552s)...
Presolve removed 137 rows and 21779 columns (presolve time = 2557s)...
Presolve removed 137 rows and 21779 columns (presolve time = 2563s)...
Presolve removed 137 rows and 21779 columns (presolve time = 2568s)...
Presolve removed 137 rows and 21779 columns (presolve time = 2573s)...
Presolve removed 137 rows and 21779 columns (presolve time = 2579s)...
Presolve removed 137 rows and 21779 columns (presolve time = 2584s)...
Presolve removed 137 rows and 21779 columns (presolve time = 2589s)...
Presolve removed 137 rows and 21779 columns (presolve time = 2594s)...
Presolve removed 137 rows and 21779 columns (presolve time = 2600s)...
Presolve removed 137 rows and 21779 columns (presolve time = 2605s)...
Presolve removed 137 rows and 21779 columns (presolve time = 2610s)...
Presolve removed 137 rows and 21779 columns (presolve time = 2615s)...
Presolve removed 137 rows and 21779 columns (presolve time = 2621s)...
Presolve removed 137 rows and 21779 columns (presolve time = 2626s)...
Presolve removed 137 rows and 21779 columns (presolve time = 2631s)...
Presolve removed 137 rows and 21779 columns (presolve time = 2637s)...
Presolve removed 137 rows and 21779 columns (presolve time = 2642s)...
Presolve removed 137 rows and 21779 columns (presolve time = 2647s)...
Presolve removed 137 rows and 21779 columns (presolve time = 2652s)...
Presolve removed 137 rows and 21779 columns (presolve time = 2658s)...
Presolve removed 137 rows and 21779 columns (presolve time = 2663s)...
Presolve removed 137 rows and 21779 columns (presolve time = 2668s)...
Presolve removed 137 rows and 21779 columns (presolve time = 2673s)...
Presolve removed 137 rows and 21779 columns (presolve time = 2679s)...
Presolve removed 137 rows and 21779 columns (presolve time = 2684s)...
Presolve removed 137 rows and 21779 columns (presolve time = 2689s)...
Presolve removed 137 rows and 21779 columns (presolve time = 2695s)...
Presolve removed 137 rows and 21779 columns (presolve time = 2700s)...
Presolve removed 137 rows and 21779 columns (presolve time = 2705s)...
Presolve removed 137 rows and 21779 columns (presolve time = 2710s)...
Presolve removed 137 rows and 21779 columns (presolve time = 2716s)...
Presolve removed 137 rows and 21779 columns (presolve time = 2721s)...
Presolve removed 137 rows and 21779 columns (presolve time = 2726s)...
Presolve removed 137 rows and 21779 columns (presolve time = 2731s)...
Presolve removed 137 rows and 21779 columns (presolve time = 2737s)...
Presolve removed 137 rows and 21779 columns (presolve time = 2742s)...
Presolve removed 137 rows and 21779 columns (presolve time = 2747s)...
Presolve removed 137 rows and 21779 columns (presolve time = 2752s)...
Presolve removed 137 rows and 21779 columns (presolve time = 2758s)...
Presolve removed 137 rows and 21779 columns
Presolve time: 2758.77s

Explored 0 nodes (0 simplex iterations) in 2761.53 seconds (51418.69 work units)
Thread count was 1 (of 28 available processors)

Solution count 0

Time limit reached
Best objective -, best bound -, gap -
Discarded solution information
Set parameter Seed to value 4
Gurobi Optimizer version 13.0.1 build v13.0.1rc0 (linux64 - "CachyOS")

CPU model: Intel(R) Core(TM) i7-14700KF, instruction set [SSE2|AVX|AVX2]
Thread count: 28 physical cores, 28 logical processors, using up to 28 threads

Non-default parameters:
TimeLimit  900
IntFeasTol  1e-09
MIPGap  1e-09
Seed  4

Academic license 2669763 - for non-commercial use only - registered to bg___@id.uff.br
Optimize a model with 9377 rows, 7653711 columns and 43253522 nonzeros (Min)
Model fingerprint: 0x5b8de1ac
Model has 6327720 linear objective coefficients
Variable types: 0 continuous, 7653711 integer (7645330 binary)
Coefficient statistics:
  Matrix range     [1e-02, 3e+02]
  Objective range  [1e-02, 1e+02]
  Bounds range     [1e+00, 1e+00]
  RHS range        [1e+00, 1e+09]

Presolve removed 52 rows and 20749 columns (presolve time = 5s)...
Presolve removed 137 rows and 20834 columns (presolve time = 10s)...
Presolve removed 137 rows and 21691 columns (presolve time = 15s)...
Presolve removed 137 rows and 21779 columns (presolve time = 20s)...
Presolve removed 137 rows and 21779 columns (presolve time = 25s)...
Presolve removed 137 rows and 21779 columns (presolve time = 30s)...
Presolve removed 137 rows and 21779 columns (presolve time = 35s)...
Presolve removed 137 rows and 21779 columns (presolve time = 2318s)...
Presolve removed 137 rows and 21779 columns (presolve time = 2323s)...
Presolve removed 137 rows and 21779 columns (presolve time = 2329s)...
Presolve removed 137 rows and 21779 columns (presolve time = 2334s)...
Presolve removed 137 rows and 21779 columns (presolve time = 2339s)...
Presolve removed 137 rows and 21779 columns (presolve time = 2344s)...
Presolve removed 137 rows and 21779 columns (presolve time = 2350s)...
Presolve removed 137 rows and 21779 columns (presolve time = 2355s)...
Presolve removed 137 rows and 21779 columns (presolve time = 2360s)...
Presolve removed 137 rows and 21779 columns (presolve time = 2366s)...
Presolve removed 137 rows and 21779 columns (presolve time = 2371s)...
Presolve removed 137 rows and 21779 columns (presolve time = 2376s)...
Presolve removed 137 rows and 21779 columns (presolve time = 2381s)...
Presolve removed 137 rows and 21779 columns (presolve time = 2387s)...
Presolve removed 137 rows and 21779 columns (presolve time = 2392s)...
Presolve removed 137 rows and 21779 columns (presolve time = 2397s)...
Presolve removed 137 rows and 21779 columns (presolve time = 2403s)...
Presolve removed 137 rows and 21779 columns (presolve time = 2408s)...
Presolve removed 137 rows and 21779 columns (presolve time = 2413s)...
Presolve removed 137 rows and 21779 columns (presolve time = 2418s)...
Presolve removed 137 rows and 21779 columns (presolve time = 2424s)...
Presolve removed 137 rows and 21779 columns (presolve time = 2429s)...
Presolve removed 137 rows and 21779 columns (presolve time = 2434s)...
Presolve removed 137 rows and 21779 columns (presolve time = 2440s)...
Presolve removed 137 rows and 21779 columns (presolve time = 2445s)...
Presolve removed 137 rows and 21779 columns (presolve time = 2450s)...
Presolve removed 137 rows and 21779 columns (presolve time = 2455s)...
Presolve removed 137 rows and 21779 columns (presolve time = 2461s)...
Presolve removed 137 rows and 21779 columns (presolve time = 2466s)...
Presolve removed 137 rows and 21779 columns (presolve time = 2471s)...
Presolve removed 137 rows and 21779 columns (presolve time = 2477s)...
Presolve removed 137 rows and 21779 columns (presolve time = 2482s)...
Presolve removed 137 rows and 21779 columns (presolve time = 2487s)...
Presolve removed 137 rows and 21779 columns (presolve time = 2492s)...
Presolve removed 137 rows and 21779 columns (presolve time = 2498s)...
Presolve removed 137 rows and 21779 columns (presolve time = 2503s)...
Presolve removed 137 rows and 21779 columns (presolve time = 2508s)...
Presolve removed 137 rows and 21779 columns (presolve time = 2514s)...
Presolve removed 137 rows and 21779 columns (presolve time = 2519s)...
Presolve removed 137 rows and 21779 columns (presolve time = 2524s)...
Presolve removed 137 rows and 21779 columns (presolve time = 2529s)...
Presolve removed 137 rows and 21779 columns (presolve time = 2535s)...
Presolve removed 137 rows and 21779 columns (presolve time = 2546s)...
Presolve removed 137 rows and 21779 columns (presolve time = 2551s)...
Presolve removed 137 rows and 21779 columns (presolve time = 2556s)...
Presolve removed 137 rows and 21779 columns (presolve time = 2561s)...
Presolve removed 137 rows and 21779 columns (presolve time = 2567s)...
Presolve removed 137 rows and 21779 columns (presolve time = 2572s)...
Presolve removed 137 rows and 21779 columns (presolve time = 2577s)...
Presolve removed 137 rows and 21779 columns (presolve time = 2583s)...
Presolve removed 137 rows and 21779 columns (presolve time = 2588s)...
Presolve removed 137 rows and 21779 columns (presolve time = 2593s)...
Presolve removed 137 rows and 21779 columns (presolve time = 2598s)...
Presolve removed 137 rows and 21779 columns (presolve time = 2604s)...
Presolve removed 137 rows and 21779 columns (presolve time = 2609s)...
Presolve removed 137 rows and 21779 columns
Presolve time: 2609.96s

Explored 0 nodes (0 simplex iterations) in 2612.97 seconds (51418.69 work units)
Thread count was 1 (of 28 available processors)

Solution count 0

Time limit reached
Best objective -, best bound -, gap -
pareto-map: box [11367.0400,11563.0400] (f2, f2<=275.2)  → INCONCLUSIVE (status=feasible), dropped
pareto-map: 112 points, 249 total solves, 6 unresolved, 107 box(es) still open
pareto-map: WARNING — search budget exhausted (249 solves, 16589.5s, 6 box(es) dropped as inconclusive); returning a PARTIAL map (112 points found, 107 gap(s) still open and unexplored). Every returned point is individually exact, but the map is incomplete.

map_pareto_frontier session DONE in 16590.2s -> 112 points (check the log above for 'gap(s) still open' to see if this is complete)
  f1=11151.0400 f2=361.963
  f1=11154.0400 f2=360.291
  f1=11156.0400 f2=359.211
  f1=11158.0400 f2=358.142
  f1=11160.0400 f2=357.09
  f1=11162.0400 f2=356.046
  f1=11164.0400 f2=355.011
  f1=11168.0400 f2=352.96
  f1=11179.0400 f2=348.397
  f1=11184.0400 f2=346.336
  f1=11189.0400 f2=344.319
  f1=11192.0400 f2=343.1
  f1=11195.0400 f2=341.945
  f1=11198.0400 f2=340.796
  f1=11201.0400 f2=339.713
  f1=11204.0400 f2=338.622
  f1=11207.0400 f2=337.539
  f1=11213.0400 f2=335.493
  f1=11217.0400 f2=334.071
  f1=11220.0400 f2=333.077
  f1=11224.0400 f2=331.667
  f1=11226.0400 f2=331.002
  f1=11230.0400 f2=329.69
  f1=11233.0400 f2=328.836
  f1=11238.0400 f2=327.135
  f1=11242.0400 f2=325.872
  f1=11246.0400 f2=324.617
  f1=11253.0400 f2=322.584
  f1=11257.0400 f2=321.351
  f1=11260.0400 f2=320.296
  f1=11267.0400 f2=318.292
  f1=11271.0400 f2=317.079
  f1=11275.0400 f2=315.92
  f1=11280.0400 f2=314.57
  f1=11283.0400 f2=313.681
  f1=11287.0400 f2=312.566
  f1=11291.0400 f2=311.48
  f1=11298.0400 f2=309.628
  f1=11303.0400 f2=308.321
  f1=11307.0400 f2=307.27
  f1=11311.0400 f2=306.232
  f1=11315.0400 f2=305.203
  f1=11320.0400 f2=303.921
  f1=11324.0400 f2=302.906
  f1=11332.0400 f2=300.891
  f1=11337.0400 f2=299.634
  f1=11341.0400 f2=298.647
  f1=11349.0400 f2=296.668
  f1=11354.0400 f2=295.485
  f1=11359.0400 f2=294.321
  f1=11367.0400 f2=292.47
  f1=11563.0400 f2=257.849
  f1=11843.0400 f2=223.426
  f1=12081.0400 f2=203.824
  f1=12319.0400 f2=185.901
  f1=12586.0400 f2=166.546
  f1=12853.0400 f2=148.508
  f1=12884.0400 f2=146.456
  f1=12900.0400 f2=145.402
  f1=12916.0400 f2=144.344
  f1=12947.0400 f2=142.303
  f1=12963.0400 f2=141.256
  f1=12979.0400 f2=140.207
  f1=13010.0400 f2=138.177
  f1=13026.0400 f2=137.129
  f1=13042.0400 f2=136.084
  f1=13058.0400 f2=135.032
  f1=13074.0400 f2=133.999
  f1=13105.0400 f2=131.982
  f1=13136.0400 f2=129.976
  f1=13152.0400 f2=128.95
  f1=13168.0400 f2=127.91
  f1=13199.0400 f2=125.918
  f1=13215.0400 f2=124.892
  f1=13231.0400 f2=123.876
  f1=13246.0400 f2=122.907
  f1=13262.0400 f2=121.891
  f1=13278.0400 f2=120.879
  f1=13294.0400 f2=119.849
  f1=13310.0400 f2=118.842
  f1=13326.0400 f2=117.841
  f1=13342.0400 f2=116.81
  f1=13358.0400 f2=115.813
  f1=13373.0400 f2=114.874
  f1=13389.0400 f2=113.868
  f1=13405.0400 f2=112.855
  f1=13421.0400 f2=111.869
  f1=13436.0400 f2=110.933
  f1=13452.0400 f2=109.935
  f1=13468.0400 f2=108.93
  f1=13484.0400 f2=107.951
  f1=13499.0400 f2=107.03
  f1=13515.0400 f2=106.031
  f1=13531.0400 f2=105.038
  f1=13547.0400 f2=104.06
  f1=13563.0400 f2=103.069
  f1=13579.0400 f2=102.08
  f1=13595.0400 f2=101.108
  f1=13611.0400 f2=100.127
  f1=13626.0400 f2=99.2138
  f1=13642.0400 f2=98.2317
  f1=13658.0400 f2=97.2649
  f1=13674.0400 f2=96.2876
  f1=13705.0400 f2=94.4032
  f1=13721.0400 f2=93.4429
  f1=13737.0400 f2=92.4855
  f1=13800.0400 f2=88.6983
  f1=13816.0400 f2=87.7407
  f1=13832.0400 f2=86.8023
  f1=13848.0400 f2=85.8673
  f1=13864.0400 f2=84.9355
  f1=16577.0400 f2=0
